--------- beginning of crash
E/AndroidRuntime(29667): FATAL EXCEPTION: FencingAgentService_workThread_0
E/AndroidRuntime(29667): Process: io.cordova.hellocordova, PID: 29667
E/AndroidRuntime(29667): java.lang.NullPointerException: Attempt to invoke virtual method 'java.lang.String com.google.gson.JsonElement.getAsString()' on a null object reference
E/AndroidRuntime(29667): 	at net.geofrenzy.android.sdk.agent.fdn.RestFDNService.roiQuery(RestFDNService.java:158)
E/AndroidRuntime(29667): 	at net.geofrenzy.android.sdk.agent.statetracker.CheckForNewFencesTask.getNewSnapshot(CheckForNewFencesTask.java:84)
E/AndroidRuntime(29667): 	at net.geofrenzy.android.sdk.agent.statetracker.FencingAgentStateTracker.refreshFences(FencingAgentStateTracker.java:232)
E/AndroidRuntime(29667): 	at net.geofrenzy.android.sdk.agent.statetracker.FencingAgentStateTracker.access$800(FencingAgentStateTracker.java:46)
E/AndroidRuntime(29667): 	at net.geofrenzy.android.sdk.agent.statetracker.FencingAgentStateTracker$5.run(FencingAgentStateTracker.java:170)
E/AndroidRuntime(29667): 	at android.os.Handler.handleCallback(Handler.java:739)
E/AndroidRuntime(29667): 	at android.os.Handler.dispatchMessage(Handler.java:95)
E/AndroidRuntime(29667): 	at android.os.Looper.loop(Looper.java:135)
E/AndroidRuntime(29667): 	at android.os.HandlerThread.run(HandlerThread.java:61)
--------- beginning of system
D/ConnectivityService(  823): updateNetworkScore for NetworkAgentInfo [WIFI () - 193] to 56
D/ConnectivityService(  823): rematching NetworkAgentInfo [WIFI () - 193]
D/ConnectivityService(  823): Network NetworkAgentInfo [WIFI () - 193] was already satisfying request 1. No change.
D/ConnectivityService(  823): notifyType AVAILABLE for NetworkAgentInfo [WIFI () - 193]
D/ConnectivityService(  823): updateNetworkScore for NetworkAgentInfo [WIFI () - 193] to 60
D/ConnectivityService(  823): rematching NetworkAgentInfo [WIFI () - 193]
D/ConnectivityService(  823): Network NetworkAgentInfo [WIFI () - 193] was already satisfying request 1. No change.
D/ConnectivityService(  823): notifyType AVAILABLE for NetworkAgentInfo [WIFI () - 193]
I/SFPerfTracer(  236):      triggers: (rate: 3662:181579) (compose: 0:337) (post: 0:4496) (render: 0:943) (0:946167 frames) (1:1161615)
D/SFPerfTracer(  236):        layers: (3:19) (FocusedStackFrame (0xb8b328e0): 0:4806)* (DimLayer (0xb8b344a0): 0:541)* (DimLayer (0xb8b1a240): 0:10)* (DimLayer (0xb8b1ce40): 0:5992)* (DimLayer (0xb8b1f8a8): 0:941)* (StatusBar (0xb8aa4830): 0:101408) (com.android.systemui.ImageWallpaper (0xb8b2b5e8): 0:4847)* (Sprite (0xb8b430f0): 0:82748)* (Sprite (0xb8a97c28): 0:43318)* (Sprite (0xb8b65cf0): 0:67526)* (Sprite (0xb8b69508): 0:56429)* (Sprite (0xb8b51f58): 0:12555)* (Sprite (0xb8b5a150): 0:8898)* (Sprite (0xb8b720c8): 0:12137)* (Sprite (0xb8b7a7f0): 0:29)* (Sprite (0xb8b83230): 0:7163)* (Sprite (0xb8b85c40): 0:4382)* (NavigationBar (0xb8b67350): 0:120) (io.cordova.hellocordova/io.cordova.hellocordova.MainActivity (0xb8b58ea8): 0:193) 
V/AlarmManager(  823): sending alarm {269cdebb type 3 *alarm*:android.intent.action.TIME_TICK}
V/AlarmManager(  823): done {269cdebb, *alarm*:android.intent.action.TIME_TICK} [47ms]
V/AlarmManager(  823): sending alarm {54d66bc type 3 *alarm*:com.google.android.gms/.lockbox.LockboxAlarmReceiver}
V/AlarmManager(  823): done {54d66bc, *alarm*:com.google.android.gms/.lockbox.LockboxAlarmReceiver} [6ms]
D/ConnectivityService(  823): updateNetworkScore for NetworkAgentInfo [WIFI () - 193] to 56
D/ConnectivityService(  823): rematching NetworkAgentInfo [WIFI () - 193]
D/ConnectivityService(  823): Network NetworkAgentInfo [WIFI () - 193] was already satisfying request 1. No change.
D/ConnectivityService(  823): notifyType AVAILABLE for NetworkAgentInfo [WIFI () - 193]
D/ConnectivityService(  823): updateNetworkScore for NetworkAgentInfo [WIFI () - 193] to 60
D/ConnectivityService(  823): rematching NetworkAgentInfo [WIFI () - 193]
D/ConnectivityService(  823): Network NetworkAgentInfo [WIFI () - 193] was already satisfying request 1. No change.
D/ConnectivityService(  823): notifyType AVAILABLE for NetworkAgentInfo [WIFI () - 193]
V/AlarmManager(  823): sending alarm {39e1acf7 type 2 *walarm*:com.android.server.task.controllers.BatteryController.ACTION_CHARGING_STABLE}
V/AlarmManager(  823): done {39e1acf7, *walarm*:com.android.server.task.controllers.BatteryController.ACTION_CHARGING_STABLE} [17ms]
I/SFPerfTracer(  236):      triggers: (rate: 3662:181582) (compose: 0:337) (post: 0:4496) (render: 0:943) (0:946169 frames) (1:1161715)
D/SFPerfTracer(  236):        layers: (3:19) (FocusedStackFrame (0xb8b328e0): 0:4806)* (DimLayer (0xb8b344a0): 0:541)* (DimLayer (0xb8b1a240): 0:10)* (DimLayer (0xb8b1ce40): 0:5992)* (DimLayer (0xb8b1f8a8): 0:941)* (StatusBar (0xb8aa4830): 0:101458) (com.android.systemui.ImageWallpaper (0xb8b2b5e8): 0:4847)* (Sprite (0xb8b430f0): 0:82748)* (Sprite (0xb8a97c28): 0:43318)* (Sprite (0xb8b65cf0): 0:67526)* (Sprite (0xb8b69508): 0:56429)* (Sprite (0xb8b51f58): 0:12555)* (Sprite (0xb8b5a150): 0:8898)* (Sprite (0xb8b720c8): 0:12137)* (Sprite (0xb8b7a7f0): 0:29)* (Sprite (0xb8b83230): 0:7163)* (Sprite (0xb8b85c40): 0:4382)* (NavigationBar (0xb8b67350): 0:120) (io.cordova.hellocordova/io.cordova.hellocordova.MainActivity (0xb8b58ea8): 0:193) 
D/ConnectivityService(  823): updateNetworkScore for NetworkAgentInfo [WIFI () - 193] to 56
D/ConnectivityService(  823): rematching NetworkAgentInfo [WIFI () - 193]
D/ConnectivityService(  823): Network NetworkAgentInfo [WIFI () - 193] was already satisfying request 1. No change.
D/ConnectivityService(  823): notifyType AVAILABLE for NetworkAgentInfo [WIFI () - 193]
I/SFPerfTracer(  236):      triggers: (rate: 0:1330) (255646 sw vsyncs) (0 skipped) (0:1993173 vsyncs) (2:2365426)
D/ConnectivityService(  823): updateNetworkScore for NetworkAgentInfo [WIFI () - 193] to 60
D/ConnectivityService(  823): rematching NetworkAgentInfo [WIFI () - 193]
D/ConnectivityService(  823): Network NetworkAgentInfo [WIFI () - 193] was already satisfying request 1. No change.
D/ConnectivityService(  823): notifyType AVAILABLE for NetworkAgentInfo [WIFI () - 193]
V/AlarmManager(  823): sending alarm {269cdebb type 3 *alarm*:android.intent.action.TIME_TICK}
V/AlarmManager(  823): done {269cdebb, *alarm*:android.intent.action.TIME_TICK} [50ms]
I/SFPerfTracer(  236):      triggers: (rate: 3662:181584) (compose: 0:337) (post: 0:4496) (render: 0:943) (0:946196 frames) (1:1161815)
D/SFPerfTracer(  236):        layers: (4:20) (FocusedStackFrame (0xb8b328e0): 0:4806)* (DimLayer (0xb8b344a0): 0:541)* (DimLayer (0xb8b1a240): 0:10)* (DimLayer (0xb8b1ce40): 0:5992)* (DimLayer (0xb8b1f8a8): 0:941)* (StatusBar (0xb8aa4830): 0:101487) (com.android.systemui.ImageWallpaper (0xb8b2b5e8): 0:4847)* (Sprite (0xb8b430f0): 0:82748)* (Sprite (0xb8a97c28): 0:43318)* (Sprite (0xb8b65cf0): 0:67539)* (Sprite (0xb8b69508): 0:56429)* (Sprite (0xb8b51f58): 0:12555)* (Sprite (0xb8b5a150): 0:8898)* (Sprite (0xb8b720c8): 0:12137)* (Sprite (0xb8b7a7f0): 0:29)* (Sprite (0xb8b83230): 0:7163)* (Sprite (0xb8b85c40): 0:4382)* (NavigationBar (0xb8b67350): 0:121) (io.cordova.hellocordova/io.cordova.hellocordova.MainActivity (0xb8b58ea8): 1:208) (InputMethod (0xb8b76208): 0:17) 
V/AlarmManager(  823): sending alarm {54d66bc type 3 *alarm*:com.google.android.gms/.lockbox.LockboxAlarmReceiver}
V/AlarmManager(  823): done {54d66bc, *alarm*:com.google.android.gms/.lockbox.LockboxAlarmReceiver} [8ms]
I/SFPerfTracer(  236):      triggers: (rate: 0:1330) (255646 sw vsyncs) (0 skipped) (2:1993225 vsyncs) (4:2365529)
V/AlarmManager(  823): sending alarm {1cc6a0f6 type 2 *walarm*:com.motorola.slpc.ALARM_MODALITY}
V/AlarmManager(  823): done {1cc6a0f6, *walarm*:com.motorola.slpc.ALARM_MODALITY} [6ms]
I/SFPerfTracer(  236):      triggers: (rate: 0:1330) (255646 sw vsyncs) (0 skipped) (2:1993273 vsyncs) (4:2365630)
I/SFPerfTracer(  236):      triggers: (rate: 3662:181587) (compose: 0:337) (post: 0:4496) (render: 0:943) (0:946203 frames) (1:1161915)
D/SFPerfTracer(  236):        layers: (4:20) (FocusedStackFrame (0xb8b328e0): 0:4806)* (DimLayer (0xb8b344a0): 0:541)* (DimLayer (0xb8b1a240): 0:10)* (DimLayer (0xb8b1ce40): 0:5992)* (DimLayer (0xb8b1f8a8): 0:941)* (StatusBar (0xb8aa4830): 0:101501) (com.android.systemui.ImageWallpaper (0xb8b2b5e8): 0:4847)* (Sprite (0xb8b430f0): 0:82748)* (Sprite (0xb8a97c28): 0:43318)* (Sprite (0xb8b65cf0): 0:67539)* (Sprite (0xb8b69508): 0:56429)* (Sprite (0xb8b51f58): 0:12555)* (Sprite (0xb8b5a150): 0:8898)* (Sprite (0xb8b720c8): 0:12137)* (Sprite (0xb8b7a7f0): 0:29)* (Sprite (0xb8b83230): 0:7163)* (Sprite (0xb8b85c40): 0:4382)* (NavigationBar (0xb8b67350): 0:121) (io.cordova.hellocordova/io.cordova.hellocordova.MainActivity (0xb8b58ea8): 1:246) (InputMethod (0xb8b76208): 0:17) 
V/AlarmManager(  823): sending alarm {cc5a20a type 2 *walarm*:android.content.syncmanager.SYNC_ALARM}
V/AlarmManager(  823): done {cc5a20a, *walarm*:android.content.syncmanager.SYNC_ALARM} [11ms]
I/SFPerfTracer(  236):      triggers: (rate: 0:1330) (255646 sw vsyncs) (0 skipped) (2:1993320 vsyncs) (4:2365732)
I/SFPerfTracer(  236):      triggers: (rate: 0:1330) (255646 sw vsyncs) (0 skipped) (2:1993366 vsyncs) (4:2365836)
I/SFPerfTracer(  236):      triggers: (rate: 3662:181588) (compose: 0:337) (post: 0:4496) (render: 0:943) (0:946208 frames) (1:1162015)
D/SFPerfTracer(  236):        layers: (4:20) (FocusedStackFrame (0xb8b328e0): 0:4806)* (DimLayer (0xb8b344a0): 0:541)* (DimLayer (0xb8b1a240): 0:10)* (DimLayer (0xb8b1ce40): 0:5992)* (DimLayer (0xb8b1f8a8): 0:941)* (StatusBar (0xb8aa4830): 0:101520) (com.android.systemui.ImageWallpaper (0xb8b2b5e8): 0:4847)* (Sprite (0xb8b430f0): 0:82748)* (Sprite (0xb8a97c28): 0:43318)* (Sprite (0xb8b65cf0): 0:67539)* (Sprite (0xb8b69508): 0:56429)* (Sprite (0xb8b51f58): 0:12555)* (Sprite (0xb8b5a150): 0:8898)* (Sprite (0xb8b720c8): 0:12137)* (Sprite (0xb8b7a7f0): 0:29)* (Sprite (0xb8b83230): 0:7163)* (Sprite (0xb8b85c40): 0:4382)* (NavigationBar (0xb8b67350): 0:121) (io.cordova.hellocordova/io.cordova.hellocordova.MainActivity (0xb8b58ea8): 1:282) (InputMethod (0xb8b76208): 0:17) 
I/SFPerfTracer(  236):      triggers: (rate: 0:1330) (255646 sw vsyncs) (0 skipped) (2:1993413 vsyncs) (4:2365937)
V/AlarmManager(  823): sending alarm {cc5a20a type 2 *walarm*:android.content.syncmanager.SYNC_ALARM}
V/AlarmManager(  823): done {cc5a20a, *walarm*:android.content.syncmanager.SYNC_ALARM} [5ms]
I/SFPerfTracer(  236):      triggers: (rate: 3662:181589) (compose: 0:337) (post: 0:4496) (render: 0:943) (0:946211 frames) (1:1162115)
D/SFPerfTracer(  236):        layers: (4:20) (FocusedStackFrame (0xb8b328e0): 0:4806)* (DimLayer (0xb8b344a0): 0:541)* (DimLayer (0xb8b1a240): 0:10)* (DimLayer (0xb8b1ce40): 0:5992)* (DimLayer (0xb8b1f8a8): 0:941)* (StatusBar (0xb8aa4830): 0:101535) (com.android.systemui.ImageWallpaper (0xb8b2b5e8): 0:4847)* (Sprite (0xb8b430f0): 0:82748)* (Sprite (0xb8a97c28): 0:43318)* (Sprite (0xb8b65cf0): 0:67539)* (Sprite (0xb8b69508): 0:56429)* (Sprite (0xb8b51f58): 0:12555)* (Sprite (0xb8b5a150): 0:8898)* (Sprite (0xb8b720c8): 0:12137)* (Sprite (0xb8b7a7f0): 0:29)* (Sprite (0xb8b83230): 0:7163)* (Sprite (0xb8b85c40): 0:4382)* (NavigationBar (0xb8b67350): 0:121) (io.cordova.hellocordova/io.cordova.hellocordova.MainActivity (0xb8b58ea8): 1:319) (InputMethod (0xb8b76208): 0:17) 
V/AlarmManager(  823): sending alarm {269cdebb type 3 *alarm*:android.intent.action.TIME_TICK}
V/AlarmManager(  823): done {269cdebb, *alarm*:android.intent.action.TIME_TICK} [34ms]
I/SFPerfTracer(  236):      triggers: (rate: 0:1330) (255646 sw vsyncs) (0 skipped) (0:1993459 vsyncs) (1:2366038)
V/AlarmManager(  823): sending alarm {3f38f218 type 2 *walarm*:com.google.android.location.ALARM_WAKEUP_ACTIVITY_DETECTION}
V/AlarmManager(  823): sending alarm {54d66bc type 3 *alarm*:com.google.android.gms/.lockbox.LockboxAlarmReceiver}
V/AlarmManager(  823): done {3f38f218, *walarm*:com.google.android.location.ALARM_WAKEUP_ACTIVITY_DETECTION} [112ms]
V/AlarmManager(  823): done {54d66bc, *alarm*:com.google.android.gms/.lockbox.LockboxAlarmReceiver} [118ms]
D/ConnectivityService(  823): updateNetworkScore for NetworkAgentInfo [WIFI () - 193] to 56
D/ConnectivityService(  823): rematching NetworkAgentInfo [WIFI () - 193]
D/ConnectivityService(  823): Network NetworkAgentInfo [WIFI () - 193] was already satisfying request 1. No change.
D/ConnectivityService(  823): notifyType AVAILABLE for NetworkAgentInfo [WIFI () - 193]
I/SFPerfTracer(  236):      triggers: (rate: 0:1330) (255646 sw vsyncs) (0 skipped) (2:1993507 vsyncs) (4:2366142)
D/ConnectivityService(  823): updateNetworkScore for NetworkAgentInfo [WIFI () - 193] to 60
D/ConnectivityService(  823): rematching NetworkAgentInfo [WIFI () - 193]
D/ConnectivityService(  823): Network NetworkAgentInfo [WIFI () - 193] was already satisfying request 1. No change.
D/ConnectivityService(  823): notifyType AVAILABLE for NetworkAgentInfo [WIFI () - 193]
I/SFPerfTracer(  236):      triggers: (rate: 3662:181595) (compose: 0:338) (post: 0:4496) (render: 0:943) (0:946220 frames) (1:1162215)
D/SFPerfTracer(  236):        layers: (4:20) (FocusedStackFrame (0xb8b328e0): 0:4806)* (DimLayer (0xb8b344a0): 0:541)* (DimLayer (0xb8b1a240): 0:10)* (DimLayer (0xb8b1ce40): 0:5992)* (DimLayer (0xb8b1f8a8): 0:941)* (StatusBar (0xb8aa4830): 0:101550) (com.android.systemui.ImageWallpaper (0xb8b2b5e8): 0:4847)* (Sprite (0xb8b430f0): 0:82748)* (Sprite (0xb8a97c28): 0:43318)* (Sprite (0xb8b65cf0): 0:67539)* (Sprite (0xb8b69508): 0:56429)* (Sprite (0xb8b51f58): 0:12555)* (Sprite (0xb8b5a150): 0:8898)* (Sprite (0xb8b720c8): 0:12137)* (Sprite (0xb8b7a7f0): 0:29)* (Sprite (0xb8b83230): 0:7163)* (Sprite (0xb8b85c40): 0:4382)* (NavigationBar (0xb8b67350): 0:121) (io.cordova.hellocordova/io.cordova.hellocordova.MainActivity (0xb8b58ea8): 1:356) (InputMethod (0xb8b76208): 0:17) 
I/SFPerfTracer(  236):      triggers: (rate: 0:1330) (255646 sw vsyncs) (0 skipped) (2:1993556 vsyncs) (4:2366246)
I/SFPerfTracer(  236):      triggers: (rate: 3662:181595) (compose: 0:338) (post: 0:4496) (render: 0:943) (0:946224 frames) (1:1162315)
D/SFPerfTracer(  236):        layers: (4:20) (FocusedStackFrame (0xb8b328e0): 0:4806)* (DimLayer (0xb8b344a0): 0:541)* (DimLayer (0xb8b1a240): 0:10)* (DimLayer (0xb8b1ce40): 0:5992)* (DimLayer (0xb8b1f8a8): 0:941)* (StatusBar (0xb8aa4830): 0:101566) (com.android.systemui.ImageWallpaper (0xb8b2b5e8): 0:4847)* (Sprite (0xb8b430f0): 0:82748)* (Sprite (0xb8a97c28): 0:43318)* (Sprite (0xb8b65cf0): 0:67539)* (Sprite (0xb8b69508): 0:56429)* (Sprite (0xb8b51f58): 0:12555)* (Sprite (0xb8b5a150): 0:8898)* (Sprite (0xb8b720c8): 0:12137)* (Sprite (0xb8b7a7f0): 0:29)* (Sprite (0xb8b83230): 0:7163)* (Sprite (0xb8b85c40): 0:4382)* (NavigationBar (0xb8b67350): 0:121) (io.cordova.hellocordova/io.cordova.hellocordova.MainActivity (0xb8b58ea8): 0:393) (InputMethod (0xb8b76208): 0:17) 
I/SFPerfTracer(  236):      triggers: (rate: 0:1330) (255646 sw vsyncs) (0 skipped) (2:1993602 vsyncs) (4:2366347)
I/SFPerfTracer(  236):      triggers: (rate: 0:1330) (255646 sw vsyncs) (0 skipped) (2:1993648 vsyncs) (4:2366449)
I/SFPerfTracer(  236):      triggers: (rate: 3662:181605) (compose: 0:338) (post: 0:4496) (render: 0:943) (0:946232 frames) (1:1162415)
D/SFPerfTracer(  236):        layers: (4:20) (FocusedStackFrame (0xb8b328e0): 0:4806)* (DimLayer (0xb8b344a0): 0:541)* (DimLayer (0xb8b1a240): 0:10)* (DimLayer (0xb8b1ce40): 0:5992)* (DimLayer (0xb8b1f8a8): 0:941)* (StatusBar (0xb8aa4830): 0:101580) (com.android.systemui.ImageWallpaper (0xb8b2b5e8): 0:4847)* (Sprite (0xb8b430f0): 0:82748)* (Sprite (0xb8a97c28): 0:43318)* (Sprite (0xb8b65cf0): 0:67539)* (Sprite (0xb8b69508): 0:56429)* (Sprite (0xb8b51f58): 0:12555)* (Sprite (0xb8b5a150): 0:8898)* (Sprite (0xb8b720c8): 0:12137)* (Sprite (0xb8b7a7f0): 0:29)* (Sprite (0xb8b83230): 0:7163)* (Sprite (0xb8b85c40): 0:4382)* (NavigationBar (0xb8b67350): 0:121) (io.cordova.hellocordova/io.cordova.hellocordova.MainActivity (0xb8b58ea8): 0:429) (InputMethod (0xb8b76208): 0:17) 
I/SFPerfTracer(  236):      triggers: (rate: 0:1330) (255646 sw vsyncs) (0 skipped) (0:1993694 vsyncs) (1:2366550)
V/AlarmManager(  823): sending alarm {269cdebb type 3 *alarm*:android.intent.action.TIME_TICK}
V/AlarmManager(  823): done {269cdebb, *alarm*:android.intent.action.TIME_TICK} [42ms]
V/AlarmManager(  823): sending alarm {54d66bc type 3 *alarm*:com.google.android.gms/.lockbox.LockboxAlarmReceiver}
V/AlarmManager(  823): done {54d66bc, *alarm*:com.google.android.gms/.lockbox.LockboxAlarmReceiver} [9ms]
V/AlarmManager(  823): sending alarm {363c7262 type 2 *walarm*:android.net.ConnectivityService.action.PKT_CNT_SAMPLE_INTERVAL_ELAPSED}
V/AlarmManager(  823): done {363c7262, *walarm*:android.net.ConnectivityService.action.PKT_CNT_SAMPLE_INTERVAL_ELAPSED} [3ms]
I/SFPerfTracer(  236):      triggers: (rate: 0:1330) (255646 sw vsyncs) (0 skipped) (2:1993739 vsyncs) (4:2366651)
I/SFPerfTracer(  236):      triggers: (rate: 3662:181611) (compose: 0:338) (post: 0:4496) (render: 0:943) (1:946240 frames) (2:1162515)
D/SFPerfTracer(  236):        layers: (4:20) (FocusedStackFrame (0xb8b328e0): 0:4806)* (DimLayer (0xb8b344a0): 0:541)* (DimLayer (0xb8b1a240): 0:10)* (DimLayer (0xb8b1ce40): 0:5992)* (DimLayer (0xb8b1f8a8): 0:941)* (StatusBar (0xb8aa4830): 1:101602) (com.android.systemui.ImageWallpaper (0xb8b2b5e8): 0:4847)* (Sprite (0xb8b430f0): 0:82748)* (Sprite (0xb8a97c28): 0:43318)* (Sprite (0xb8b65cf0): 0:67539)* (Sprite (0xb8b69508): 0:56429)* (Sprite (0xb8b51f58): 0:12555)* (Sprite (0xb8b5a150): 0:8898)* (Sprite (0xb8b720c8): 0:12137)* (Sprite (0xb8b7a7f0): 0:29)* (Sprite (0xb8b83230): 0:7163)* (Sprite (0xb8b85c40): 0:4382)* (NavigationBar (0xb8b67350): 0:121) (io.cordova.hellocordova/io.cordova.hellocordova.MainActivity (0xb8b58ea8): 1:468) (InputMethod (0xb8b76208): 0:17) 
I/SFPerfTracer(  236):      triggers: (rate: 0:1330) (255646 sw vsyncs) (0 skipped) (2:1993790 vsyncs) (4:2366752)
I/SFPerfTracer(  236):      triggers: (rate: 3662:181613) (compose: 0:338) (post: 0:4496) (render: 0:943) (1:946248 frames) (2:1162615)
D/SFPerfTracer(  236):        layers: (4:20) (FocusedStackFrame (0xb8b328e0): 0:4806)* (DimLayer (0xb8b344a0): 0:541)* (DimLayer (0xb8b1a240): 0:10)* (DimLayer (0xb8b1ce40): 0:5992)* (DimLayer (0xb8b1f8a8): 0:941)* (StatusBar (0xb8aa4830): 1:101619) (com.android.systemui.ImageWallpaper (0xb8b2b5e8): 0:4847)* (Sprite (0xb8b430f0): 0:82748)* (Sprite (0xb8a97c28): 0:43318)* (Sprite (0xb8b65cf0): 0:67539)* (Sprite (0xb8b69508): 0:56429)* (Sprite (0xb8b51f58): 0:12555)* (Sprite (0xb8b5a150): 0:8898)* (Sprite (0xb8b720c8): 0:12137)* (Sprite (0xb8b7a7f0): 0:29)* (Sprite (0xb8b83230): 0:7163)* (Sprite (0xb8b85c40): 0:4382)* (NavigationBar (0xb8b67350): 0:121) (io.cordova.hellocordova/io.cordova.hellocordova.MainActivity (0xb8b58ea8): 1:508) (InputMethod (0xb8b76208): 0:17) 
I/SFPerfTracer(  236):      triggers: (rate: 0:1330) (255646 sw vsyncs) (0 skipped) (2:1993839 vsyncs) (4:2366855)
I/SFPerfTracer(  236):      triggers: (rate: 0:1330) (255646 sw vsyncs) (0 skipped) (2:1993888 vsyncs) (4:2366956)
I/SFPerfTracer(  236):      triggers: (rate: 3662:181619) (compose: 0:338) (post: 0:4496) (render: 0:943) (0:946258 frames) (1:1162715)
D/SFPerfTracer(  236):        layers: (4:20) (FocusedStackFrame (0xb8b328e0): 0:4806)* (DimLayer (0xb8b344a0): 0:541)* (DimLayer (0xb8b1a240): 0:10)* (DimLayer (0xb8b1ce40): 0:5992)* (DimLayer (0xb8b1f8a8): 0:941)* (StatusBar (0xb8aa4830): 0:101634) (com.android.systemui.ImageWallpaper (0xb8b2b5e8): 0:4847)* (Sprite (0xb8b430f0): 0:82748)* (Sprite (0xb8a97c28): 0:43318)* (Sprite (0xb8b65cf0): 0:67539)* (Sprite (0xb8b69508): 0:56429)* (Sprite (0xb8b51f58): 0:12555)* (Sprite (0xb8b5a150): 0:8898)* (Sprite (0xb8b720c8): 0:12137)* (Sprite (0xb8b7a7f0): 0:29)* (Sprite (0xb8b83230): 0:7163)* (Sprite (0xb8b85c40): 0:4382)* (NavigationBar (0xb8b67350): 0:121) (io.cordova.hellocordova/io.cordova.hellocordova.MainActivity (0xb8b58ea8): 0:549) (InputMethod (0xb8b76208): 0:17) 
I/SFPerfTracer(  236):      triggers: (rate: 0:1330) (255646 sw vsyncs) (0 skipped) (2:1993939 vsyncs) (4:2367060)
V/AlarmManager(  823): sending alarm {269cdebb type 3 *alarm*:android.intent.action.TIME_TICK}
V/AlarmManager(  823): done {269cdebb, *alarm*:android.intent.action.TIME_TICK} [43ms]
V/AlarmManager(  823): sending alarm {54d66bc type 3 *alarm*:com.google.android.gms/.lockbox.LockboxAlarmReceiver}
V/AlarmManager(  823): done {54d66bc, *alarm*:com.google.android.gms/.lockbox.LockboxAlarmReceiver} [9ms]
I/SFPerfTracer(  236):      triggers: (rate: 0:1330) (255646 sw vsyncs) (0 skipped) (2:1993985 vsyncs) (4:2367162)
I/SFPerfTracer(  236):      triggers: (rate: 3662:181624) (compose: 0:338) (post: 0:4496) (render: 0:943) (0:946268 frames) (1:1162815)
D/SFPerfTracer(  236):        layers: (4:20) (FocusedStackFrame (0xb8b328e0): 0:4806)* (DimLayer (0xb8b344a0): 0:541)* (DimLayer (0xb8b1a240): 0:10)* (DimLayer (0xb8b1ce40): 0:5992)* (DimLayer (0xb8b1f8a8): 0:941)* (StatusBar (0xb8aa4830): 0:101651) (com.android.systemui.ImageWallpaper (0xb8b2b5e8): 0:4847)* (Sprite (0xb8b430f0): 0:82748)* (Sprite (0xb8a97c28): 0:43318)* (Sprite (0xb8b65cf0): 0:67539)* (Sprite (0xb8b69508): 0:56429)* (Sprite (0xb8b51f58): 0:12555)* (Sprite (0xb8b5a150): 0:8898)* (Sprite (0xb8b720c8): 0:12137)* (Sprite (0xb8b7a7f0): 0:29)* (Sprite (0xb8b83230): 0:7163)* (Sprite (0xb8b85c40): 0:4382)* (NavigationBar (0xb8b67350): 0:121) (io.cordova.hellocordova/io.cordova.hellocordova.MainActivity (0xb8b58ea8): 0:589) (InputMethod (0xb8b76208): 0:17) 
I/SFPerfTracer(  236):      triggers: (rate: 0:1330) (255646 sw vsyncs) (0 skipped) (2:1994032 vsyncs) (4:2367264)
I/SFPerfTracer(  236):      triggers: (rate: 3662:181632) (compose: 0:338) (post: 0:4496) (render: 0:943) (0:946279 frames) (1:1162915)
D/SFPerfTracer(  236):        layers: (4:20) (FocusedStackFrame (0xb8b328e0): 0:4806)* (DimLayer (0xb8b344a0): 0:541)* (DimLayer (0xb8b1a240): 0:10)* (DimLayer (0xb8b1ce40): 0:5992)* (DimLayer (0xb8b1f8a8): 0:941)* (StatusBar (0xb8aa4830): 1:101670) (com.android.systemui.ImageWallpaper (0xb8b2b5e8): 0:4847)* (Sprite (0xb8b430f0): 0:82748)* (Sprite (0xb8a97c28): 0:43318)* (Sprite (0xb8b65cf0): 0:67539)* (Sprite (0xb8b69508): 0:56429)* (Sprite (0xb8b51f58): 0:12555)* (Sprite (0xb8b5a150): 0:8898)* (Sprite (0xb8b720c8): 0:12137)* (Sprite (0xb8b7a7f0): 0:29)* (Sprite (0xb8b83230): 0:7163)* (Sprite (0xb8b85c40): 0:4382)* (NavigationBar (0xb8b67350): 0:121) (io.cordova.hellocordova/io.cordova.hellocordova.MainActivity (0xb8b58ea8): 0:624) (InputMethod (0xb8b76208): 0:17) 
I/SFPerfTracer(  236):      triggers: (rate: 0:1330) (255646 sw vsyncs) (0 skipped) (2:1994078 vsyncs) (4:2367367)
I/SFPerfTracer(  236):      triggers: (rate: 0:1330) (255646 sw vsyncs) (0 skipped) (2:1994126 vsyncs) (4:2367470)
I/SFPerfTracer(  236):      triggers: (rate: 3662:181635) (compose: 0:338) (post: 0:4496) (render: 0:943) (0:946282 frames) (1:1163015)
D/SFPerfTracer(  236):        layers: (4:20) (FocusedStackFrame (0xb8b328e0): 0:4806)* (DimLayer (0xb8b344a0): 0:541)* (DimLayer (0xb8b1a240): 0:10)* (DimLayer (0xb8b1ce40): 0:5992)* (DimLayer (0xb8b1f8a8): 0:941)* (StatusBar (0xb8aa4830): 0:101685) (com.android.systemui.ImageWallpaper (0xb8b2b5e8): 0:4847)* (Sprite (0xb8b430f0): 0:82748)* (Sprite (0xb8a97c28): 0:43318)* (Sprite (0xb8b65cf0): 0:67539)* (Sprite (0xb8b69508): 0:56429)* (Sprite (0xb8b51f58): 0:12555)* (Sprite (0xb8b5a150): 0:8898)* (Sprite (0xb8b720c8): 0:12137)* (Sprite (0xb8b7a7f0): 0:29)* (Sprite (0xb8b83230): 0:7163)* (Sprite (0xb8b85c40): 0:4382)* (NavigationBar (0xb8b67350): 0:121) (io.cordova.hellocordova/io.cordova.hellocordova.MainActivity (0xb8b58ea8): 0:660) (InputMethod (0xb8b76208): 0:17) 
I/SFPerfTracer(  236):      triggers: (rate: 0:1330) (255646 sw vsyncs) (0 skipped) (2:1994172 vsyncs) (4:2367572)
V/AlarmManager(  823): sending alarm {269cdebb type 3 *alarm*:android.intent.action.TIME_TICK}
V/AlarmManager(  823): done {269cdebb, *alarm*:android.intent.action.TIME_TICK} [56ms]
V/AlarmManager(  823): sending alarm {54d66bc type 3 *alarm*:com.google.android.gms/.lockbox.LockboxAlarmReceiver}
V/AlarmManager(  823): done {54d66bc, *alarm*:com.google.android.gms/.lockbox.LockboxAlarmReceiver} [7ms]
I/SFPerfTracer(  236):      triggers: (rate: 3662:181637) (compose: 0:338) (post: 0:4496) (render: 0:943) (0:946285 frames) (1:1163115)
D/SFPerfTracer(  236):        layers: (4:20) (FocusedStackFrame (0xb8b328e0): 0:4806)* (DimLayer (0xb8b344a0): 0:541)* (DimLayer (0xb8b1a240): 0:10)* (DimLayer (0xb8b1ce40): 0:5992)* (DimLayer (0xb8b1f8a8): 0:941)* (StatusBar (0xb8aa4830): 0:101703) (com.android.systemui.ImageWallpaper (0xb8b2b5e8): 0:4847)* (Sprite (0xb8b430f0): 0:82748)* (Sprite (0xb8a97c28): 0:43318)* (Sprite (0xb8b65cf0): 0:67539)* (Sprite (0xb8b69508): 0:56429)* (Sprite (0xb8b51f58): 0:12555)* (Sprite (0xb8b5a150): 0:8898)* (Sprite (0xb8b720c8): 0:12137)* (Sprite (0xb8b7a7f0): 0:29)* (Sprite (0xb8b83230): 0:7163)* (Sprite (0xb8b85c40): 0:4382)* (NavigationBar (0xb8b67350): 0:121) (io.cordova.hellocordova/io.cordova.hellocordova.MainActivity (0xb8b58ea8): 0:694) (InputMethod (0xb8b76208): 0:17) 
I/SFPerfTracer(  236):      triggers: (rate: 0:1330) (255646 sw vsyncs) (0 skipped) (2:1994217 vsyncs) (4:2367674)
I/SFPerfTracer(  236):      triggers: (rate: 0:1330) (255646 sw vsyncs) (0 skipped) (0:1994264 vsyncs) (1:2367775)
I/SFPerfTracer(  236):      triggers: (rate: 3662:181640) (compose: 0:338) (post: 0:4496) (render: 0:943) (0:946290 frames) (1:1163215)
D/SFPerfTracer(  236):        layers: (4:20) (FocusedStackFrame (0xb8b328e0): 0:4806)* (DimLayer (0xb8b344a0): 0:541)* (DimLayer (0xb8b1a240): 0:10)* (DimLayer (0xb8b1ce40): 0:5992)* (DimLayer (0xb8b1f8a8): 0:941)* (StatusBar (0xb8aa4830): 0:101718) (com.android.systemui.ImageWallpaper (0xb8b2b5e8): 0:4847)* (Sprite (0xb8b430f0): 0:82748)* (Sprite (0xb8a97c28): 0:43318)* (Sprite (0xb8b65cf0): 0:67539)* (Sprite (0xb8b69508): 0:56429)* (Sprite (0xb8b51f58): 0:12555)* (Sprite (0xb8b5a150): 0:8898)* (Sprite (0xb8b720c8): 0:12137)* (Sprite (0xb8b7a7f0): 0:29)* (Sprite (0xb8b83230): 0:7163)* (Sprite (0xb8b85c40): 0:4382)* (NavigationBar (0xb8b67350): 0:121) (io.cordova.hellocordova/io.cordova.hellocordova.MainActivity (0xb8b58ea8): 0:732) (InputMethod (0xb8b76208): 0:17) 
I/SFPerfTracer(  236):      triggers: (rate: 0:1330) (255646 sw vsyncs) (0 skipped) (2:1994313 vsyncs) (4:2367879)
I/SFPerfTracer(  236):      triggers: (rate: 3662:181644) (compose: 0:338) (post: 0:4496) (render: 0:943) (0:946297 frames) (1:1163315)
D/SFPerfTracer(  236):        layers: (4:20) (FocusedStackFrame (0xb8b328e0): 0:4806)* (DimLayer (0xb8b344a0): 0:541)* (DimLayer (0xb8b1a240): 0:10)* (DimLayer (0xb8b1ce40): 0:5992)* (DimLayer (0xb8b1f8a8): 0:941)* (StatusBar (0xb8aa4830): 0:101734) (com.android.systemui.ImageWallpaper (0xb8b2b5e8): 0:4847)* (Sprite (0xb8b430f0): 0:82748)* (Sprite (0xb8a97c28): 0:43318)* (Sprite (0xb8b65cf0): 0:67539)* (Sprite (0xb8b69508): 0:56429)* (Sprite (0xb8b51f58): 0:12555)* (Sprite (0xb8b5a150): 0:8898)* (Sprite (0xb8b720c8): 0:12137)* (Sprite (0xb8b7a7f0): 0:29)* (Sprite (0xb8b83230): 0:7163)* (Sprite (0xb8b85c40): 0:4382)* (NavigationBar (0xb8b67350): 0:121) (io.cordova.hellocordova/io.cordova.hellocordova.MainActivity (0xb8b58ea8): 0:769) (InputMethod (0xb8b76208): 0:17) 
I/SFPerfTracer(  236):      triggers: (rate: 0:1330) (255646 sw vsyncs) (0 skipped) (2:1994363 vsyncs) (4:2367983)
I/SFPerfTracer(  236):      triggers: (rate: 0:1330) (255646 sw vsyncs) (0 skipped) (72:1994459 vsyncs) (74:2368109)
I/SFPerfTracer(  236):      triggers: (rate: 0:1330) (255646 sw vsyncs) (0 skipped) (2:1994545 vsyncs) (4:2368211)
I/SFPerfTracer(  236):      triggers: (rate: 3662:181644) (compose: 0:338) (post: 0:4496) (render: 0:943) (0:946311 frames) (1:1163415)
D/SFPerfTracer(  236):        layers: (4:20) (FocusedStackFrame (0xb8b328e0): 0:4806)* (DimLayer (0xb8b344a0): 0:541)* (DimLayer (0xb8b1a240): 0:10)* (DimLayer (0xb8b1ce40): 0:5992)* (DimLayer (0xb8b1f8a8): 0:941)* (StatusBar (0xb8aa4830): 1:101746) (com.android.systemui.ImageWallpaper (0xb8b2b5e8): 0:4847)* (Sprite (0xb8b430f0): 0:82748)* (Sprite (0xb8a97c28): 0:43318)* (Sprite (0xb8b65cf0): 0:67553)* (Sprite (0xb8b69508): 0:56429)* (Sprite (0xb8b51f58): 0:12555)* (Sprite (0xb8b5a150): 0:8898)* (Sprite (0xb8b720c8): 0:12137)* (Sprite (0xb8b7a7f0): 0:29)* (Sprite (0xb8b83230): 0:7163)* (Sprite (0xb8b85c40): 0:4382)* (NavigationBar (0xb8b67350): 0:121) (io.cordova.hellocordova/io.cordova.hellocordova.MainActivity (0xb8b58ea8): 0:802) (InputMethod (0xb8b76208): 0:17) 
V/AlarmManager(  823): sending alarm {269cdebb type 3 *alarm*:android.intent.action.TIME_TICK}
V/AlarmManager(  823): done {269cdebb, *alarm*:android.intent.action.TIME_TICK} [33ms]
V/AlarmManager(  823): sending alarm {3f38f218 type 2 *walarm*:com.google.android.location.ALARM_WAKEUP_ACTIVITY_DETECTION}
V/AlarmManager(  823): sending alarm {54d66bc type 3 *alarm*:com.google.android.gms/.lockbox.LockboxAlarmReceiver}
V/AlarmManager(  823): done {3f38f218, *walarm*:com.google.android.location.ALARM_WAKEUP_ACTIVITY_DETECTION} [19ms]
V/AlarmManager(  823): done {54d66bc, *alarm*:com.google.android.gms/.lockbox.LockboxAlarmReceiver} [23ms]
I/SFPerfTracer(  236):      triggers: (rate: 0:1330) (255646 sw vsyncs) (0 skipped) (2:1994591 vsyncs) (4:2368314)
I/SFPerfTracer(  236):      triggers: (rate: 3662:181656) (compose: 0:338) (post: 0:4496) (render: 0:943) (0:946321 frames) (1:1163515)
D/SFPerfTracer(  236):        layers: (4:20) (FocusedStackFrame (0xb8b328e0): 0:4806)* (DimLayer (0xb8b344a0): 0:541)* (DimLayer (0xb8b1a240): 0:10)* (DimLayer (0xb8b1ce40): 0:5992)* (DimLayer (0xb8b1f8a8): 0:941)* (StatusBar (0xb8aa4830): 0:101764) (com.android.systemui.ImageWallpaper (0xb8b2b5e8): 0:4847)* (Sprite (0xb8b430f0): 0:82748)* (Sprite (0xb8a97c28): 0:43318)* (Sprite (0xb8b65cf0): 0:67553)* (Sprite (0xb8b69508): 0:56429)* (Sprite (0xb8b51f58): 0:12555)* (Sprite (0xb8b5a150): 0:8898)* (Sprite (0xb8b720c8): 0:12137)* (Sprite (0xb8b7a7f0): 0:29)* (Sprite (0xb8b83230): 0:7163)* (Sprite (0xb8b85c40): 0:4382)* (NavigationBar (0xb8b67350): 0:121) (io.cordova.hellocordova/io.cordova.hellocordova.MainActivity (0xb8b58ea8): 0:836) (InputMethod (0xb8b76208): 0:17) 
I/SFPerfTracer(  236):      triggers: (rate: 0:1330) (255646 sw vsyncs) (0 skipped) (2:1994637 vsyncs) (4:2368417)
I/SFPerfTracer(  236):      triggers: (rate: 0:1330) (255646 sw vsyncs) (0 skipped) (2:1994683 vsyncs) (4:2368518)
I/SFPerfTracer(  236):      triggers: (rate: 3662:181658) (compose: 0:338) (post: 0:4496) (render: 0:943) (1:946329 frames) (2:1163615)
D/SFPerfTracer(  236):        layers: (4:20) (FocusedStackFrame (0xb8b328e0): 0:4806)* (DimLayer (0xb8b344a0): 0:541)* (DimLayer (0xb8b1a240): 0:10)* (DimLayer (0xb8b1ce40): 0:5992)* (DimLayer (0xb8b1f8a8): 0:941)* (StatusBar (0xb8aa4830): 1:101781) (com.android.systemui.ImageWallpaper (0xb8b2b5e8): 0:4847)* (Sprite (0xb8b430f0): 0:82748)* (Sprite (0xb8a97c28): 0:43318)* (Sprite (0xb8b65cf0): 0:67553)* (Sprite (0xb8b69508): 0:56429)* (Sprite (0xb8b51f58): 0:12555)* (Sprite (0xb8b5a150): 0:8898)* (Sprite (0xb8b720c8): 0:12137)* (Sprite (0xb8b7a7f0): 0:29)* (Sprite (0xb8b83230): 0:7163)* (Sprite (0xb8b85c40): 0:4382)* (NavigationBar (0xb8b67350): 0:121) (io.cordova.hellocordova/io.cordova.hellocordova.MainActivity (0xb8b58ea8): 1:875) (InputMethod (0xb8b76208): 0:17) 
I/SFPerfTracer(  236):      triggers: (rate: 0:1330) (255646 sw vsyncs) (0 skipped) (2:1994733 vsyncs) (4:2368622)
I/SFPerfTracer(  236):      triggers: (rate: 0:1330) (255646 sw vsyncs) (0 skipped) (2:1994783 vsyncs) (4:2368724)
I/SFPerfTracer(  236):      triggers: (rate: 3662:181664) (compose: 0:338) (post: 0:4496) (render: 0:943) (0:946344 frames) (1:1163715)
D/SFPerfTracer(  236):        layers: (4:20) (FocusedStackFrame (0xb8b328e0): 0:4806)* (DimLayer (0xb8b344a0): 0:541)* (DimLayer (0xb8b1a240): 0:10)* (DimLayer (0xb8b1ce40): 0:5992)* (DimLayer (0xb8b1f8a8): 0:941)* (StatusBar (0xb8aa4830): 0:101800) (com.android.systemui.ImageWallpaper (0xb8b2b5e8): 0:4847)* (Sprite (0xb8b430f0): 0:82748)* (Sprite (0xb8a97c28): 0:43318)* (Sprite (0xb8b65cf0): 0:67553)* (Sprite (0xb8b69508): 0:56429)* (Sprite (0xb8b51f58): 0:12555)* (Sprite (0xb8b5a150): 0:8898)* (Sprite (0xb8b720c8): 0:12137)* (Sprite (0xb8b7a7f0): 0:29)* (Sprite (0xb8b83230): 0:7163)* (Sprite (0xb8b85c40): 0:4382)* (NavigationBar (0xb8b67350): 0:121) (io.cordova.hellocordova/io.cordova.hellocordova.MainActivity (0xb8b58ea8): 1:916) (InputMethod (0xb8b76208): 0:17) 
V/AlarmManager(  823): sending alarm {269cdebb type 3 *alarm*:android.intent.action.TIME_TICK}
V/AlarmManager(  823): done {269cdebb, *alarm*:android.intent.action.TIME_TICK} [62ms]
V/AlarmManager(  823): sending alarm {54d66bc type 3 *alarm*:com.google.android.gms/.lockbox.LockboxAlarmReceiver}
V/AlarmManager(  823): done {54d66bc, *alarm*:com.google.android.gms/.lockbox.LockboxAlarmReceiver} [7ms]
I/SFPerfTracer(  236):      triggers: (rate: 0:1330) (255646 sw vsyncs) (0 skipped) (2:1994835 vsyncs) (4:2368825)
I/ActivityManager(  823): Process com.lookout (pid 32322) has died
D/ActivityManager(  823): cleanUpApplicationRecord -- 32322
I/SFPerfTracer(  236):      triggers: (rate: 3662:181673) (compose: 0:338) (post: 0:4496) (render: 0:943) (0:946358 frames) (1:1163815)
D/SFPerfTracer(  236):        layers: (4:20) (FocusedStackFrame (0xb8b328e0): 0:4806)* (DimLayer (0xb8b344a0): 0:541)* (DimLayer (0xb8b1a240): 0:10)* (DimLayer (0xb8b1ce40): 0:5992)* (DimLayer (0xb8b1f8a8): 0:941)* (StatusBar (0xb8aa4830): 0:101823) (com.android.systemui.ImageWallpaper (0xb8b2b5e8): 0:4847)* (Sprite (0xb8b430f0): 0:82748)* (Sprite (0xb8a97c28): 0:43318)* (Sprite (0xb8b65cf0): 0:67553)* (Sprite (0xb8b69508): 0:56429)* (Sprite (0xb8b51f58): 0:12555)* (Sprite (0xb8b5a150): 0:8898)* (Sprite (0xb8b720c8): 0:12137)* (Sprite (0xb8b7a7f0): 0:29)* (Sprite (0xb8b83230): 0:7163)* (Sprite (0xb8b85c40): 0:4382)* (NavigationBar (0xb8b67350): 0:121) (io.cordova.hellocordova/io.cordova.hellocordova.MainActivity (0xb8b58ea8): 0:953) (InputMethod (0xb8b76208): 0:17) 
I/SFPerfTracer(  236):      triggers: (rate: 0:1330) (255646 sw vsyncs) (0 skipped) (2:1994882 vsyncs) (4:2368926)
I/SFPerfTracer(  236):      triggers: (rate: 0:1330) (255646 sw vsyncs) (0 skipped) (2:1994930 vsyncs) (4:2369029)
I/SFPerfTracer(  236):      triggers: (rate: 3662:181681) (compose: 0:338) (post: 0:4496) (render: 0:943) (0:946367 frames) (1:1163915)
D/SFPerfTracer(  236):        layers: (4:20) (FocusedStackFrame (0xb8b328e0): 0:4806)* (DimLayer (0xb8b344a0): 0:541)* (DimLayer (0xb8b1a240): 0:10)* (DimLayer (0xb8b1ce40): 0:5992)* (DimLayer (0xb8b1f8a8): 0:941)* (StatusBar (0xb8aa4830): 0:101837) (com.android.systemui.ImageWallpaper (0xb8b2b5e8): 0:4847)* (Sprite (0xb8b430f0): 0:82748)* (Sprite (0xb8a97c28): 0:43318)* (Sprite (0xb8b65cf0): 0:67553)* (Sprite (0xb8b69508): 0:56429)* (Sprite (0xb8b51f58): 0:12555)* (Sprite (0xb8b5a150): 0:8898)* (Sprite (0xb8b720c8): 0:12137)* (Sprite (0xb8b7a7f0): 0:29)* (Sprite (0xb8b83230): 0:7163)* (Sprite (0xb8b85c40): 0:4382)* (NavigationBar (0xb8b67350): 0:121) (io.cordova.hellocordova/io.cordova.hellocordova.MainActivity (0xb8b58ea8): 0:991) (InputMethod (0xb8b76208): 0:17) 
I/SFPerfTracer(  236):      triggers: (rate: 0:1330) (255646 sw vsyncs) (0 skipped) (2:1994976 vsyncs) (4:2369130)
I/SFPerfTracer(  236):      triggers: (rate: 3662:181684) (compose: 0:338) (post: 0:4496) (render: 0:943) (0:946372 frames) (1:1164015)
D/SFPerfTracer(  236):        layers: (4:20) (FocusedStackFrame (0xb8b328e0): 0:4806)* (DimLayer (0xb8b344a0): 0:541)* (DimLayer (0xb8b1a240): 0:10)* (DimLayer (0xb8b1ce40): 0:5992)* (DimLayer (0xb8b1f8a8): 0:941)* (StatusBar (0xb8aa4830): 0:101853) (com.android.systemui.ImageWallpaper (0xb8b2b5e8): 0:4847)* (Sprite (0xb8b430f0): 0:82748)* (Sprite (0xb8a97c28): 0:43318)* (Sprite (0xb8b65cf0): 0:67553)* (Sprite (0xb8b69508): 0:56429)* (Sprite (0xb8b51f58): 0:12555)* (Sprite (0xb8b5a150): 0:8898)* (Sprite (0xb8b720c8): 0:12137)* (Sprite (0xb8b7a7f0): 0:29)* (Sprite (0xb8b83230): 0:7163)* (Sprite (0xb8b85c40): 0:4382)* (NavigationBar (0xb8b67350): 0:121) (io.cordova.hellocordova/io.cordova.hellocordova.MainActivity (0xb8b58ea8): 1:1027) (InputMethod (0xb8b76208): 0:17) 
I/SFPerfTracer(  236):      triggers: (rate: 0:1330) (255646 sw vsyncs) (0 skipped) (2:1995023 vsyncs) (4:2369233)
V/AlarmManager(  823): sending alarm {269cdebb type 3 *alarm*:android.intent.action.TIME_TICK}
V/AlarmManager(  823): done {269cdebb, *alarm*:android.intent.action.TIME_TICK} [38ms]
V/AlarmManager(  823): sending alarm {54d66bc type 3 *alarm*:com.google.android.gms/.lockbox.LockboxAlarmReceiver}
V/AlarmManager(  823): done {54d66bc, *alarm*:com.google.android.gms/.lockbox.LockboxAlarmReceiver} [8ms]
I/SFPerfTracer(  236):      triggers: (rate: 0:1330) (255646 sw vsyncs) (0 skipped) (2:1995069 vsyncs) (4:2369335)
I/SFPerfTracer(  236):      triggers: (rate: 3662:181689) (compose: 0:338) (post: 0:4496) (render: 0:943) (0:946378 frames) (1:1164115)
D/SFPerfTracer(  236):        layers: (4:20) (FocusedStackFrame (0xb8b328e0): 0:4806)* (DimLayer (0xb8b344a0): 0:541)* (DimLayer (0xb8b1a240): 0:10)* (DimLayer (0xb8b1ce40): 0:5992)* (DimLayer (0xb8b1f8a8): 0:941)* (StatusBar (0xb8aa4830): 0:101869) (com.android.systemui.ImageWallpaper (0xb8b2b5e8): 0:4847)* (Sprite (0xb8b430f0): 0:82748)* (Sprite (0xb8a97c28): 0:43318)* (Sprite (0xb8b65cf0): 0:67553)* (Sprite (0xb8b69508): 0:56429)* (Sprite (0xb8b51f58): 0:12555)* (Sprite (0xb8b5a150): 0:8898)* (Sprite (0xb8b720c8): 0:12137)* (Sprite (0xb8b7a7f0): 0:29)* (Sprite (0xb8b83230): 0:7163)* (Sprite (0xb8b85c40): 0:4382)* (NavigationBar (0xb8b67350): 0:121) (io.cordova.hellocordova/io.cordova.hellocordova.MainActivity (0xb8b58ea8): 1:1064) (InputMethod (0xb8b76208): 0:17) 
I/SFPerfTracer(  236):      triggers: (rate: 0:1330) (255646 sw vsyncs) (0 skipped) (2:1995117 vsyncs) (4:2369438)
I/SFPerfTracer(  236):      triggers: (rate: 0:1330) (255646 sw vsyncs) (0 skipped) (2:1995165 vsyncs) (4:2369540)
I/SFPerfTracer(  236):      triggers: (rate: 3662:181692) (compose: 0:338) (post: 0:4496) (render: 0:943) (0:946384 frames) (1:1164215)
D/SFPerfTracer(  236):        layers: (4:20) (FocusedStackFrame (0xb8b328e0): 0:4806)* (DimLayer (0xb8b344a0): 0:541)* (DimLayer (0xb8b1a240): 0:10)* (DimLayer (0xb8b1ce40): 0:5992)* (DimLayer (0xb8b1f8a8): 0:941)* (StatusBar (0xb8aa4830): 0:101886) (com.android.systemui.ImageWallpaper (0xb8b2b5e8): 0:4847)* (Sprite (0xb8b430f0): 0:82748)* (Sprite (0xb8a97c28): 0:43318)* (Sprite (0xb8b65cf0): 0:67553)* (Sprite (0xb8b69508): 0:56429)* (Sprite (0xb8b51f58): 0:12555)* (Sprite (0xb8b5a150): 0:8898)* (Sprite (0xb8b720c8): 0:12137)* (Sprite (0xb8b7a7f0): 0:29)* (Sprite (0xb8b83230): 0:7163)* (Sprite (0xb8b85c40): 0:4382)* (NavigationBar (0xb8b67350): 0:121) (io.cordova.hellocordova/io.cordova.hellocordova.MainActivity (0xb8b58ea8): 1:1102) (InputMethod (0xb8b76208): 0:17) 
I/SFPerfTracer(  236):      triggers: (rate: 0:1330) (255646 sw vsyncs) (0 skipped) (2:1995212 vsyncs) (4:2369641)
I/SFPerfTracer(  236):      triggers: (rate: 3662:181698) (compose: 0:338) (post: 0:4496) (render: 0:943) (0:946391 frames) (1:1164315)
D/SFPerfTracer(  236):        layers: (4:20) (FocusedStackFrame (0xb8b328e0): 0:4806)* (DimLayer (0xb8b344a0): 0:541)* (DimLayer (0xb8b1a240): 0:10)* (DimLayer (0xb8b1ce40): 0:5992)* (DimLayer (0xb8b1f8a8): 0:941)* (StatusBar (0xb8aa4830): 0:101900) (com.android.systemui.ImageWallpaper (0xb8b2b5e8): 0:4847)* (Sprite (0xb8b430f0): 0:82748)* (Sprite (0xb8a97c28): 0:43318)* (Sprite (0xb8b65cf0): 0:67553)* (Sprite (0xb8b69508): 0:56429)* (Sprite (0xb8b51f58): 0:12555)* (Sprite (0xb8b5a150): 0:8898)* (Sprite (0xb8b720c8): 0:12137)* (Sprite (0xb8b7a7f0): 0:29)* (Sprite (0xb8b83230): 0:7163)* (Sprite (0xb8b85c40): 0:4382)* (NavigationBar (0xb8b67350): 0:121) (io.cordova.hellocordova/io.cordova.hellocordova.MainActivity (0xb8b58ea8): 0:1139) (InputMethod (0xb8b76208): 0:17) 
I/SFPerfTracer(  236):      triggers: (rate: 0:1330) (255646 sw vsyncs) (0 skipped) (2:1995259 vsyncs) (4:2369742)
V/AlarmManager(  823): sending alarm {269cdebb type 3 *alarm*:android.intent.action.TIME_TICK}
V/AlarmManager(  823): done {269cdebb, *alarm*:android.intent.action.TIME_TICK} [43ms]
I/SFPerfTracer(  236):      triggers: (rate: 0:1330) (255646 sw vsyncs) (0 skipped) (0:1995304 vsyncs) (1:2369843)
V/AlarmManager(  823): sending alarm {2dfc8d4a type 3 *alarm*:com.android.server.action.NETWORK_STATS_POLL}
V/AlarmManager(  823): sending alarm {54d66bc type 3 *alarm*:com.google.android.gms/.lockbox.LockboxAlarmReceiver}
V/AlarmManager(  823): done {2dfc8d4a, *alarm*:com.android.server.action.NETWORK_STATS_POLL} [83ms]
V/AlarmManager(  823): done {54d66bc, *alarm*:com.google.android.gms/.lockbox.LockboxAlarmReceiver} [89ms]
I/SFPerfTracer(  236):      triggers: (rate: 3662:181701) (compose: 0:338) (post: 0:4496) (render: 0:943) (0:946394 frames) (1:1164415)
D/SFPerfTracer(  236):        layers: (4:20) (FocusedStackFrame (0xb8b328e0): 0:4806)* (DimLayer (0xb8b344a0): 0:541)* (DimLayer (0xb8b1a240): 0:10)* (DimLayer (0xb8b1ce40): 0:5992)* (DimLayer (0xb8b1f8a8): 0:941)* (StatusBar (0xb8aa4830): 0:101918) (com.android.systemui.ImageWallpaper (0xb8b2b5e8): 0:4847)* (Sprite (0xb8b430f0): 0:82748)* (Sprite (0xb8a97c28): 0:43318)* (Sprite (0xb8b65cf0): 0:67553)* (Sprite (0xb8b69508): 0:56429)* (Sprite (0xb8b51f58): 0:12555)* (Sprite (0xb8b5a150): 0:8898)* (Sprite (0xb8b720c8): 0:12137)* (Sprite (0xb8b7a7f0): 0:29)* (Sprite (0xb8b83230): 0:7163)* (Sprite (0xb8b85c40): 0:4382)* (NavigationBar (0xb8b67350): 0:121) (io.cordova.hellocordova/io.cordova.hellocordova.MainActivity (0xb8b58ea8): 1:1173) (InputMethod (0xb8b76208): 0:17) 
I/SFPerfTracer(  236):      triggers: (rate: 0:1330) (255646 sw vsyncs) (0 skipped) (2:1995350 vsyncs) (4:2369946)
D/ConnectivityService(  823): updateNetworkScore for NetworkAgentInfo [WIFI () - 193] to 56
D/ConnectivityService(  823): rematching NetworkAgentInfo [WIFI () - 193]
D/ConnectivityService(  823): Network NetworkAgentInfo [WIFI () - 193] was already satisfying request 1. No change.
D/ConnectivityService(  823): notifyType AVAILABLE for NetworkAgentInfo [WIFI () - 193]
D/ConnectivityService(  823): updateNetworkScore for NetworkAgentInfo [WIFI () - 193] to 60
D/ConnectivityService(  823): rematching NetworkAgentInfo [WIFI () - 193]
D/ConnectivityService(  823): Network NetworkAgentInfo [WIFI () - 193] was already satisfying request 1. No change.
D/ConnectivityService(  823): notifyType AVAILABLE for NetworkAgentInfo [WIFI () - 193]
I/SFPerfTracer(  236):      triggers: (rate: 3662:181707) (compose: 0:338) (post: 0:4496) (render: 0:943) (1:946406 frames) (2:1164516)
D/SFPerfTracer(  236):        layers: (4:20) (FocusedStackFrame (0xb8b328e0): 0:4806)* (DimLayer (0xb8b344a0): 0:541)* (DimLayer (0xb8b1a240): 0:10)* (DimLayer (0xb8b1ce40): 0:5992)* (DimLayer (0xb8b1f8a8): 0:941)* (StatusBar (0xb8aa4830): 1:101939) (com.android.systemui.ImageWallpaper (0xb8b2b5e8): 0:4847)* (Sprite (0xb8b430f0): 0:82748)* (Sprite (0xb8a97c28): 0:43318)* (Sprite (0xb8b65cf0): 0:67553)* (Sprite (0xb8b69508): 0:56429)* (Sprite (0xb8b51f58): 0:12555)* (Sprite (0xb8b5a150): 0:8898)* (Sprite (0xb8b720c8): 0:12137)* (Sprite (0xb8b7a7f0): 0:29)* (Sprite (0xb8b83230): 0:7163)* (Sprite (0xb8b85c40): 0:4382)* (NavigationBar (0xb8b67350): 0:121) (io.cordova.hellocordova/io.cordova.hellocordova.MainActivity (0xb8b58ea8): 1:1206) (InputMethod (0xb8b76208): 0:17) 
I/SFPerfTracer(  236):      triggers: (rate: 0:1330) (255646 sw vsyncs) (0 skipped) (2:1995394 vsyncs) (4:2370048)
D/ConnectivityService(  823): updateNetworkScore for NetworkAgentInfo [WIFI () - 193] to 56
D/ConnectivityService(  823): rematching NetworkAgentInfo [WIFI () - 193]
D/ConnectivityService(  823): Network NetworkAgentInfo [WIFI () - 193] was already satisfying request 1. No change.
D/ConnectivityService(  823): notifyType AVAILABLE for NetworkAgentInfo [WIFI () - 193]
D/ConnectivityService(  823): updateNetworkScore for NetworkAgentInfo [WIFI () - 193] to 60
D/ConnectivityService(  823): rematching NetworkAgentInfo [WIFI () - 193]
D/ConnectivityService(  823): Network NetworkAgentInfo [WIFI () - 193] was already satisfying request 1. No change.
D/ConnectivityService(  823): notifyType AVAILABLE for NetworkAgentInfo [WIFI () - 193]
V/AlarmManager(  823): sending alarm {2d7cebb2 type 2 *walarm*:CONTEXT_MANAGER_ALARM_WAKEUP_49814}
V/AlarmManager(  823): done {2d7cebb2, *walarm*:CONTEXT_MANAGER_ALARM_WAKEUP_49814} [12ms]
I/SFPerfTracer(  236):      triggers: (rate: 0:1330) (255646 sw vsyncs) (0 skipped) (2:1995441 vsyncs) (4:2370149)
I/SFPerfTracer(  236):      triggers: (rate: 3662:181709) (compose: 0:338) (post: 0:4496) (render: 0:943) (0:946415 frames) (1:1164616)
D/SFPerfTracer(  236):        layers: (4:20) (FocusedStackFrame (0xb8b328e0): 0:4806)* (DimLayer (0xb8b344a0): 0:541)* (DimLayer (0xb8b1a240): 0:10)* (DimLayer (0xb8b1ce40): 0:5992)* (DimLayer (0xb8b1f8a8): 0:941)* (StatusBar (0xb8aa4830): 0:101953) (com.android.systemui.ImageWallpaper (0xb8b2b5e8): 0:4847)* (Sprite (0xb8b430f0): 0:82748)* (Sprite (0xb8a97c28): 0:43318)* (Sprite (0xb8b65cf0): 0:67553)* (Sprite (0xb8b69508): 0:56429)* (Sprite (0xb8b51f58): 0:12555)* (Sprite (0xb8b5a150): 0:8898)* (Sprite (0xb8b720c8): 0:12137)* (Sprite (0xb8b7a7f0): 0:29)* (Sprite (0xb8b83230): 0:7163)* (Sprite (0xb8b85c40): 0:4382)* (NavigationBar (0xb8b67350): 0:121) (io.cordova.hellocordova/io.cordova.hellocordova.MainActivity (0xb8b58ea8): 0:1244) (InputMethod (0xb8b76208): 0:17) 
D/ConnectivityService(  823): updateNetworkScore for NetworkAgentInfo [WIFI () - 193] to 56
D/ConnectivityService(  823): rematching NetworkAgentInfo [WIFI () - 193]
D/ConnectivityService(  823): Network NetworkAgentInfo [WIFI () - 193] was already satisfying request 1. No change.
D/ConnectivityService(  823): notifyType AVAILABLE for NetworkAgentInfo [WIFI () - 193]
D/ConnectivityService(  823): updateNetworkScore for NetworkAgentInfo [WIFI () - 193] to 60
D/ConnectivityService(  823): rematching NetworkAgentInfo [WIFI () - 193]
D/ConnectivityService(  823): Network NetworkAgentInfo [WIFI () - 193] was already satisfying request 1. No change.
D/ConnectivityService(  823): notifyType AVAILABLE for NetworkAgentInfo [WIFI () - 193]
I/SFPerfTracer(  236):      triggers: (rate: 0:1330) (255646 sw vsyncs) (0 skipped) (2:1995491 vsyncs) (4:2370252)
I/SFPerfTracer(  236):      triggers: (rate: 0:1330) (255646 sw vsyncs) (0 skipped) (2:1995544 vsyncs) (4:2370355)
V/AlarmManager(  823): sending alarm {269cdebb type 3 *alarm*:android.intent.action.TIME_TICK}
V/AlarmManager(  823): done {269cdebb, *alarm*:android.intent.action.TIME_TICK} [49ms]
I/SFPerfTracer(  236):      triggers: (rate: 3662:181715) (compose: 0:338) (post: 0:4496) (render: 0:943) (0:946428 frames) (1:1164716)
D/SFPerfTracer(  236):        layers: (4:20) (FocusedStackFrame (0xb8b328e0): 0:4806)* (DimLayer (0xb8b344a0): 0:541)* (DimLayer (0xb8b1a240): 0:10)* (DimLayer (0xb8b1ce40): 0:5992)* (DimLayer (0xb8b1f8a8): 0:941)* (StatusBar (0xb8aa4830): 1:101972) (com.android.systemui.ImageWallpaper (0xb8b2b5e8): 0:4847)* (Sprite (0xb8b430f0): 0:82748)* (Sprite (0xb8a97c28): 0:43318)* (Sprite (0xb8b65cf0): 0:67553)* (Sprite (0xb8b69508): 0:56429)* (Sprite (0xb8b51f58): 0:12555)* (Sprite (0xb8b5a150): 0:8898)* (Sprite (0xb8b720c8): 0:12137)* (Sprite (0xb8b7a7f0): 0:29)* (Sprite (0xb8b83230): 0:7163)* (Sprite (0xb8b85c40): 0:4382)* (NavigationBar (0xb8b67350): 0:121) (io.cordova.hellocordova/io.cordova.hellocordova.MainActivity (0xb8b58ea8): 0:1286) (InputMethod (0xb8b76208): 0:17) 
V/AlarmManager(  823): sending alarm {3f38f218 type 2 *walarm*:com.google.android.location.ALARM_WAKEUP_ACTIVITY_DETECTION}
V/AlarmManager(  823): sending alarm {54d66bc type 3 *alarm*:com.google.android.gms/.lockbox.LockboxAlarmReceiver}
V/AlarmManager(  823): done {3f38f218, *walarm*:com.google.android.location.ALARM_WAKEUP_ACTIVITY_DETECTION} [19ms]
V/AlarmManager(  823): done {54d66bc, *alarm*:com.google.android.gms/.lockbox.LockboxAlarmReceiver} [25ms]
I/SFPerfTracer(  236):      triggers: (rate: 0:1330) (255646 sw vsyncs) (0 skipped) (2:1995592 vsyncs) (4:2370458)
I/SFPerfTracer(  236):      triggers: (rate: 3662:181721) (compose: 0:338) (post: 0:4496) (render: 0:943) (0:946440 frames) (1:1164816)
D/SFPerfTracer(  236):        layers: (4:20) (FocusedStackFrame (0xb8b328e0): 0:4806)* (DimLayer (0xb8b344a0): 0:541)* (DimLayer (0xb8b1a240): 0:10)* (DimLayer (0xb8b1ce40): 0:5992)* (DimLayer (0xb8b1f8a8): 0:941)* (StatusBar (0xb8aa4830): 0:101991) (com.android.systemui.ImageWallpaper (0xb8b2b5e8): 0:4847)* (Sprite (0xb8b430f0): 0:82748)* (Sprite (0xb8a97c28): 0:43318)* (Sprite (0xb8b65cf0): 0:67553)* (Sprite (0xb8b69508): 0:56429)* (Sprite (0xb8b51f58): 0:12555)* (Sprite (0xb8b5a150): 0:8898)* (Sprite (0xb8b720c8): 0:12137)* (Sprite (0xb8b7a7f0): 0:29)* (Sprite (0xb8b83230): 0:7163)* (Sprite (0xb8b85c40): 0:4382)* (NavigationBar (0xb8b67350): 0:121) (io.cordova.hellocordova/io.cordova.hellocordova.MainActivity (0xb8b58ea8): 1:1325) (InputMethod (0xb8b76208): 0:17) 
I/SFPerfTracer(  236):      triggers: (rate: 0:1330) (255646 sw vsyncs) (0 skipped) (2:1995638 vsyncs) (4:2370559)
I/SFPerfTracer(  236):      triggers: (rate: 0:1330) (255646 sw vsyncs) (0 skipped) (2:1995684 vsyncs) (4:2370660)
W/ResourcesManager(27939): Asset path '/system/framework/com.android.media.remotedisplay.jar' does not exist or contains no resources.
W/ResourcesManager(27939): Asset path '/system/framework/com.android.location.provider.jar' does not exist or contains no resources.
I/SFPerfTracer(  236):      triggers: (rate: 3662:181728) (compose: 0:338) (post: 0:4496) (render: 0:943) (0:946447 frames) (1:1164916)
