D/ConnectivityService(  823): updateNetworkScore for NetworkAgentInfo [WIFI () - 193] to 60
D/ConnectivityService(  823): rematching NetworkAgentInfo [WIFI () - 193]
D/ConnectivityService(  823): Network NetworkAgentInfo [WIFI () - 193] was already satisfying request 1. No change.
D/ConnectivityService(  823): notifyType AVAILABLE for NetworkAgentInfo [WIFI () - 193]
D/ConnectivityService(  823): updateNetworkScore for NetworkAgentInfo [WIFI () - 193] to 56
D/ConnectivityService(  823): rematching NetworkAgentInfo [WIFI () - 193]
D/ConnectivityService(  823): Network NetworkAgentInfo [WIFI () - 193] was already satisfying request 1. No change.
D/ConnectivityService(  823): notifyType AVAILABLE for NetworkAgentInfo [WIFI () - 193]
D/ConnectivityService(  823): updateNetworkScore for NetworkAgentInfo [WIFI () - 193] to 60
D/ConnectivityService(  823): rematching NetworkAgentInfo [WIFI () - 193]
D/ConnectivityService(  823): Network NetworkAgentInfo [WIFI () - 193] was already satisfying request 1. No change.
D/ConnectivityService(  823): notifyType AVAILABLE for NetworkAgentInfo [WIFI () - 193]
I/SFPerfTracer(  236):      triggers: (rate: 0:1330) (260212 sw vsyncs) (0 skipped) (0:1997136 vsyncs) (1:2377947)
V/AlarmManager(  823): sending alarm {269cdebb type 3 *alarm*:android.intent.action.TIME_TICK}
V/AlarmManager(  823): done {269cdebb, *alarm*:android.intent.action.TIME_TICK} [40ms]
I/SFPerfTracer(  236):      triggers: (rate: 3662:181757) (compose: 0:338) (post: 0:4499) (render: 0:946) (0:947467 frames) (1:1166849)
D/SFPerfTracer(  236):        layers: (4:19) (FocusedStackFrame (0xb8b328e0): 0:4816)* (DimLayer (0xb8b344a0): 0:541)* (DimLayer (0xb8b1a240): 0:10)* (DimLayer (0xb8b1ce40): 0:5992)* (DimLayer (0xb8b1f8a8): 0:943)* (StatusBar (0xb8aa4830): 1:102850) (com.android.systemui.ImageWallpaper (0xb8b2b5e8): 0:4869) (Sprite (0xb8b430f0): 0:82748)* (Sprite (0xb8a97c28): 0:43318)* (Sprite (0xb8b65cf0): 0:67994)* (Sprite (0xb8b69508): 0:56429)* (Sprite (0xb8b51f58): 0:12555)* (Sprite (0xb8b5a150): 0:8898)* (Sprite (0xb8b720c8): 0:12137)* (Sprite (0xb8b7a7f0): 0:29)* (Sprite (0xb8b83230): 0:7163)* (Sprite (0xb8b85c40): 0:4395)* (com.google.android.googlequicksearchbox/com.google.android.launcher.GEL (0xb8b76208): 0:379) (NavigationBar (0xb8b67350): 0:33) 
V/AlarmManager(  823): sending alarm {54d66bc type 3 *alarm*:com.google.android.gms/.lockbox.LockboxAlarmReceiver}
V/AlarmManager(  823): done {54d66bc, *alarm*:com.google.android.gms/.lockbox.LockboxAlarmReceiver} [8ms]
I/SFPerfTracer(  236):      triggers: (rate: 0:1330) (260212 sw vsyncs) (0 skipped) (0:1997136 vsyncs) (1:2378048)
V/AlarmManager(  823): sending alarm {3f38f218 type 2 *walarm*:com.google.android.location.ALARM_WAKEUP_ACTIVITY_DETECTION}
V/AlarmManager(  823): done {3f38f218, *walarm*:com.google.android.location.ALARM_WAKEUP_ACTIVITY_DETECTION} [15ms]
D/ConnectivityService(  823): updateNetworkScore for NetworkAgentInfo [WIFI () - 193] to 56
D/ConnectivityService(  823): rematching NetworkAgentInfo [WIFI () - 193]
D/ConnectivityService(  823): Network NetworkAgentInfo [WIFI () - 193] was already satisfying request 1. No change.
D/ConnectivityService(  823): notifyType AVAILABLE for NetworkAgentInfo [WIFI () - 193]
D/ConnectivityService(  823): updateNetworkScore for NetworkAgentInfo [WIFI () - 193] to 60
D/ConnectivityService(  823): rematching NetworkAgentInfo [WIFI () - 193]
D/ConnectivityService(  823): Network NetworkAgentInfo [WIFI () - 193] was already satisfying request 1. No change.
D/ConnectivityService(  823): notifyType AVAILABLE for NetworkAgentInfo [WIFI () - 193]
D/ConnectivityService(  823): updateNetworkScore for NetworkAgentInfo [WIFI () - 193] to 56
D/ConnectivityService(  823): rematching NetworkAgentInfo [WIFI () - 193]
D/ConnectivityService(  823): Network NetworkAgentInfo [WIFI () - 193] was already satisfying request 1. No change.
D/ConnectivityService(  823): notifyType AVAILABLE for NetworkAgentInfo [WIFI () - 193]
D/ConnectivityService(  823): updateNetworkScore for NetworkAgentInfo [WIFI () - 193] to 60
D/ConnectivityService(  823): rematching NetworkAgentInfo [WIFI () - 193]
D/ConnectivityService(  823): Network NetworkAgentInfo [WIFI () - 193] was already satisfying request 1. No change.
D/ConnectivityService(  823): notifyType AVAILABLE for NetworkAgentInfo [WIFI () - 193]
I/SFPerfTracer(  236):      triggers: (rate: 3662:181757) (compose: 0:338) (post: 0:4499) (render: 0:946) (0:947468 frames) (1:1166949)
D/SFPerfTracer(  236):        layers: (4:19) (FocusedStackFrame (0xb8b328e0): 0:4816)* (DimLayer (0xb8b344a0): 0:541)* (DimLayer (0xb8b1a240): 0:10)* (DimLayer (0xb8b1ce40): 0:5992)* (DimLayer (0xb8b1f8a8): 0:943)* (StatusBar (0xb8aa4830): 0:102901) (com.android.systemui.ImageWallpaper (0xb8b2b5e8): 0:4869) (Sprite (0xb8b430f0): 0:82748)* (Sprite (0xb8a97c28): 0:43318)* (Sprite (0xb8b65cf0): 0:67994)* (Sprite (0xb8b69508): 0:56429)* (Sprite (0xb8b51f58): 0:12555)* (Sprite (0xb8b5a150): 0:8898)* (Sprite (0xb8b720c8): 0:12137)* (Sprite (0xb8b7a7f0): 0:29)* (Sprite (0xb8b83230): 0:7163)* (Sprite (0xb8b85c40): 0:4395)* (com.google.android.googlequicksearchbox/com.google.android.launcher.GEL (0xb8b76208): 0:379) (NavigationBar (0xb8b67350): 0:33) 
I/SFPerfTracer(  236):      triggers: (rate: 0:1330) (260212 sw vsyncs) (0 skipped) (0:1997136 vsyncs) (1:2378149)
V/AlarmManager(  823): sending alarm {269cdebb type 3 *alarm*:android.intent.action.TIME_TICK}
V/AlarmManager(  823): done {269cdebb, *alarm*:android.intent.action.TIME_TICK} [40ms]
V/AlarmManager(  823): sending alarm {54d66bc type 3 *alarm*:com.google.android.gms/.lockbox.LockboxAlarmReceiver}
V/AlarmManager(  823): done {54d66bc, *alarm*:com.google.android.gms/.lockbox.LockboxAlarmReceiver} [9ms]
V/AlarmManager(  823): sending alarm {1cc6a0f6 type 2 *walarm*:com.motorola.slpc.ALARM_MODALITY}
V/AlarmManager(  823): done {1cc6a0f6, *walarm*:com.motorola.slpc.ALARM_MODALITY} [5ms]
I/SFPerfTracer(  236):      triggers: (rate: 0:1330) (260212 sw vsyncs) (0 skipped) (0:1997136 vsyncs) (1:2378250)
W/ResourcesManager(27939): Asset path '/system/framework/com.android.media.remotedisplay.jar' does not exist or contains no resources.
W/ResourcesManager(27939): Asset path '/system/framework/com.android.location.provider.jar' does not exist or contains no resources.
D/ConnectivityService(  823): updateNetworkScore for NetworkAgentInfo [WIFI () - 193] to 56
D/ConnectivityService(  823): rematching NetworkAgentInfo [WIFI () - 193]
D/ConnectivityService(  823): Network NetworkAgentInfo [WIFI () - 193] was already satisfying request 1. No change.
D/ConnectivityService(  823): notifyType AVAILABLE for NetworkAgentInfo [WIFI () - 193]
I/SFPerfTracer(  236):      triggers: (rate: 3662:181757) (compose: 0:338) (post: 0:4499) (render: 0:946) (0:947469 frames) (1:1167049)
D/SFPerfTracer(  236):        layers: (4:19) (FocusedStackFrame (0xb8b328e0): 0:4816)* (DimLayer (0xb8b344a0): 0:541)* (DimLayer (0xb8b1a240): 0:10)* (DimLayer (0xb8b1ce40): 0:5992)* (DimLayer (0xb8b1f8a8): 0:943)* (StatusBar (0xb8aa4830): 1:102952) (com.android.systemui.ImageWallpaper (0xb8b2b5e8): 0:4869) (Sprite (0xb8b430f0): 0:82748)* (Sprite (0xb8a97c28): 0:43318)* (Sprite (0xb8b65cf0): 0:67994)* (Sprite (0xb8b69508): 0:56429)* (Sprite (0xb8b51f58): 0:12555)* (Sprite (0xb8b5a150): 0:8898)* (Sprite (0xb8b720c8): 0:12137)* (Sprite (0xb8b7a7f0): 0:29)* (Sprite (0xb8b83230): 0:7163)* (Sprite (0xb8b85c40): 0:4395)* (com.google.android.googlequicksearchbox/com.google.android.launcher.GEL (0xb8b76208): 0:379) (NavigationBar (0xb8b67350): 0:33) 
D/ConnectivityService(  823): updateNetworkScore for NetworkAgentInfo [WIFI () - 193] to 60
D/ConnectivityService(  823): rematching NetworkAgentInfo [WIFI () - 193]
D/ConnectivityService(  823): Network NetworkAgentInfo [WIFI () - 193] was already satisfying request 1. No change.
D/ConnectivityService(  823): notifyType AVAILABLE for NetworkAgentInfo [WIFI () - 193]
V/AlarmManager(  823): sending alarm {269cdebb type 3 *alarm*:android.intent.action.TIME_TICK}
V/AlarmManager(  823): done {269cdebb, *alarm*:android.intent.action.TIME_TICK} [46ms]
I/SFPerfTracer(  236):      triggers: (rate: 0:1330) (260212 sw vsyncs) (0 skipped) (0:1997136 vsyncs) (1:2378351)
V/AlarmManager(  823): sending alarm {54d66bc type 3 *alarm*:com.google.android.gms/.lockbox.LockboxAlarmReceiver}
V/AlarmManager(  823): done {54d66bc, *alarm*:com.google.android.gms/.lockbox.LockboxAlarmReceiver} [15ms]
D/ConnectivityService(  823): updateNetworkScore for NetworkAgentInfo [WIFI () - 193] to 56
D/ConnectivityService(  823): rematching NetworkAgentInfo [WIFI () - 193]
D/ConnectivityService(  823): Network NetworkAgentInfo [WIFI () - 193] was already satisfying request 1. No change.
D/ConnectivityService(  823): notifyType AVAILABLE for NetworkAgentInfo [WIFI () - 193]
D/ConnectivityService(  823): updateNetworkScore for NetworkAgentInfo [WIFI () - 193] to 60
D/ConnectivityService(  823): rematching NetworkAgentInfo [WIFI () - 193]
D/ConnectivityService(  823): Network NetworkAgentInfo [WIFI () - 193] was already satisfying request 1. No change.
D/ConnectivityService(  823): notifyType AVAILABLE for NetworkAgentInfo [WIFI () - 193]
V/AlarmManager(  823): sending alarm {3f38f218 type 2 *walarm*:com.google.android.location.ALARM_WAKEUP_ACTIVITY_DETECTION}
V/AlarmManager(  823): done {3f38f218, *walarm*:com.google.android.location.ALARM_WAKEUP_ACTIVITY_DETECTION} [18ms]
I/SFPerfTracer(  236):      triggers: (rate: 0:1330) (260212 sw vsyncs) (0 skipped) (0:1997136 vsyncs) (1:2378452)
D/ConnectivityService(  823): updateNetworkScore for NetworkAgentInfo [WIFI () - 193] to 56
D/ConnectivityService(  823): rematching NetworkAgentInfo [WIFI () - 193]
D/ConnectivityService(  823): Network NetworkAgentInfo [WIFI () - 193] was already satisfying request 1. No change.
D/ConnectivityService(  823): notifyType AVAILABLE for NetworkAgentInfo [WIFI () - 193]
I/SFPerfTracer(  236):      triggers: (rate: 3662:181762) (compose: 0:338) (post: 0:4499) (render: 0:946) (0:947472 frames) (1:1167149)
D/SFPerfTracer(  236):        layers: (4:19) (FocusedStackFrame (0xb8b328e0): 0:4816)* (DimLayer (0xb8b344a0): 0:541)* (DimLayer (0xb8b1a240): 0:10)* (DimLayer (0xb8b1ce40): 0:5992)* (DimLayer (0xb8b1f8a8): 0:943)* (StatusBar (0xb8aa4830): 1:103002) (com.android.systemui.ImageWallpaper (0xb8b2b5e8): 0:4869) (Sprite (0xb8b430f0): 0:82748)* (Sprite (0xb8a97c28): 0:43318)* (Sprite (0xb8b65cf0): 0:67994)* (Sprite (0xb8b69508): 0:56429)* (Sprite (0xb8b51f58): 0:12555)* (Sprite (0xb8b5a150): 0:8898)* (Sprite (0xb8b720c8): 0:12137)* (Sprite (0xb8b7a7f0): 0:29)* (Sprite (0xb8b83230): 0:7163)* (Sprite (0xb8b85c40): 0:4395)* (com.google.android.googlequicksearchbox/com.google.android.launcher.GEL (0xb8b76208): 0:379) (NavigationBar (0xb8b67350): 0:33) 
D/ConnectivityService(  823): updateNetworkScore for NetworkAgentInfo [WIFI () - 193] to 60
D/ConnectivityService(  823): rematching NetworkAgentInfo [WIFI () - 193]
D/ConnectivityService(  823): Network NetworkAgentInfo [WIFI () - 193] was already satisfying request 1. No change.
D/ConnectivityService(  823): notifyType AVAILABLE for NetworkAgentInfo [WIFI () - 193]
V/AlarmManager(  823): sending alarm {269cdebb type 3 *alarm*:android.intent.action.TIME_TICK}
I/ProcessStatsService(  823): Prepared write state in 14ms
V/AlarmManager(  823): done {269cdebb, *alarm*:android.intent.action.TIME_TICK} [64ms]
V/AlarmManager(  823): sending alarm {54d66bc type 3 *alarm*:com.google.android.gms/.lockbox.LockboxAlarmReceiver}
V/AlarmManager(  823): done {54d66bc, *alarm*:com.google.android.gms/.lockbox.LockboxAlarmReceiver} [9ms]
V/AlarmManager(  823): sending alarm {363c7262 type 2 *walarm*:android.net.ConnectivityService.action.PKT_CNT_SAMPLE_INTERVAL_ELAPSED}
V/AlarmManager(  823): done {363c7262, *walarm*:android.net.ConnectivityService.action.PKT_CNT_SAMPLE_INTERVAL_ELAPSED} [4ms]
D/ConnectivityService(  823): updateNetworkScore for NetworkAgentInfo [WIFI () - 193] to 56
D/ConnectivityService(  823): rematching NetworkAgentInfo [WIFI () - 193]
D/ConnectivityService(  823): Network NetworkAgentInfo [WIFI () - 193] was already satisfying request 1. No change.
D/ConnectivityService(  823): notifyType AVAILABLE for NetworkAgentInfo [WIFI () - 193]
I/SFPerfTracer(  236):      triggers: (rate: 0:1330) (260212 sw vsyncs) (0 skipped) (0:1997136 vsyncs) (1:2378553)
D/ConnectivityService(  823): updateNetworkScore for NetworkAgentInfo [WIFI () - 193] to 60
D/ConnectivityService(  823): rematching NetworkAgentInfo [WIFI () - 193]
D/ConnectivityService(  823): Network NetworkAgentInfo [WIFI () - 193] was already satisfying request 1. No change.
D/ConnectivityService(  823): notifyType AVAILABLE for NetworkAgentInfo [WIFI () - 193]
D/ConnectivityService(  823): updateNetworkScore for NetworkAgentInfo [WIFI () - 193] to 56
D/ConnectivityService(  823): rematching NetworkAgentInfo [WIFI () - 193]
D/ConnectivityService(  823): Network NetworkAgentInfo [WIFI () - 193] was already satisfying request 1. No change.
D/ConnectivityService(  823): notifyType AVAILABLE for NetworkAgentInfo [WIFI () - 193]
D/ConnectivityService(  823): updateNetworkScore for NetworkAgentInfo [WIFI () - 193] to 60
D/ConnectivityService(  823): rematching NetworkAgentInfo [WIFI () - 193]
D/ConnectivityService(  823): Network NetworkAgentInfo [WIFI () - 193] was already satisfying request 1. No change.
D/ConnectivityService(  823): notifyType AVAILABLE for NetworkAgentInfo [WIFI () - 193]
I/SFPerfTracer(  236):      triggers: (rate: 3662:181768) (compose: 0:338) (post: 0:4499) (render: 0:946) (0:947478 frames) (1:1167249)
D/SFPerfTracer(  236):        layers: (4:19) (FocusedStackFrame (0xb8b328e0): 0:4816)* (DimLayer (0xb8b344a0): 0:541)* (DimLayer (0xb8b1a240): 0:10)* (DimLayer (0xb8b1ce40): 0:5992)* (DimLayer (0xb8b1f8a8): 0:943)* (StatusBar (0xb8aa4830): 0:103054) (com.android.systemui.ImageWallpaper (0xb8b2b5e8): 0:4869) (Sprite (0xb8b430f0): 0:82748)* (Sprite (0xb8a97c28): 0:43318)* (Sprite (0xb8b65cf0): 0:67994)* (Sprite (0xb8b69508): 0:56429)* (Sprite (0xb8b51f58): 0:12555)* (Sprite (0xb8b5a150): 0:8898)* (Sprite (0xb8b720c8): 0:12137)* (Sprite (0xb8b7a7f0): 0:29)* (Sprite (0xb8b83230): 0:7163)* (Sprite (0xb8b85c40): 0:4395)* (com.google.android.googlequicksearchbox/com.google.android.launcher.GEL (0xb8b76208): 0:379) (NavigationBar (0xb8b67350): 0:33) 
I/SFPerfTracer(  236):      triggers: (rate: 0:1330) (260212 sw vsyncs) (0 skipped) (72:1997208 vsyncs) (74:2378678)
I/PowerManagerService(  823): Going to sleep due to screen timeout (uid 1000)...
I/DisplayManagerService(  823): Display device changed: DisplayDeviceInfo{"Built-in Screen": uniqueId="local:0", 540 x 960, 60.0 fps, supportedRefreshRates [60.0], density 240, 249.381 x 246.303 dpi, appVsyncOff 0, presDeadline 17666667, touch INTERNAL, rotation 0, type BUILT_IN, state OFF, FLAG_DEFAULT_DISPLAY, FLAG_ROTATES_WITH_CONTENT, FLAG_SECURE, FLAG_SUPPORTS_PROTECTED_BUFFERS}
V/ActivityManager(  823): Display changed displayId=0
V/WindowManager(  823): mAppsToBeHidden add Token{2255eb94 ActivityRecord{3d9273e7 u0 com.google.android.googlequicksearchbox/com.google.android.launcher.GEL t15681}}
V/WindowManager(  823): mAppsToBeHidden add Token{2255eb94 ActivityRecord{3d9273e7 u0 com.google.android.googlequicksearchbox/com.google.android.launcher.GEL t15681}}
I/PowerManagerService(  823): Sleeping (uid 1000)...
V/WindowManager(  823): mAppsToBeHidden add Token{2255eb94 ActivityRecord{3d9273e7 u0 com.google.android.googlequicksearchbox/com.google.android.launcher.GEL t15681}}
V/WindowManager(  823): mAppsToBeHidden add Token{2255eb94 ActivityRecord{3d9273e7 u0 com.google.android.googlequicksearchbox/com.google.android.launcher.GEL t15681}}
V/WindowManager(  823): mAppsToBeHidden add Token{2255eb94 ActivityRecord{3d9273e7 u0 com.google.android.googlequicksearchbox/com.google.android.launcher.GEL t15681}}
V/WindowManager(  823): mAppsToBeHidden add Token{2255eb94 ActivityRecord{3d9273e7 u0 com.google.android.googlequicksearchbox/com.google.android.launcher.GEL t15681}}
V/WindowManager(  823): mAppsToBeHidden add Token{2255eb94 ActivityRecord{3d9273e7 u0 com.google.android.googlequicksearchbox/com.google.android.launcher.GEL t15681}}
V/WindowManager(  823): mAppsToBeHidden add Token{2255eb94 ActivityRecord{3d9273e7 u0 com.google.android.googlequicksearchbox/com.google.android.launcher.GEL t15681}}
V/WindowManager(  823): mAppsToBeHidden add Token{2255eb94 ActivityRecord{3d9273e7 u0 com.google.android.googlequicksearchbox/com.google.android.launcher.GEL t15681}}
V/WindowManager(  823): mAppsToBeHidden add Token{2255eb94 ActivityRecord{3d9273e7 u0 com.google.android.googlequicksearchbox/com.google.android.launcher.GEL t15681}}
V/WindowManager(  823): mAppsToBeHidden add Token{2255eb94 ActivityRecord{3d9273e7 u0 com.google.android.googlequicksearchbox/com.google.android.launcher.GEL t15681}}
V/AlarmManager(  823): sending alarm {87f76ca type 2 *walarm*:com.google.android.location.ALARM_WAKEUP_BURST_COLLECTION_TRIGGER}
D/WifiService(  823): acquireWifiLockLocked: WifiLock{NlpWifiLock type=2 binder=android.os.BinderProxy@142710da}
D/WifiService(  823): releaseWifiLockLocked: WifiLock{NlpWifiLock type=2 binder=android.os.BinderProxy@142710da}
V/AlarmManager(  823): done {87f76ca, *walarm*:com.google.android.location.ALARM_WAKEUP_BURST_COLLECTION_TRIGGER} [36ms]
I/ActivityManager(  823): START u0 {flg=0x10810000 cmp=com.motorola.motodisplay/.fd.MDGlimpseActivity (has extras)} from uid 10034 on display 0
V/WindowManager(  823): mAppsToBeHidden add Token{2255eb94 ActivityRecord{3d9273e7 u0 com.google.android.googlequicksearchbox/com.google.android.launcher.GEL t15681}}
V/WindowManager(  823): addAppToken: AppWindowToken{12e553fe token=Token{b99f3b9 ActivityRecord{1a0a180 u0 com.motorola.motodisplay/.fd.MDGlimpseActivity t16489}}} to stack=1 task=16489 at 0
V/WindowManager(  823): mAppsToBeHidden add Token{2255eb94 ActivityRecord{3d9273e7 u0 com.google.android.googlequicksearchbox/com.google.android.launcher.GEL t15681}}
V/ActivityManager(  823): Display changed displayId=0
I/ActivityManager(  823): Killing 32260:android.process.acore/u0a10 (adj 15): empty for 1839s
D/ActivityManager(  823): cleanUpApplicationRecord -- 32260
V/WindowManager(  823): Adding window Window{3cf7d357 u0 com.motorola.motodisplay/com.motorola.motodisplay.fd.MDGlimpseActivity} at 8 of 16 (after Window{332e83f7 u0 io.cordova.hellocordova/io.cordova.hellocordova.MainActivity})
V/WindowManager(  823): set mWinShowWhenLocked Window{3cf7d357 u0 com.motorola.motodisplay/com.motorola.motodisplay.fd.MDGlimpseActivity}
V/WindowManager(  823): Setting mHideLockScreen to true by win Window{3cf7d357 u0 com.motorola.motodisplay/com.motorola.motodisplay.fd.MDGlimpseActivity}
V/WindowManager(  823): set mWinShowWhenLocked Window{3cf7d357 u0 com.motorola.motodisplay/com.motorola.motodisplay.fd.MDGlimpseActivity}
V/WindowManager(  823): Setting mHideLockScreen to true by win Window{3cf7d357 u0 com.motorola.motodisplay/com.motorola.motodisplay.fd.MDGlimpseActivity}
V/WindowManager(  823): set mWinShowWhenLocked Window{3cf7d357 u0 com.motorola.motodisplay/com.motorola.motodisplay.fd.MDGlimpseActivity}
V/WindowManager(  823): Setting mHideLockScreen to true by win Window{3cf7d357 u0 com.motorola.motodisplay/com.motorola.motodisplay.fd.MDGlimpseActivity}
V/WindowManager(  823): set mWinShowWhenLocked Window{3cf7d357 u0 com.motorola.motodisplay/com.motorola.motodisplay.fd.MDGlimpseActivity}
V/WindowManager(  823): Setting mHideLockScreen to true by win Window{3cf7d357 u0 com.motorola.motodisplay/com.motorola.motodisplay.fd.MDGlimpseActivity}
V/WindowManager(  823): set mWinShowWhenLocked Window{3cf7d357 u0 com.motorola.motodisplay/com.motorola.motodisplay.fd.MDGlimpseActivity}
V/WindowManager(  823): Setting mHideLockScreen to true by win Window{3cf7d357 u0 com.motorola.motodisplay/com.motorola.motodisplay.fd.MDGlimpseActivity}
V/WindowManager(  823): set mWinShowWhenLocked Window{3cf7d357 u0 com.motorola.motodisplay/com.motorola.motodisplay.fd.MDGlimpseActivity}
V/WindowManager(  823): Setting mHideLockScreen to true by win Window{3cf7d357 u0 com.motorola.motodisplay/com.motorola.motodisplay.fd.MDGlimpseActivity}
V/WindowManager(  823): set mWinShowWhenLocked Window{3cf7d357 u0 com.motorola.motodisplay/com.motorola.motodisplay.fd.MDGlimpseActivity}
V/WindowManager(  823): Setting mHideLockScreen to true by win Window{3cf7d357 u0 com.motorola.motodisplay/com.motorola.motodisplay.fd.MDGlimpseActivity}
V/WindowManager(  823): set mWinShowWhenLocked Window{3cf7d357 u0 com.motorola.motodisplay/com.motorola.motodisplay.fd.MDGlimpseActivity}
V/WindowManager(  823): Setting mHideLockScreen to true by win Window{3cf7d357 u0 com.motorola.motodisplay/com.motorola.motodisplay.fd.MDGlimpseActivity}
I/LaunchCheckinHandler(  823): Displayed com.motorola.motodisplay/.fd.MDGlimpseActivity,wp,ca,302
V/WindowManager(  823): set mWinShowWhenLocked Window{3cf7d357 u0 com.motorola.motodisplay/com.motorola.motodisplay.fd.MDGlimpseActivity}
V/WindowManager(  823): Setting mHideLockScreen to true by win Window{3cf7d357 u0 com.motorola.motodisplay/com.motorola.motodisplay.fd.MDGlimpseActivity}
I/PowerManagerService(  823): Waking up from sleep (uid 1000)...
I/DisplayManagerService(  823): Display device changed: DisplayDeviceInfo{"Built-in Screen": uniqueId="local:0", 540 x 960, 60.0 fps, supportedRefreshRates [60.0], density 240, 249.381 x 246.303 dpi, appVsyncOff 0, presDeadline 17666667, touch INTERNAL, rotation 0, type BUILT_IN, state ON, FLAG_DEFAULT_DISPLAY, FLAG_ROTATES_WITH_CONTENT, FLAG_SECURE, FLAG_SUPPORTS_PROTECTED_BUFFERS}
V/ActivityManager(  823): Display changed displayId=0
V/AlarmManager(  823): sending alarm {20673424 type 3 *alarm*:send_events}
V/AlarmManager(  823): sending alarm {269cdebb type 3 *alarm*:android.intent.action.TIME_TICK}
V/AlarmManager(  823): sending alarm {54d66bc type 3 *alarm*:com.google.android.gms/.lockbox.LockboxAlarmReceiver}
V/AlarmManager(  823): done {20673424, *alarm*:send_events} [29ms]
V/AlarmManager(  823): done {54d66bc, *alarm*:com.google.android.gms/.lockbox.LockboxAlarmReceiver} [29ms]
V/AlarmManager(  823): done {269cdebb, *alarm*:android.intent.action.TIME_TICK} [167ms]
V/AlarmManager(  823): sending alarm {12b60110 type 2 *walarm*:CONTEXT_MANAGER_ALARM_WAKEUP_49814}
V/AlarmManager(  823): done {12b60110, *walarm*:CONTEXT_MANAGER_ALARM_WAKEUP_49814} [14ms]
V/AlarmManager(  823): sending alarm {1cc6a0f6 type 2 *walarm*:com.motorola.slpc.ALARM_MODALITY}
V/AlarmManager(  823): done {1cc6a0f6, *walarm*:com.motorola.slpc.ALARM_MODALITY} [8ms]
I/SFPerfTracer(  236):      triggers: (rate: 3662:181768) (compose: 0:338) (post: 0:4500) (render: 0:946) (22:947533 frames) (23:1167335)
D/SFPerfTracer(  236):        layers: (3:23) (FocusedStackFrame (0xb8b328e0): 0:4817)* (DimLayer (0xb8b344a0): 0:541)* (DimLayer (0xb8b1a240): 0:10)* (DimLayer (0xb8b1ce40): 0:5992)* (DimLayer (0xb8b1f8a8): 0:943)* (StatusBar (0xb8aa4830): 4:103076)* (com.android.systemui.ImageWallpaper (0xb8b2b5e8): 0:4874)* (Sprite (0xb8b430f0): 0:82748)* (Sprite (0xb8a97c28): 0:43318)* (Sprite (0xb8b65cf0): 0:67994)* (Sprite (0xb8b69508): 0:56429)* (Sprite (0xb8b51f58): 0:12555)* (Sprite (0xb8b5a150): 0:8898)* (Sprite (0xb8b720c8): 0:12137)* (Sprite (0xb8b7a7f0): 0:29)* (Sprite (0xb8b83230): 0:7163)* (Sprite (0xb8b85c40): 0:4395)* (com.google.android.googlequicksearchbox/com.google.android.launcher.GEL (0xb8b76208): 0:383)- (NavigationBar (0xb8b67350): 0:33)- (ColorFade (0xb8b58ea8): 0:30)- ( (0xb8b67350): 23:36) (com.motorola.motodisplay/com.motorola.motodisplay.fd.MDGlimpseActivity (0xb8b76208): 0:5) (NavigationBar (0xb8b7d188): 15:18) 
I/SFPerfTracer(  236):      triggers: (rate: 0:1330) (260266 sw vsyncs) (0 skipped) (42:1997273 vsyncs) (44:2378819)
I/PowerManagerService(  823): Going to sleep by application request (uid 1000)...
I/ActivityManager(  823): START u0 {cmp=com.motorola.motodisplay/.fd.MDGlimpseBlank} from uid 10034 on display 0
V/WindowManager(  823): addAppToken: AppWindowToken{14e5f8d4 token=Token{3fd16e27 ActivityRecord{648ab41 u0 com.motorola.motodisplay/.fd.MDGlimpseBlank t16490}}} to stack=1 task=16490 at 0
V/ActivityManager(  823): Display changed displayId=0
V/WindowManager(  823): Layouts looping: On entry to LockedInner, mPendingLayoutChanges = 0x4
V/WindowManager(  823): Layouts looping: loop number 4, mPendingLayoutChanges = 0x0
V/WindowManager(  823): Layouts looping: after finishPostLayoutPolicyLw, mPendingLayoutChanges = 0x0
V/WindowManager(  823): Layouts looping: wallpaper and commitFinishDrawingLocked true, mPendingLayoutChanges = 0x4
V/WindowManager(  823): Layouts looping: after handleAppTransitionReadyLocked, mPendingLayoutChanges = 0x4
V/WindowManager(  823): Layouts looping: WallpaperMayChange, mPendingLayoutChanges = 0x4
V/WindowManager(  823): Layouts looping: On entry to LockedInner, mPendingLayoutChanges = 0x4
V/WindowManager(  823): Layouts looping: loop number 5, mPendingLayoutChanges = 0x0
V/WindowManager(  823): Layouts looping: after finishPostLayoutPolicyLw, mPendingLayoutChanges = 0x0
V/WindowManager(  823): Layouts looping: wallpaper and commitFinishDrawingLocked true, mPendingLayoutChanges = 0x4
V/WindowManager(  823): Layouts looping: after handleAppTransitionReadyLocked, mPendingLayoutChanges = 0x4
V/WindowManager(  823): Layouts looping: WallpaperMayChange, mPendingLayoutChanges = 0x4
E/WindowManager(  823): Performed 6 layouts in a row. Skipping
V/WindowManager(  823): Adding window Window{16bbfb1f u0 com.motorola.motodisplay/com.motorola.motodisplay.fd.MDGlimpseBlank} at 9 of 16 (after Window{3cf7d357 u0 com.motorola.motodisplay/com.motorola.motodisplay.fd.MDGlimpseActivity})
V/WindowManager(  823): Layouts looping: On entry to LockedInner, mPendingLayoutChanges = 0x4
V/WindowManager(  823): Layouts looping: loop number 4, mPendingLayoutChanges = 0x0
V/WindowManager(  823): Layouts looping: after finishPostLayoutPolicyLw, mPendingLayoutChanges = 0x0
V/WindowManager(  823): Layouts looping: wallpaper and commitFinishDrawingLocked true, mPendingLayoutChanges = 0x4
V/WindowManager(  823): Layouts looping: after handleAppTransitionReadyLocked, mPendingLayoutChanges = 0x4
V/WindowManager(  823): Layouts looping: WallpaperMayChange, mPendingLayoutChanges = 0x4
V/WindowManager(  823): Layouts looping: On entry to LockedInner, mPendingLayoutChanges = 0x4
V/WindowManager(  823): Layouts looping: loop number 5, mPendingLayoutChanges = 0x0
V/WindowManager(  823): Layouts looping: after finishPostLayoutPolicyLw, mPendingLayoutChanges = 0x0
V/WindowManager(  823): Layouts looping: wallpaper and commitFinishDrawingLocked true, mPendingLayoutChanges = 0x4
V/WindowManager(  823): Layouts looping: after handleAppTransitionReadyLocked, mPendingLayoutChanges = 0x4
V/WindowManager(  823): Layouts looping: WallpaperMayChange, mPendingLayoutChanges = 0x4
E/WindowManager(  823): Performed 6 layouts in a row. Skipping
V/WindowManager(  823): Layouts looping: On entry to LockedInner, mPendingLayoutChanges = 0x4
V/WindowManager(  823): Layouts looping: loop number 4, mPendingLayoutChanges = 0x0
V/WindowManager(  823): Layouts looping: after finishPostLayoutPolicyLw, mPendingLayoutChanges = 0x0
V/WindowManager(  823): Layouts looping: wallpaper and commitFinishDrawingLocked true, mPendingLayoutChanges = 0x4
V/WindowManager(  823): Layouts looping: after handleAppTransitionReadyLocked, mPendingLayoutChanges = 0x4
V/WindowManager(  823): Layouts looping: WallpaperMayChange, mPendingLayoutChanges = 0x4
V/WindowManager(  823): Layouts looping: On entry to LockedInner, mPendingLayoutChanges = 0x4
V/WindowManager(  823): Layouts looping: loop number 5, mPendingLayoutChanges = 0x0
V/WindowManager(  823): Layouts looping: after finishPostLayoutPolicyLw, mPendingLayoutChanges = 0x0
V/WindowManager(  823): Layouts looping: wallpaper and commitFinishDrawingLocked true, mPendingLayoutChanges = 0x4
V/WindowManager(  823): Layouts looping: after handleAppTransitionReadyLocked, mPendingLayoutChanges = 0x4
V/WindowManager(  823): Layouts looping: WallpaperMayChange, mPendingLayoutChanges = 0x4
E/WindowManager(  823): Performed 6 layouts in a row. Skipping
V/WindowManager(  823): Layouts looping: On entry to LockedInner, mPendingLayoutChanges = 0x4
V/WindowManager(  823): Layouts looping: loop number 4, mPendingLayoutChanges = 0x0
V/WindowManager(  823): Layouts looping: after finishPostLayoutPolicyLw, mPendingLayoutChanges = 0x0
V/WindowManager(  823): Layouts looping: wallpaper and commitFinishDrawingLocked true, mPendingLayoutChanges = 0x4
V/WindowManager(  823): Layouts looping: after handleAppTransitionReadyLocked, mPendingLayoutChanges = 0x4
V/WindowManager(  823): Layouts looping: WallpaperMayChange, mPendingLayoutChanges = 0x4
V/WindowManager(  823): Layouts looping: On entry to LockedInner, mPendingLayoutChanges = 0x4
V/WindowManager(  823): Layouts looping: loop number 5, mPendingLayoutChanges = 0x0
V/WindowManager(  823): Layouts looping: after finishPostLayoutPolicyLw, mPendingLayoutChanges = 0x0
V/WindowManager(  823): Layouts looping: wallpaper and commitFinishDrawingLocked true, mPendingLayoutChanges = 0x4
V/WindowManager(  823): Layouts looping: after handleAppTransitionReadyLocked, mPendingLayoutChanges = 0x4
V/WindowManager(  823): Layouts looping: WallpaperMayChange, mPendingLayoutChanges = 0x4
E/WindowManager(  823): Performed 6 layouts in a row. Skipping
V/WindowManager(  823): Layouts looping: On entry to LockedInner, mPendingLayoutChanges = 0x4
V/WindowManager(  823): Layouts looping: loop number 4, mPendingLayoutChanges = 0x0
V/WindowManager(  823): Layouts looping: after finishPostLayoutPolicyLw, mPendingLayoutChanges = 0x0
V/WindowManager(  823): Layouts looping: wallpaper and commitFinishDrawingLocked true, mPendingLayoutChanges = 0x4
V/WindowManager(  823): Layouts looping: after handleAppTransitionReadyLocked, mPendingLayoutChanges = 0x4
V/WindowManager(  823): Layouts looping: WallpaperMayChange, mPendingLayoutChanges = 0x4
V/WindowManager(  823): Layouts looping: On entry to LockedInner, mPendingLayoutChanges = 0x4
V/WindowManager(  823): Layouts looping: loop number 5, mPendingLayoutChanges = 0x0
V/WindowManager(  823): Layouts looping: after finishPostLayoutPolicyLw, mPendingLayoutChanges = 0x0
V/WindowManager(  823): Layouts looping: wallpaper and commitFinishDrawingLocked true, mPendingLayoutChanges = 0x4
V/WindowManager(  823): Layouts looping: after handleAppTransitionReadyLocked, mPendingLayoutChanges = 0x4
V/WindowManager(  823): Layouts looping: WallpaperMayChange, mPendingLayoutChanges = 0x4
E/WindowManager(  823): Performed 6 layouts in a row. Skipping
I/LaunchCheckinHandler(  823): Displayed com.motorola.motodisplay/.fd.MDGlimpseBlank,wp,ca,160
I/SFPerfTracer(  236):      triggers: (rate: 3662:181770) (compose: 0:338) (post: 0:4500) (render: 0:946) (3:947620 frames) (4:1167436)
D/SFPerfTracer(  236):        layers: (1:23) (FocusedStackFrame (0xb8b328e0): 0:4818)* (DimLayer (0xb8b344a0): 0:541)* (DimLayer (0xb8b1a240): 0:10)* (DimLayer (0xb8b1ce40): 0:5992)* (DimLayer (0xb8b1f8a8): 0:943)* (StatusBar (0xb8aa4830): 1:103083)* (com.android.systemui.ImageWallpaper (0xb8b2b5e8): 1:4878)* (Sprite (0xb8b430f0): 0:82748)* (Sprite (0xb8a97c28): 0:43318)* (Sprite (0xb8b65cf0): 0:67994)* (Sprite (0xb8b69508): 0:56429)* (Sprite (0xb8b51f58): 0:12555)* (Sprite (0xb8b5a150): 0:8898)* (Sprite (0xb8b720c8): 0:12137)* (Sprite (0xb8b7a7f0): 0:29)* (Sprite (0xb8b83230): 0:7163)* (Sprite (0xb8b85c40): 0:4395)* ( (0xb8b67350): 0:120)- (com.motorola.motodisplay/com.motorola.motodisplay.fd.MDGlimpseActivity (0xb8b76208): 0:6)* (NavigationBar (0xb8b7d188): 0:19)* (ColorFade (0xb8b58ea8): 4:12) (com.google.android.googlequicksearchbox/com.google.android.launcher.GEL (0xb8b67350): 0:2)* (com.motorola.motodisplay/com.motorola.motodisplay.fd.MDGlimpseBlank (0xb8b88f78): 3:3)* 
I/DisplayManagerService(  823): Display device changed: DisplayDeviceInfo{"Built-in Screen": uniqueId="local:0", 540 x 960, 60.0 fps, supportedRefreshRates [60.0], density 240, 249.381 x 246.303 dpi, appVsyncOff 0, presDeadline 17666667, touch INTERNAL, rotation 0, type BUILT_IN, state OFF, FLAG_DEFAULT_DISPLAY, FLAG_ROTATES_WITH_CONTENT, FLAG_SECURE, FLAG_SUPPORTS_PROTECTED_BUFFERS}
V/ActivityManager(  823): Display changed displayId=0
V/WindowManager(  823): set mWinShowWhenLocked Window{16bbfb1f u0 com.motorola.motodisplay/com.motorola.motodisplay.fd.MDGlimpseBlank}
V/WindowManager(  823): mAppsToBeHidden add Token{2255eb94 ActivityRecord{3d9273e7 u0 com.google.android.googlequicksearchbox/com.google.android.launcher.GEL t15681}}
I/SFPerfTracer(  236):      triggers: (rate: 0:1330) (260267 sw vsyncs) (0 skipped) (28:1997391 vsyncs) (30:2378948)
I/PowerManagerService(  823): Sleeping (uid 1000)...
V/WindowManager(  823): set mWinShowWhenLocked Window{16bbfb1f u0 com.motorola.motodisplay/com.motorola.motodisplay.fd.MDGlimpseBlank}
V/WindowManager(  823): mAppsToBeHidden add Token{2255eb94 ActivityRecord{3d9273e7 u0 com.google.android.googlequicksearchbox/com.google.android.launcher.GEL t15681}}
V/WindowManager(  823): set mWinShowWhenLocked Window{16bbfb1f u0 com.motorola.motodisplay/com.motorola.motodisplay.fd.MDGlimpseBlank}
V/WindowManager(  823): mAppsToBeHidden add Token{2255eb94 ActivityRecord{3d9273e7 u0 com.google.android.googlequicksearchbox/com.google.android.launcher.GEL t15681}}
V/WindowManager(  823): set mWinShowWhenLocked Window{16bbfb1f u0 com.motorola.motodisplay/com.motorola.motodisplay.fd.MDGlimpseBlank}
V/WindowManager(  823): mAppsToBeHidden add Token{2255eb94 ActivityRecord{3d9273e7 u0 com.google.android.googlequicksearchbox/com.google.android.launcher.GEL t15681}}
D/TaskPersister(  823): removeObsoleteFile: deleting file=16488_task_thumbnail.png
D/TaskPersister(  823): removeObsoleteFile: deleting file=16489_task_thumbnail.png
V/AlarmManager(  823): sending alarm {269cdebb type 3 *alarm*:android.intent.action.TIME_TICK}
V/AlarmManager(  823): sending alarm {218ac36f type 2 *walarm*:android.intent.action.ACTION_ON_WAKELOCK_EXPIRY}
V/AlarmManager(  823): sending alarm {54d66bc type 3 *alarm*:com.google.android.gms/.lockbox.LockboxAlarmReceiver}
V/AlarmManager(  823): done {218ac36f, *walarm*:android.intent.action.ACTION_ON_WAKELOCK_EXPIRY} [23ms]
V/AlarmManager(  823): done {54d66bc, *alarm*:com.google.android.gms/.lockbox.LockboxAlarmReceiver} [23ms]
V/AlarmManager(  823): done {269cdebb, *alarm*:android.intent.action.TIME_TICK} [71ms]
W/ResourcesManager(28207): Asset path '/system/framework/com.google.android.media.effects.jar' does not exist or contains no resources.
D/WifiService(  823): acquireWifiLockLocked: WifiLock{NlpWifiLock type=2 binder=android.os.BinderProxy@19859655}
D/WifiService(  823): acquireWifiLockLocked: WifiLock{NlpWifiLock type=2 binder=android.os.BinderProxy@2c6d186a}
D/WifiService(  823): releaseWifiLockLocked: WifiLock{NlpWifiLock type=2 binder=android.os.BinderProxy@2c6d186a}
D/WifiService(  823): releaseWifiLockLocked: WifiLock{NlpWifiLock type=2 binder=android.os.BinderProxy@19859655}
V/AlarmManager(  823): sending alarm {1cc6a0f6 type 2 *walarm*:com.motorola.slpc.ALARM_MODALITY}
V/AlarmManager(  823): done {1cc6a0f6, *walarm*:com.motorola.slpc.ALARM_MODALITY} [40ms]
V/AlarmManager(  823): sending alarm {269cdebb type 3 *alarm*:android.intent.action.TIME_TICK}
V/AlarmManager(  823): sending alarm {54d66bc type 3 *alarm*:com.google.android.gms/.lockbox.LockboxAlarmReceiver}
V/AlarmManager(  823): sending alarm {3f38f218 type 2 *walarm*:com.google.android.location.ALARM_WAKEUP_ACTIVITY_DETECTION}
V/AlarmManager(  823): done {54d66bc, *alarm*:com.google.android.gms/.lockbox.LockboxAlarmReceiver} [19ms]
V/AlarmManager(  823): done {3f38f218, *walarm*:com.google.android.location.ALARM_WAKEUP_ACTIVITY_DETECTION} [48ms]
V/AlarmManager(  823): done {269cdebb, *alarm*:android.intent.action.TIME_TICK} [60ms]
V/AlarmManager(  823): sending alarm {269cdebb type 3 *alarm*:android.intent.action.TIME_TICK}
V/AlarmManager(  823): sending alarm {54d66bc type 3 *alarm*:com.google.android.gms/.lockbox.LockboxAlarmReceiver}
V/AlarmManager(  823): sending alarm {87f76ca type 2 *walarm*:com.google.android.location.ALARM_WAKEUP_BURST_COLLECTION_TRIGGER}
V/AlarmManager(  823): done {54d66bc, *alarm*:com.google.android.gms/.lockbox.LockboxAlarmReceiver} [12ms]
V/AlarmManager(  823): done {87f76ca, *walarm*:com.google.android.location.ALARM_WAKEUP_BURST_COLLECTION_TRIGGER} [24ms]
V/AlarmManager(  823): done {269cdebb, *alarm*:android.intent.action.TIME_TICK} [69ms]
I/ActivityManager(  823): START u0 {flg=0x10810000 cmp=com.motorola.motodisplay/.fd.MDGlimpseActivity (has extras)} from uid 10034 on display 0
V/WindowManager(  823): set mWinShowWhenLocked Window{16bbfb1f u0 com.motorola.motodisplay/com.motorola.motodisplay.fd.MDGlimpseBlank}
V/WindowManager(  823): mAppsToBeHidden add Token{2255eb94 ActivityRecord{3d9273e7 u0 com.google.android.googlequicksearchbox/com.google.android.launcher.GEL t15681}}
V/WindowManager(  823): addAppToken: AppWindowToken{2be0d17 token=Token{1f15ed96 ActivityRecord{69d14b1 u0 com.motorola.motodisplay/.fd.MDGlimpseActivity t16491}}} to stack=1 task=16491 at 0
V/WindowManager(  823): mAppsToBeHidden add Token{2255eb94 ActivityRecord{3d9273e7 u0 com.google.android.googlequicksearchbox/com.google.android.launcher.GEL t15681}}
V/WindowManager(  823): mAppsToBeHidden add Token{2255eb94 ActivityRecord{3d9273e7 u0 com.google.android.googlequicksearchbox/com.google.android.launcher.GEL t15681}}
V/ActivityManager(  823): Display changed displayId=0
V/WindowManager(  823): Adding window Window{173bb09c u0 com.motorola.motodisplay/com.motorola.motodisplay.fd.MDGlimpseActivity} at 9 of 17 (after Window{16bbfb1f u0 com.motorola.motodisplay/com.motorola.motodisplay.fd.MDGlimpseBlank})
V/WindowManager(  823): set mWinShowWhenLocked Window{173bb09c u0 com.motorola.motodisplay/com.motorola.motodisplay.fd.MDGlimpseActivity}
V/WindowManager(  823): Setting mHideLockScreen to true by win Window{173bb09c u0 com.motorola.motodisplay/com.motorola.motodisplay.fd.MDGlimpseActivity}
V/WindowManager(  823): set mWinShowWhenLocked Window{173bb09c u0 com.motorola.motodisplay/com.motorola.motodisplay.fd.MDGlimpseActivity}
V/WindowManager(  823): Setting mHideLockScreen to true by win Window{173bb09c u0 com.motorola.motodisplay/com.motorola.motodisplay.fd.MDGlimpseActivity}
V/WindowManager(  823): set mWinShowWhenLocked Window{173bb09c u0 com.motorola.motodisplay/com.motorola.motodisplay.fd.MDGlimpseActivity}
V/WindowManager(  823): Setting mHideLockScreen to true by win Window{173bb09c u0 com.motorola.motodisplay/com.motorola.motodisplay.fd.MDGlimpseActivity}
V/WindowManager(  823): set mWinShowWhenLocked Window{173bb09c u0 com.motorola.motodisplay/com.motorola.motodisplay.fd.MDGlimpseActivity}
V/WindowManager(  823): Setting mHideLockScreen to true by win Window{173bb09c u0 com.motorola.motodisplay/com.motorola.motodisplay.fd.MDGlimpseActivity}
V/WindowManager(  823): set mWinShowWhenLocked Window{173bb09c u0 com.motorola.motodisplay/com.motorola.motodisplay.fd.MDGlimpseActivity}
V/WindowManager(  823): Setting mHideLockScreen to true by win Window{173bb09c u0 com.motorola.motodisplay/com.motorola.motodisplay.fd.MDGlimpseActivity}
V/WindowManager(  823): set mWinShowWhenLocked Window{173bb09c u0 com.motorola.motodisplay/com.motorola.motodisplay.fd.MDGlimpseActivity}
V/WindowManager(  823): Setting mHideLockScreen to true by win Window{173bb09c u0 com.motorola.motodisplay/com.motorola.motodisplay.fd.MDGlimpseActivity}
V/WindowManager(  823): set mWinShowWhenLocked Window{173bb09c u0 com.motorola.motodisplay/com.motorola.motodisplay.fd.MDGlimpseActivity}
V/WindowManager(  823): Setting mHideLockScreen to true by win Window{173bb09c u0 com.motorola.motodisplay/com.motorola.motodisplay.fd.MDGlimpseActivity}
V/WindowManager(  823): set mWinShowWhenLocked Window{173bb09c u0 com.motorola.motodisplay/com.motorola.motodisplay.fd.MDGlimpseActivity}
V/WindowManager(  823): Setting mHideLockScreen to true by win Window{173bb09c u0 com.motorola.motodisplay/com.motorola.motodisplay.fd.MDGlimpseActivity}
I/LaunchCheckinHandler(  823): Displayed com.motorola.motodisplay/.fd.MDGlimpseActivity,wp,ca,209
V/WindowManager(  823): set mWinShowWhenLocked Window{173bb09c u0 com.motorola.motodisplay/com.motorola.motodisplay.fd.MDGlimpseActivity}
V/WindowManager(  823): Setting mHideLockScreen to true by win Window{173bb09c u0 com.motorola.motodisplay/com.motorola.motodisplay.fd.MDGlimpseActivity}
I/PowerManagerService(  823): Waking up from sleep (uid 1000)...
I/DisplayManagerService(  823): Display device changed: DisplayDeviceInfo{"Built-in Screen": uniqueId="local:0", 540 x 960, 60.0 fps, supportedRefreshRates [60.0], density 240, 249.381 x 246.303 dpi, appVsyncOff 0, presDeadline 17666667, touch INTERNAL, rotation 0, type BUILT_IN, state ON, FLAG_DEFAULT_DISPLAY, FLAG_ROTATES_WITH_CONTENT, FLAG_SECURE, FLAG_SUPPORTS_PROTECTED_BUFFERS}
V/ActivityManager(  823): Display changed displayId=0
V/ActivityManager(  823): Display changed displayId=0
W/WindowManager(  823): Timeout waiting for drawn: undrawn=[Window{173bb09c u0 com.motorola.motodisplay/com.motorola.motodisplay.fd.MDGlimpseActivity}, Window{173bb09c u0 com.motorola.motodisplay/com.motorola.motodisplay.fd.MDGlimpseActivity}]
I/SFPerfTracer(  236):      triggers: (rate: 3662:181770) (compose: 0:338) (post: 0:4501) (render: 0:946) (16:947659 frames) (17:1167494)
D/SFPerfTracer(  236):        layers: (3:25) (FocusedStackFrame (0xb8b328e0): 0:4823)* (DimLayer (0xb8b344a0): 0:541)* (DimLayer (0xb8b1a240): 0:10)* (DimLayer (0xb8b1ce40): 0:5992)* (DimLayer (0xb8b1f8a8): 0:943)* (StatusBar (0xb8aa4830): 17:103124)* (com.android.systemui.ImageWallpaper (0xb8b2b5e8): 0:4885)* (Sprite (0xb8b430f0): 0:82748)* (Sprite (0xb8a97c28): 0:43318)* (Sprite (0xb8b65cf0): 0:67994)* (Sprite (0xb8b69508): 0:56429)* (Sprite (0xb8b51f58): 0:12555)* (Sprite (0xb8b5a150): 0:8898)* (Sprite (0xb8b720c8): 0:12137)* (Sprite (0xb8b7a7f0): 0:29)* (Sprite (0xb8b83230): 0:7163)* (Sprite (0xb8b85c40): 0:4395)* (com.motorola.motodisplay/com.motorola.motodisplay.fd.MDGlimpseActivity (0xb8b76208): 0:6)- (NavigationBar (0xb8b7d188): 0:30)- (ColorFade (0xb8b58ea8): 0:30)- (com.google.android.googlequicksearchbox/com.google.android.launcher.GEL (0xb8b67350): 0:18)- (com.motorola.motodisplay/com.motorola.motodisplay.fd.MDGlimpseBlank (0xb8b88f78): 0:6)- ( (0xb8b76208): 14:27) 
V/AlarmManager(  823): sending alarm {3d355589 type 2 *walarm*:com.motorola.slpc.ALARM_ORIENTATION}
V/AlarmManager(  823): sending alarm {1cc6a0f6 type 2 *walarm*:com.motorola.slpc.ALARM_MODALITY}
V/AlarmManager(  823): done {3d355589, *walarm*:com.motorola.slpc.ALARM_ORIENTATION} [6ms]
V/AlarmManager(  823): done {1cc6a0f6, *walarm*:com.motorola.slpc.ALARM_MODALITY} [8ms]
V/AlarmManager(  823): sending alarm {207daf01 type 2 *walarm*:CONTEXT_MANAGER_ALARM_WAKEUP_49814}
V/AlarmManager(  823): done {207daf01, *walarm*:CONTEXT_MANAGER_ALARM_WAKEUP_49814} [8ms]
I/SFPerfTracer(  236):      triggers: (rate: 0:1330) (260302 sw vsyncs) (0 skipped) (117:1997508 vsyncs) (119:2379103)
D/TaskPersister(  823): removeObsoleteFile: deleting file=16490_task_thumbnail.png
I/SFPerfTracer(  236):      triggers: (rate: 3662:181770) (compose: 0:338) (post: 0:4501) (render: 0:946) (94:947805 frames) (95:1167658)
D/SFPerfTracer(  236):        layers: (4:22) (FocusedStackFrame (0xb8b328e0): 0:4824)* (DimLayer (0xb8b344a0): 0:541)* (DimLayer (0xb8b1a240): 0:10)* (DimLayer (0xb8b1ce40): 0:5992)* (DimLayer (0xb8b1f8a8): 0:943)* (StatusBar (0xb8aa4830): 90:103258) (com.android.systemui.ImageWallpaper (0xb8b2b5e8): 0:4887) (Sprite (0xb8b430f0): 0:82748)* (Sprite (0xb8a97c28): 0:43318)* (Sprite (0xb8b65cf0): 93:68107) (Sprite (0xb8b69508): 0:56429)* (Sprite (0xb8b51f58): 0:12555)* (Sprite (0xb8b5a150): 0:8898)* (Sprite (0xb8b720c8): 0:12137)* (Sprite (0xb8b7a7f0): 0:29)* (Sprite (0xb8b83230): 0:7163)* (Sprite (0xb8b85c40): 0:4395)* ( (0xb8b76208): 0:27)- (com.motorola.motodisplay/com.motorola.motodisplay.fd.MDGlimpseActivity (0xb8b67350): 0:8)- (NavigationBar (0xb8b58ea8): 0:34)- (com.google.android.googlequicksearchbox/com.google.android.launcher.GEL (0xb8b7d188): 0:3)* (NavigationBar (0xb8b67350): 0:18) 
W/InputMethodManagerService(  823): Window already focused, ignoring focus gain of: com.android.internal.view.IInputMethodClient$Stub$Proxy@3d7b7cdf attribute=android.view.inputmethod.EditorInfo@11a4d2c, token = android.os.BinderProxy@928a054
I/SFPerfTracer(  236):      triggers: (rate: 0:1330) (260302 sw vsyncs) (0 skipped) (17:1997606 vsyncs) (19:2379205)
I/ActivityManager(  823): Process android.process.media (pid 26540) has died
D/ActivityManager(  823): cleanUpApplicationRecord -- 26540
W/ActivityManager(  823): Scheduling restart of crashed service com.android.providers.media/.MtpService in 1000ms
I/ActivityThread(25705): Removing dead content provider:android.content.ContentProviderProxy@30f2387a
I/ActivityManager(  823): Start proc 1454:android.process.media/u0a15 for service com.android.providers.media/.MtpService
I/SFPerfTracer(  236):      triggers: (rate: 3662:181771) (compose: 0:338) (post: 0:4501) (render: 0:946) (38:947917 frames) (39:1167783)
D/SFPerfTracer(  236):        layers: (5:19) (FocusedStackFrame (0xb8b328e0): 0:4826)* (DimLayer (0xb8b344a0): 0:541)* (DimLayer (0xb8b1a240): 0:10)* (DimLayer (0xb8b1ce40): 0:5992)* (DimLayer (0xb8b1f8a8): 0:943)* (StatusBar (0xb8aa4830): 1:103298) (com.android.systemui.ImageWallpaper (0xb8b2b5e8): 0:4888) (Sprite (0xb8b430f0): 0:82748)* (Sprite (0xb8a97c28): 0:43318)* (Sprite (0xb8b65cf0): 39:68173) (Sprite (0xb8b69508): 0:56429)* (Sprite (0xb8b51f58): 0:12555)* (Sprite (0xb8b5a150): 0:8898)* (Sprite (0xb8b720c8): 0:12137)* (Sprite (0xb8b7a7f0): 0:29)* (Sprite (0xb8b83230): 0:7163)* (Sprite (0xb8b85c40): 0:4395)* (com.google.android.googlequicksearchbox/com.google.android.launcher.GEL (0xb8b7d188): 31:85) (NavigationBar (0xb8b67350): 0:34) 
I/SFPerfTracer(  236):      triggers: (rate: 0:1330) (260302 sw vsyncs) (0 skipped) (32:1997716 vsyncs) (34:2379323)
I/SFPerfTracer(  236):      triggers: (rate: 3662:181771) (compose: 0:338) (post: 0:4501) (render: 0:946) (38:948026 frames) (39:1167899)
D/SFPerfTracer(  236):        layers: (4:19) (FocusedStackFrame (0xb8b328e0): 0:4826)* (DimLayer (0xb8b344a0): 0:541)* (DimLayer (0xb8b1a240): 0:10)* (DimLayer (0xb8b1ce40): 0:5992)* (DimLayer (0xb8b1f8a8): 0:943)* (StatusBar (0xb8aa4830): 1:103299) (com.android.systemui.ImageWallpaper (0xb8b2b5e8): 0:4888) (Sprite (0xb8b430f0): 0:82748)* (Sprite (0xb8a97c28): 0:43318)* (Sprite (0xb8b65cf0): 1:68246)* (Sprite (0xb8b69508): 0:56429)* (Sprite (0xb8b51f58): 0:12555)* (Sprite (0xb8b5a150): 0:8898)* (Sprite (0xb8b720c8): 0:12137)* (Sprite (0xb8b7a7f0): 0:29)* (Sprite (0xb8b83230): 0:7163)* (Sprite (0xb8b85c40): 0:4395)* (com.google.android.googlequicksearchbox/com.google.android.launcher.GEL (0xb8b7d188): 39:184) (NavigationBar (0xb8b67350): 0:34) 
I/SFPerfTracer(  236):      triggers: (rate: 0:1330) (260302 sw vsyncs) (0 skipped) (79:1997819 vsyncs) (81:2379431)
I/ActivityManager(  823): START u0 {act=android.intent.action.MAIN cat=[android.intent.category.LAUNCHER] flg=0x10200000 cmp=com.geonet.android.sampleapp/net.geofrenzy.android.sampleapp.DisplayActivity (has extras)} from uid 10046 on display 0
I/ActivityManager(  823): Process com.motorola.camera (pid 25705) has died
D/ActivityManager(  823): cleanUpApplicationRecord -- 25705
W/ActivityManager(  823): Scheduling restart of crashed service com.motorola.camera/.SensorService in 1000ms
I/LaunchCheckinHandler(  823): Displayed com.geonet.android.sampleapp/net.geofrenzy.android.sampleapp.DisplayActivity,wp,wa,499
I/ActivityManager(  823): Process com.motorola.aabsync (pid 14122) has died
D/ActivityManager(  823): cleanUpApplicationRecord -- 14122
W/ActivityManager(  823): Scheduling restart of crashed service com.motorola.aabsync/com.motorola.android.syncml.service.SyncEngineService in 10824ms
W/ActivityManager(  823): Scheduling restart of crashed service com.motorola.aabsync/.service.AABService in 20824ms
V/AlarmManager(  823): sending alarm {3f38f218 type 2 *walarm*:com.google.android.location.ALARM_WAKEUP_ACTIVITY_DETECTION}
V/AlarmManager(  823): done {3f38f218, *walarm*:com.google.android.location.ALARM_WAKEUP_ACTIVITY_DETECTION} [18ms]
I/ActivityManager(  823): Start proc 1509:com.motorola.camera/u0a29 for service com.motorola.camera/.SensorService
W/ResourcesManager( 1509): Asset path '/system/framework/com.motorola.motosignature.jar' does not exist or contains no resources.
W/ResourcesManager( 1509): Asset path '/system/framework/com.motorola.frameworks.core.addon.jar' does not exist or contains no resources.
I/SFPerfTracer(  236):      triggers: (rate: 0:1330) (260302 sw vsyncs) (0 skipped) (119:1997938 vsyncs) (121:2379556)
V/AlarmManager(  823): sending alarm {3d355589 type 2 *walarm*:com.motorola.slpc.ALARM_ORIENTATION}
V/AlarmManager(  823): done {3d355589, *walarm*:com.motorola.slpc.ALARM_ORIENTATION} [15ms]
I/SFPerfTracer(  236):      triggers: (rate: 3662:181773) (compose: 0:338) (post: 0:4501) (render: 0:946) (23:948110 frames) (24:1168000)
