W/ctxmgr  ( 1615): [AclManager]No 2 for (accnt=account#805512989#, com.google.android.gms(10019):UserLocationProducer, vrsn=11951000, 0, 3pPkg = null ,  3pMdlId = null ,  pid = 1615). Was: 2 for 1, account#805512989#
W/ctxmgr  ( 1615): [AclManager]No 2 for (accnt=account#318076953#, com.google.android.gms(10019):UserLocationProducer, vrsn=11951000, 0, 3pPkg = null ,  3pMdlId = null ,  pid = 1615). Was: 2 for 1, account#318076953#
I/System.out( 3380): MARK fencing agent sent message to CordovaDelegate
I/System.out( 3380): CordovaDelegate has no JS waiting; adding response to queue
I/MotoNetwCtrlr( 1157): onReceive: Received intent=Intent { act=android.net.wifi.RSSI_CHANGED flg=0x4000010 (has extras) } Action=android.net.wifi.RSSI_CHANGED
I/MotoNetwCtrlr.MotoWifiSignalCtrlr( 1157): handleBroadcast: Entered: Intent=Intent { act=android.net.wifi.RSSI_CHANGED flg=0x4000010 (has extras) } Action=android.net.wifi.RSSI_CHANGED
I/MotoNetwCtrlr.MotorolaWifiSignalController( 1157): isDirty: returns true
I/MotoNetwCtrlr.MotorolaWifiSignalController( 1157): notifyListeners: calling SB [0] setWifiIndicators (Motorola api): UseMotoUI=true Vis=true SBSig=0x7f02014a=stat_sys_wifi_signal_3_fully SBAct=( none ) DescSig="Wifi three bars." DescAct="wifi in and out" NetName=""GeoFrenzy""
I/MotoNetwCtrlr.MotorolaWifiSignalController( 1157): notifyListeners: calling SB [1] setWifiIndicators (Motorola api): UseMotoUI=true Vis=true SBSig=0x7f02014a=stat_sys_wifi_signal_3_fully SBAct=( none ) DescSig="Wifi three bars." DescAct="wifi in and out" NetName=""GeoFrenzy""
I/MotoNetwCtrlr.MotorolaWifiSignalController( 1157): notifyListeners: calling SB [2] setWifiIndicators (Motorola api): UseMotoUI=true Vis=true SBSig=0x7f02014a=stat_sys_wifi_signal_3_fully SBAct=( none ) DescSig="Wifi three bars." DescAct="wifi in and out" NetName=""GeoFrenzy""
I/MotoNetwCtrlr.MotoWifiSignalCtrlr( 1157): handleBroadcast: Completed
I/MotoNetwCtrlr( 1157): onReceive: Completed intent=Intent { act=android.net.wifi.RSSI_CHANGED flg=0x4000010 (has extras) } Action=android.net.wifi.RSSI_CHANGED
I/MotoNetwCtrlr( 1157): onReceive: Received intent=Intent { act=android.net.wifi.RSSI_CHANGED flg=0x4000010 (has extras) } Action=android.net.wifi.RSSI_CHANGED
I/MotoNetwCtrlr.MotoWifiSignalCtrlr( 1157): handleBroadcast: Entered: Intent=Intent { act=android.net.wifi.RSSI_CHANGED flg=0x4000010 (has extras) } Action=android.net.wifi.RSSI_CHANGED
I/MotoNetwCtrlr.MotorolaWifiSignalController( 1157): isDirty: returns false
I/MotoNetwCtrlr.MotoWifiSignalCtrlr( 1157): handleBroadcast: Completed
I/MotoNetwCtrlr( 1157): onReceive: Completed intent=Intent { act=android.net.wifi.RSSI_CHANGED flg=0x4000010 (has extras) } Action=android.net.wifi.RSSI_CHANGED
I/MotoNetwCtrlr.MotoNetwCtrlrImpl.MotorolaMobileSignalController( 2 ) ( 1157): MotorolaMobilePhoneStateListener.onSignalStrengthsChanged: Entered: signalStrength=SignalStrength: 99 0 -120 -160 -120 -1 -1 19 -107 -12 12 2147483647 2147483647 gsm|lte 14 -75 0 true 5 5 0 0 2 99 99 99 5 0 level=2
D/ConnectivityManager( 1157): getMobileDataEnabled()+ subId=2
D/PhoneInterfaceManager( 1480): [PhoneIntfMgr] getDataEnabled: subId=2 phoneId=0
D/PhoneInterfaceManager( 1480): [PhoneIntfMgr] getDataEnabled: subId=2 retVal=true
D/ConnectivityManager( 1157): getMobileDataEnabled()- subId=2 retVal=true
I/MotoNetwCtrlr.MotoNetwCtrlrImpl.MotorolaMobileSignalController( 2 ) ( 1157): isDirty: returns true
I/MotoNetwCtrlr.MotoNetwCtrlrImpl.MotorolaMobileSignalController( 2 ) ( 1157): notifyListeners: calling SB [0] setMobileDataIndicators (Motorola api): mobileUseMotoUI=true mobileEnabled=true mobileSimIconId=( none ) mobileSignalIconId=0x7f020479=zz_moto_stat_sys_signal_3_of_5_fully_separated_wide mobileRoamingIconId=( none ) mobileDataTypeIconId=( none ) mobileDataActivityIconId=( none ) mobileCarrierDescription="AT&T" mobileSimDescription="" mobileSignalContentDescription="phone signal three bars" mobileRoamingDescription="" mobileDataTypeContentDescription="L T E" mobileDataActivityContentDescription="" mobileIsRoaming=false isDataTypeIconWide=true mobileIsBidiDirectionEnabled=false mobileSubId=2
I/MotoNetwCtrlr.MotoNetwCtrlrImpl.MotorolaMobileSignalController( 2 ) ( 1157): notifyListeners: calling SB [1] setMobileDataIndicators (Motorola api): mobileUseMotoUI=true mobileEnabled=true mobileSimIconId=( none ) mobileSignalIconId=0x7f020479=zz_moto_stat_sys_signal_3_of_5_fully_separated_wide mobileRoamingIconId=( none ) mobileDataTypeIconId=( none ) mobileDataActivityIconId=( none ) mobileCarrierDescription="AT&T" mobileSimDescription="" mobileSignalContentDescription="phone signal three bars" mobileRoamingDescription="" mobileDataTypeContentDescription="L T E" mobileDataActivityContentDescription="" mobileIsRoaming=false isDataTypeIconWide=true mobileIsBidiDirectionEnabled=false mobileSubId=2
I/MotoNetwCtrlr.MotoNetwCtrlrImpl.MotorolaMobileSignalController( 2 ) ( 1157): notifyListeners: calling SB [2] setMobileDataIndicators (Motorola api): mobileUseMotoUI=true mobileEnabled=true mobileSimIconId=( none ) mobileSignalIconId=0x7f020479=zz_moto_stat_sys_signal_3_of_5_fully_separated_wide mobileRoamingIconId=( none ) mobileDataTypeIconId=( none ) mobileDataActivityIconId=( none ) mobileCarrierDescription="AT&T" mobileSimDescription="" mobileSignalContentDescription="phone signal three bars" mobileRoamingDescription="" mobileDataTypeContentDescription="L T E" mobileDataActivityContentDescription="" mobileIsRoaming=false isDataTypeIconWide=true mobileIsBidiDirectionEnabled=false mobileSubId=2
I/MotoNetwCtrlr.MotoNetwCtrlrImpl.MotorolaMobileSignalController( 2 ) ( 1157): MotorolaMobilePhoneStateListener.onSignalStrengthsChanged: completed: level=2
W/ctxmgr  ( 1615): [AclManager]No 2 for (accnt=account#-517948760#, com.google.android.gms(10019):UserLocationProducer, vrsn=11951000, 0, 3pPkg = null ,  3pMdlId = null ,  pid = 1615). Was: 3 for 1, account#-517948760#
W/ctxmgr  ( 1615): [AclManager]No 2 for (accnt=account#137543710#, com.google.android.gms(10019):UserLocationProducer, vrsn=11951000, 0, 3pPkg = null ,  3pMdlId = null ,  pid = 1615). Was: 2 for 1, account#137543710#
W/ctxmgr  ( 1615): [AclManager]No 2 for (accnt=account#-1816729922#, com.google.android.gms(10019):UserLocationProducer, vrsn=11951000, 0, 3pPkg = null ,  3pMdlId = null ,  pid = 1615). Was: 2 for 1, account#-1816729922#
W/ctxmgr  ( 1615): [AclManager]No 2 for (accnt=account#805512989#, com.google.android.gms(10019):UserLocationProducer, vrsn=11951000, 0, 3pPkg = null ,  3pMdlId = null ,  pid = 1615). Was: 2 for 1, account#805512989#
W/ctxmgr  ( 1615): [AclManager]No 2 for (accnt=account#318076953#, com.google.android.gms(10019):UserLocationProducer, vrsn=11951000, 0, 3pPkg = null ,  3pMdlId = null ,  pid = 1615). Was: 2 for 1, account#318076953#
E/NEW_BHD ( 3950): Battery Power Supply logging Daemon start!!!!!
E/NEW_BHD ( 3950): Cannot run on production devices!
I/System.out( 3380): MARK fencing agent sent message to CordovaDelegate
I/System.out( 3380): CordovaDelegate has no JS waiting; adding response to queue
E/WifiStateMachine(  823): WifiStateMachine CMD_START_SCAN source -2 txSuccessRate=5.52 rxSuccessRate=7.51 targetRoamBSSID=any RSSI=-66
E/WifiStateMachine(  823): startDelayedScan send -> 5297 milli 20000
E/WifiStateMachine(  823): WifiStateMachine CMD_START_SCAN with age=80016 interval=341718 maxinterval=300000
E/WifiStateMachine(  823): WifiStateMachine CMD_START_SCAN full=false
E/WifiStateMachine(  823): WifiStateMachine starting scan for "GeoFrenzy"WPA_PSK with 2412,2437
I/WifiHAL (  823): Poll result = 1
I/WifiHAL (  823): Found some events!!!
D/WifiHAL (  823): no_seq_check received
I/WifiHAL (  823): event received NL80211_CMD_TRIGGER_SCAN
I/WifiHAL (  823): event received NL80211_CMD_TRIGGER_SCAN, vendor_id = 0x0
I/WifiHAL (  823): event ignored!!
E/WifiStateMachine(  823): [1,515,122,064,858 ms] noteScanstart no scan source uid -2
I/WifiHAL (  823): Poll result = 1
I/WifiHAL (  823): Found some events!!!
D/WifiHAL (  823): no_seq_check received
I/WifiHAL (  823): event received NL80211_CMD_NEW_SCAN_RESULTS
I/WifiHAL (  823): event received NL80211_CMD_NEW_SCAN_RESULTS, vendor_id = 0x0
I/WifiHAL (  823): event ignored!!
E/WifiStateMachine(  823): [1,515,122,064,941 ms] noteScanEnd no scan source onTime=0
E/WifiStateMachine(  823): wifi setScanResults statecom.android.server.wifi.WifiStateMachine$ConnectedState@907e2ec sup_state=COMPLETED debouncing=false mConnectionRequests=1 selection=<none>
I/GeofencerStateMachine( 1615): sendTransitions: location=Location[fused 36.160872,-115.139309 acc=11 et=+3d10h40m37s320ms alt=590.0 vel=0.28017852 bear=177.0 {Bundle[mParcelledData.dataSize=532]}]
W/ctxmgr  ( 1615): [AclManager]No 2 for (accnt=account#-517948760#, com.google.android.gms(10019):UserLocationProducer, vrsn=11951000, 0, 3pPkg = null ,  3pMdlId = null ,  pid = 1615). Was: 3 for 1, account#-517948760#
W/ctxmgr  ( 1615): [AclManager]No 2 for (accnt=account#137543710#, com.google.android.gms(10019):UserLocationProducer, vrsn=11951000, 0, 3pPkg = null ,  3pMdlId = null ,  pid = 1615). Was: 2 for 1, account#137543710#
W/ctxmgr  ( 1615): [AclManager]No 2 for (accnt=account#-1816729922#, com.google.android.gms(10019):UserLocationProducer, vrsn=11951000, 0, 3pPkg = null ,  3pMdlId = null ,  pid = 1615). Was: 2 for 1, account#-1816729922#
W/ctxmgr  ( 1615): [AclManager]No 2 for (accnt=account#805512989#, com.google.android.gms(10019):UserLocationProducer, vrsn=11951000, 0, 3pPkg = null ,  3pMdlId = null ,  pid = 1615). Was: 2 for 1, account#805512989#
W/ctxmgr  ( 1615): [AclManager]No 2 for (accnt=account#318076953#, com.google.android.gms(10019):UserLocationProducer, vrsn=11951000, 0, 3pPkg = null ,  3pMdlId = null ,  pid = 1615). Was: 2 for 1, account#318076953#
I/System.out( 3380): MARK fencing agent sent message to CordovaDelegate
I/System.out( 3380): CordovaDelegate has no JS waiting; adding response to queue
I/MotoNetwCtrlr( 1157): onReceive: Received intent=Intent { act=android.net.wifi.RSSI_CHANGED flg=0x4000010 (has extras) } Action=android.net.wifi.RSSI_CHANGED
I/MotoNetwCtrlr.MotoWifiSignalCtrlr( 1157): handleBroadcast: Entered: Intent=Intent { act=android.net.wifi.RSSI_CHANGED flg=0x4000010 (has extras) } Action=android.net.wifi.RSSI_CHANGED
I/MotoNetwCtrlr.MotorolaWifiSignalController( 1157): isDirty: returns true
I/MotoNetwCtrlr.MotorolaWifiSignalController( 1157): notifyListeners: calling SB [0] setWifiIndicators (Motorola api): UseMotoUI=true Vis=true SBSig=0x7f020148=stat_sys_wifi_signal_2_fully SBAct=( none ) DescSig="Wifi two bars." DescAct="wifi in and out" NetName=""GeoFrenzy""
I/MotoNetwCtrlr.MotorolaWifiSignalController( 1157): notifyListeners: calling SB [1] setWifiIndicators (Motorola api): UseMotoUI=true Vis=true SBSig=0x7f020148=stat_sys_wifi_signal_2_fully SBAct=( none ) DescSig="Wifi two bars." DescAct="wifi in and out" NetName=""GeoFrenzy""
I/MotoNetwCtrlr.MotorolaWifiSignalController( 1157): notifyListeners: calling SB [2] setWifiIndicators (Motorola api): UseMotoUI=true Vis=true SBSig=0x7f020148=stat_sys_wifi_signal_2_fully SBAct=( none ) DescSig="Wifi two bars." DescAct="wifi in and out" NetName=""GeoFrenzy""
I/MotoNetwCtrlr.MotoWifiSignalCtrlr( 1157): handleBroadcast: Completed
I/MotoNetwCtrlr( 1157): onReceive: Completed intent=Intent { act=android.net.wifi.RSSI_CHANGED flg=0x4000010 (has extras) } Action=android.net.wifi.RSSI_CHANGED
I/MotoNetwCtrlr( 1157): onReceive: Received intent=Intent { act=android.net.wifi.RSSI_CHANGED flg=0x4000010 (has extras) } Action=android.net.wifi.RSSI_CHANGED
I/MotoNetwCtrlr.MotoWifiSignalCtrlr( 1157): handleBroadcast: Entered: Intent=Intent { act=android.net.wifi.RSSI_CHANGED flg=0x4000010 (has extras) } Action=android.net.wifi.RSSI_CHANGED
I/MotoNetwCtrlr.MotorolaWifiSignalController( 1157): isDirty: returns false
I/MotoNetwCtrlr.MotoWifiSignalCtrlr( 1157): handleBroadcast: Completed
I/MotoNetwCtrlr( 1157): onReceive: Completed intent=Intent { act=android.net.wifi.RSSI_CHANGED flg=0x4000010 (has extras) } Action=android.net.wifi.RSSI_CHANGED
I/MotoNetwCtrlr.MotoNetwCtrlrImpl.MotorolaMobileSignalController( 2 ) ( 1157): MotorolaMobilePhoneStateListener.onSignalStrengthsChanged: Entered: signalStrength=SignalStrength: 99 0 -120 -160 -120 -1 -1 19 -107 -12 42 2147483647 2147483647 gsm|lte 14 -75 0 true 5 5 0 0 2 99 99 99 5 0 level=2
D/ConnectivityManager( 1157): getMobileDataEnabled()+ subId=2
D/PhoneInterfaceManager( 1480): [PhoneIntfMgr] getDataEnabled: subId=2 phoneId=0
D/PhoneInterfaceManager( 1480): [PhoneIntfMgr] getDataEnabled: subId=2 retVal=true
D/ConnectivityManager( 1157): getMobileDataEnabled()- subId=2 retVal=true
I/MotoNetwCtrlr.MotoNetwCtrlrImpl.MotorolaMobileSignalController( 2 ) ( 1157): isDirty: returns true
I/MotoNetwCtrlr.MotoNetwCtrlrImpl.MotorolaMobileSignalController( 2 ) ( 1157): notifyListeners: calling SB [0] setMobileDataIndicators (Motorola api): mobileUseMotoUI=true mobileEnabled=true mobileSimIconId=( none ) mobileSignalIconId=0x7f020479=zz_moto_stat_sys_signal_3_of_5_fully_separated_wide mobileRoamingIconId=( none ) mobileDataTypeIconId=( none ) mobileDataActivityIconId=( none ) mobileCarrierDescription="AT&T" mobileSimDescription="" mobileSignalContentDescription="phone signal three bars" mobileRoamingDescription="" mobileDataTypeContentDescription="L T E" mobileDataActivityContentDescription="" mobileIsRoaming=false isDataTypeIconWide=true mobileIsBidiDirectionEnabled=false mobileSubId=2
I/MotoNetwCtrlr.MotoNetwCtrlrImpl.MotorolaMobileSignalController( 2 ) ( 1157): notifyListeners: calling SB [1] setMobileDataIndicators (Motorola api): mobileUseMotoUI=true mobileEnabled=true mobileSimIconId=( none ) mobileSignalIconId=0x7f020479=zz_moto_stat_sys_signal_3_of_5_fully_separated_wide mobileRoamingIconId=( none ) mobileDataTypeIconId=( none ) mobileDataActivityIconId=( none ) mobileCarrierDescription="AT&T" mobileSimDescription="" mobileSignalContentDescription="phone signal three bars" mobileRoamingDescription="" mobileDataTypeContentDescription="L T E" mobileDataActivityContentDescription="" mobileIsRoaming=false isDataTypeIconWide=true mobileIsBidiDirectionEnabled=false mobileSubId=2
I/MotoNetwCtrlr.MotoNetwCtrlrImpl.MotorolaMobileSignalController( 2 ) ( 1157): notifyListeners: calling SB [2] setMobileDataIndicators (Motorola api): mobileUseMotoUI=true mobileEnabled=true mobileSimIconId=( none ) mobileSignalIconId=0x7f020479=zz_moto_stat_sys_signal_3_of_5_fully_separated_wide mobileRoamingIconId=( none ) mobileDataTypeIconId=( none ) mobileDataActivityIconId=( none ) mobileCarrierDescription="AT&T" mobileSimDescription="" mobileSignalContentDescription="phone signal three bars" mobileRoamingDescription="" mobileDataTypeContentDescription="L T E" mobileDataActivityContentDescription="" mobileIsRoaming=false isDataTypeIconWide=true mobileIsBidiDirectionEnabled=false mobileSubId=2
I/MotoNetwCtrlr.MotoNetwCtrlrImpl.MotorolaMobileSignalController( 2 ) ( 1157): MotorolaMobilePhoneStateListener.onSignalStrengthsChanged: completed: level=2
W/ctxmgr  ( 1615): [AclManager]No 2 for (accnt=account#-517948760#, com.google.android.gms(10019):UserLocationProducer, vrsn=11951000, 0, 3pPkg = null ,  3pMdlId = null ,  pid = 1615). Was: 3 for 1, account#-517948760#
W/ctxmgr  ( 1615): [AclManager]No 2 for (accnt=account#137543710#, com.google.android.gms(10019):UserLocationProducer, vrsn=11951000, 0, 3pPkg = null ,  3pMdlId = null ,  pid = 1615). Was: 2 for 1, account#137543710#
W/ctxmgr  ( 1615): [AclManager]No 2 for (accnt=account#-1816729922#, com.google.android.gms(10019):UserLocationProducer, vrsn=11951000, 0, 3pPkg = null ,  3pMdlId = null ,  pid = 1615). Was: 2 for 1, account#-1816729922#
W/ctxmgr  ( 1615): [AclManager]No 2 for (accnt=account#805512989#, com.google.android.gms(10019):UserLocationProducer, vrsn=11951000, 0, 3pPkg = null ,  3pMdlId = null ,  pid = 1615). Was: 2 for 1, account#805512989#
W/ctxmgr  ( 1615): [AclManager]No 2 for (accnt=account#318076953#, com.google.android.gms(10019):UserLocationProducer, vrsn=11951000, 0, 3pPkg = null ,  3pMdlId = null ,  pid = 1615). Was: 2 for 1, account#318076953#
I/System.out( 3380): MARK fencing agent sent message to CordovaDelegate
I/System.out( 3380): CordovaDelegate has no JS waiting; adding response to queue
D/SLPC    ( 1202): slpc_poll_loop(): handled 1
D/SLPC    ( 1202): slpc_poll_handle_event(): transition
D/SLPC    ( 1202): slpc_poll_loop(): about to poll...
D/sensorhub( 1202): sensorhub_poll() polling...
D/ModalityService( 1202): ModalityListener(): callback onModalityChange() -> 2
D/ModalityManager( 1335): onEndMovement(), package: com.motorola.motodisplay
E/NEW_BHD ( 3955): Battery Power Supply logging Daemon start!!!!!
E/NEW_BHD ( 3955): Cannot run on production devices!
I/MotoNetwCtrlr.MotoWifiHndlr( 1157): handleMessage: Entered msg.what=1
I/MotoNetwCtrlr.MotorolaWifiSignalController( 1157): isDirty: returns true
I/MotoNetwCtrlr.MotorolaWifiSignalController( 1157): notifyListeners: calling SB [0] setWifiIndicators (Motorola api): UseMotoUI=true Vis=true SBSig=0x7f020148=stat_sys_wifi_signal_2_fully SBAct=( none ) DescSig="Wifi two bars." DescAct="wifi idle" NetName=""GeoFrenzy""
I/MotoNetwCtrlr.MotorolaWifiSignalController( 1157): notifyListeners: calling SB [1] setWifiIndicators (Motorola api): UseMotoUI=true Vis=true SBSig=0x7f020148=stat_sys_wifi_signal_2_fully SBAct=( none ) DescSig="Wifi two bars." DescAct="wifi idle" NetName=""GeoFrenzy""
I/MotoNetwCtrlr.MotorolaWifiSignalController( 1157): notifyListeners: calling SB [2] setWifiIndicators (Motorola api): UseMotoUI=true Vis=true SBSig=0x7f020148=stat_sys_wifi_signal_2_fully SBAct=( none ) DescSig="Wifi two bars." DescAct="wifi idle" NetName=""GeoFrenzy""
I/MotoNetwCtrlr.MotoWifiHndlr( 1157): handleMessage: Completed
I/MotoNetwCtrlr( 1157): onReceive: Received intent=Intent { act=android.net.wifi.RSSI_CHANGED flg=0x4000010 (has extras) } Action=android.net.wifi.RSSI_CHANGED
I/MotoNetwCtrlr.MotoWifiSignalCtrlr( 1157): handleBroadcast: Entered: Intent=Intent { act=android.net.wifi.RSSI_CHANGED flg=0x4000010 (has extras) } Action=android.net.wifi.RSSI_CHANGED
I/MotoNetwCtrlr.MotorolaWifiSignalController( 1157): isDirty: returns false
I/MotoNetwCtrlr.MotoWifiSignalCtrlr( 1157): handleBroadcast: Completed
I/MotoNetwCtrlr( 1157): onReceive: Completed intent=Intent { act=android.net.wifi.RSSI_CHANGED flg=0x4000010 (has extras) } Action=android.net.wifi.RSSI_CHANGED
W/ctxmgr  ( 1615): [AclManager]No 2 for (accnt=account#-517948760#, com.google.android.gms(10019):UserLocationProducer, vrsn=11951000, 0, 3pPkg = null ,  3pMdlId = null ,  pid = 1615). Was: 3 for 1, account#-517948760#
W/ctxmgr  ( 1615): [AclManager]No 2 for (accnt=account#137543710#, com.google.android.gms(10019):UserLocationProducer, vrsn=11951000, 0, 3pPkg = null ,  3pMdlId = null ,  pid = 1615). Was: 2 for 1, account#137543710#
W/ctxmgr  ( 1615): [AclManager]No 2 for (accnt=account#-1816729922#, com.google.android.gms(10019):UserLocationProducer, vrsn=11951000, 0, 3pPkg = null ,  3pMdlId = null ,  pid = 1615). Was: 2 for 1, account#-1816729922#
W/ctxmgr  ( 1615): [AclManager]No 2 for (accnt=account#805512989#, com.google.android.gms(10019):UserLocationProducer, vrsn=11951000, 0, 3pPkg = null ,  3pMdlId = null ,  pid = 1615). Was: 2 for 1, account#805512989#
W/ctxmgr  ( 1615): [AclManager]No 2 for (accnt=account#318076953#, com.google.android.gms(10019):UserLocationProducer, vrsn=11951000, 0, 3pPkg = null ,  3pMdlId = null ,  pid = 1615). Was: 2 for 1, account#318076953#
I/System.out( 3380): MARK fencing agent sent message to CordovaDelegate
I/System.out( 3380): CordovaDelegate has no JS waiting; adding response to queue
I/MotoNetwCtrlr.MotoWifiHndlr( 1157): handleMessage: Entered msg.what=1
I/MotoNetwCtrlr.MotorolaWifiSignalController( 1157): isDirty: returns true
I/MotoNetwCtrlr.MotorolaWifiSignalController( 1157): notifyListeners: calling SB [0] setWifiIndicators (Motorola api): UseMotoUI=true Vis=true SBSig=0x7f020148=stat_sys_wifi_signal_2_fully SBAct=( none ) DescSig="Wifi two bars." DescAct="wifi in and out" NetName=""GeoFrenzy""
I/MotoNetwCtrlr.MotorolaWifiSignalController( 1157): notifyListeners: calling SB [1] setWifiIndicators (Motorola api): UseMotoUI=true Vis=true SBSig=0x7f020148=stat_sys_wifi_signal_2_fully SBAct=( none ) DescSig="Wifi two bars." DescAct="wifi in and out" NetName=""GeoFrenzy""
I/MotoNetwCtrlr.MotorolaWifiSignalController( 1157): notifyListeners: calling SB [2] setWifiIndicators (Motorola api): UseMotoUI=true Vis=true SBSig=0x7f020148=stat_sys_wifi_signal_2_fully SBAct=( none ) DescSig="Wifi two bars." DescAct="wifi in and out" NetName=""GeoFrenzy""
I/MotoNetwCtrlr.MotoWifiHndlr( 1157): handleMessage: Completed
I/MotoNetwCtrlr.MotoWifiHndlr( 1157): handleMessage: Entered msg.what=1
I/MotoNetwCtrlr.MotorolaWifiSignalController( 1157): isDirty: returns true
I/MotoNetwCtrlr.MotorolaWifiSignalController( 1157): notifyListeners: calling SB [0] setWifiIndicators (Motorola api): UseMotoUI=true Vis=true SBSig=0x7f020148=stat_sys_wifi_signal_2_fully SBAct=( none ) DescSig="Wifi two bars." DescAct="wifi in" NetName=""GeoFrenzy""
I/MotoNetwCtrlr.MotorolaWifiSignalController( 1157): notifyListeners: calling SB [1] setWifiIndicators (Motorola api): UseMotoUI=true Vis=true SBSig=0x7f020148=stat_sys_wifi_signal_2_fully SBAct=( none ) DescSig="Wifi two bars." DescAct="wifi in" NetName=""GeoFrenzy""
I/MotoNetwCtrlr.MotorolaWifiSignalController( 1157): notifyListeners: calling SB [2] setWifiIndicators (Motorola api): UseMotoUI=true Vis=true SBSig=0x7f020148=stat_sys_wifi_signal_2_fully SBAct=( none ) DescSig="Wifi two bars." DescAct="wifi in" NetName=""GeoFrenzy""
I/MotoNetwCtrlr.MotoWifiHndlr( 1157): handleMessage: Completed
I/GeofencerStateMachine( 1615): sendTransitions: location=Location[fused 36.160858,-115.139288 acc=5 et=+3d10h40m43s331ms alt=586.0 vel=0.0 {Bundle[mParcelledData.dataSize=532]}]
W/ctxmgr  ( 1615): [AclManager]No 2 for (accnt=account#-517948760#, com.google.android.gms(10019):UserLocationProducer, vrsn=11951000, 0, 3pPkg = null ,  3pMdlId = null ,  pid = 1615). Was: 3 for 1, account#-517948760#
W/ctxmgr  ( 1615): [AclManager]No 2 for (accnt=account#137543710#, com.google.android.gms(10019):UserLocationProducer, vrsn=11951000, 0, 3pPkg = null ,  3pMdlId = null ,  pid = 1615). Was: 2 for 1, account#137543710#
W/ctxmgr  ( 1615): [AclManager]No 2 for (accnt=account#-1816729922#, com.google.android.gms(10019):UserLocationProducer, vrsn=11951000, 0, 3pPkg = null ,  3pMdlId = null ,  pid = 1615). Was: 2 for 1, account#-1816729922#
W/ctxmgr  ( 1615): [AclManager]No 2 for (accnt=account#805512989#, com.google.android.gms(10019):UserLocationProducer, vrsn=11951000, 0, 3pPkg = null ,  3pMdlId = null ,  pid = 1615). Was: 2 for 1, account#805512989#
W/ctxmgr  ( 1615): [AclManager]No 2 for (accnt=account#318076953#, com.google.android.gms(10019):UserLocationProducer, vrsn=11951000, 0, 3pPkg = null ,  3pMdlId = null ,  pid = 1615). Was: 2 for 1, account#318076953#
I/System.out( 3380): MARK fencing agent sent message to CordovaDelegate
I/System.out( 3380): CordovaDelegate has no JS waiting; adding response to queue
I/MotoNetwCtrlr.MotoWifiHndlr( 1157): handleMessage: Entered msg.what=1
I/MotoNetwCtrlr.MotorolaWifiSignalController( 1157): isDirty: returns true
I/MotoNetwCtrlr.MotorolaWifiSignalController( 1157): notifyListeners: calling SB [0] setWifiIndicators (Motorola api): UseMotoUI=true Vis=true SBSig=0x7f020148=stat_sys_wifi_signal_2_fully SBAct=( none ) DescSig="Wifi two bars." DescAct="wifi in and out" NetName=""GeoFrenzy""
I/MotoNetwCtrlr.MotorolaWifiSignalController( 1157): notifyListeners: calling SB [1] setWifiIndicators (Motorola api): UseMotoUI=true Vis=true SBSig=0x7f020148=stat_sys_wifi_signal_2_fully SBAct=( none ) DescSig="Wifi two bars." DescAct="wifi in and out" NetName=""GeoFrenzy""
I/MotoNetwCtrlr.MotorolaWifiSignalController( 1157): notifyListeners: calling SB [2] setWifiIndicators (Motorola api): UseMotoUI=true Vis=true SBSig=0x7f020148=stat_sys_wifi_signal_2_fully SBAct=( none ) DescSig="Wifi two bars." DescAct="wifi in and out" NetName=""GeoFrenzy""
I/MotoNetwCtrlr.MotoWifiHndlr( 1157): handleMessage: Completed
I/MotoNetwCtrlr( 1157): onReceive: Received intent=Intent { act=android.net.wifi.RSSI_CHANGED flg=0x4000010 (has extras) } Action=android.net.wifi.RSSI_CHANGED
I/MotoNetwCtrlr.MotoWifiSignalCtrlr( 1157): handleBroadcast: Entered: Intent=Intent { act=android.net.wifi.RSSI_CHANGED flg=0x4000010 (has extras) } Action=android.net.wifi.RSSI_CHANGED
I/MotoNetwCtrlr.MotorolaWifiSignalController( 1157): isDirty: returns true
I/MotoNetwCtrlr.MotorolaWifiSignalController( 1157): notifyListeners: calling SB [0] setWifiIndicators (Motorola api): UseMotoUI=true Vis=true SBSig=0x7f020148=stat_sys_wifi_signal_2_fully SBAct=( none ) DescSig="Wifi two bars." DescAct="wifi in and out" NetName=""GeoFrenzy""
I/MotoNetwCtrlr.MotorolaWifiSignalController( 1157): notifyListeners: calling SB [1] setWifiIndicators (Motorola api): UseMotoUI=true Vis=true SBSig=0x7f020148=stat_sys_wifi_signal_2_fully SBAct=( none ) DescSig="Wifi two bars." DescAct="wifi in and out" NetName=""GeoFrenzy""
I/MotoNetwCtrlr.MotorolaWifiSignalController( 1157): notifyListeners: calling SB [2] setWifiIndicators (Motorola api): UseMotoUI=true Vis=true SBSig=0x7f020148=stat_sys_wifi_signal_2_fully SBAct=( none ) DescSig="Wifi two bars." DescAct="wifi in and out" NetName=""GeoFrenzy""
I/MotoNetwCtrlr.MotoWifiSignalCtrlr( 1157): handleBroadcast: Completed
I/MotoNetwCtrlr( 1157): onReceive: Completed intent=Intent { act=android.net.wifi.RSSI_CHANGED flg=0x4000010 (has extras) } Action=android.net.wifi.RSSI_CHANGED
W/ctxmgr  ( 1615): [AclManager]No 2 for (accnt=account#-517948760#, com.google.android.gms(10019):UserLocationProducer, vrsn=11951000, 0, 3pPkg = null ,  3pMdlId = null ,  pid = 1615). Was: 3 for 1, account#-517948760#
W/ctxmgr  ( 1615): [AclManager]No 2 for (accnt=account#137543710#, com.google.android.gms(10019):UserLocationProducer, vrsn=11951000, 0, 3pPkg = null ,  3pMdlId = null ,  pid = 1615). Was: 2 for 1, account#137543710#
W/ctxmgr  ( 1615): [AclManager]No 2 for (accnt=account#-1816729922#, com.google.android.gms(10019):UserLocationProducer, vrsn=11951000, 0, 3pPkg = null ,  3pMdlId = null ,  pid = 1615). Was: 2 for 1, account#-1816729922#
W/ctxmgr  ( 1615): [AclManager]No 2 for (accnt=account#805512989#, com.google.android.gms(10019):UserLocationProducer, vrsn=11951000, 0, 3pPkg = null ,  3pMdlId = null ,  pid = 1615). Was: 2 for 1, account#805512989#
W/ctxmgr  ( 1615): [AclManager]No 2 for (accnt=account#318076953#, com.google.android.gms(10019):UserLocationProducer, vrsn=11951000, 0, 3pPkg = null ,  3pMdlId = null ,  pid = 1615). Was: 2 for 1, account#318076953#
E/NEW_BHD ( 3956): Battery Power Supply logging Daemon start!!!!!
E/NEW_BHD ( 3956): Cannot run on production devices!
I/System.out( 3380): MARK fencing agent sent message to CordovaDelegate
I/System.out( 3380): CordovaDelegate has no JS waiting; adding response to queue
I/MotoNetwCtrlr.MotoWifiHndlr( 1157): handleMessage: Entered msg.what=1
I/MotoNetwCtrlr.MotorolaWifiSignalController( 1157): isDirty: returns true
I/MotoNetwCtrlr.MotorolaWifiSignalController( 1157): notifyListeners: calling SB [0] setWifiIndicators (Motorola api): UseMotoUI=true Vis=true SBSig=0x7f020148=stat_sys_wifi_signal_2_fully SBAct=( none ) DescSig="Wifi two bars." DescAct="wifi in" NetName=""GeoFrenzy""
I/MotoNetwCtrlr.MotorolaWifiSignalController( 1157): notifyListeners: calling SB [1] setWifiIndicators (Motorola api): UseMotoUI=true Vis=true SBSig=0x7f020148=stat_sys_wifi_signal_2_fully SBAct=( none ) DescSig="Wifi two bars." DescAct="wifi in" NetName=""GeoFrenzy""
I/MotoNetwCtrlr.MotorolaWifiSignalController( 1157): notifyListeners: calling SB [2] setWifiIndicators (Motorola api): UseMotoUI=true Vis=true SBSig=0x7f020148=stat_sys_wifi_signal_2_fully SBAct=( none ) DescSig="Wifi two bars." DescAct="wifi in" NetName=""GeoFrenzy""
I/MotoNetwCtrlr.MotoWifiHndlr( 1157): handleMessage: Completed
I/MotoNetwCtrlr( 1157): onReceive: Received intent=Intent { act=android.net.wifi.RSSI_CHANGED flg=0x4000010 (has extras) } Action=android.net.wifi.RSSI_CHANGED
I/MotoNetwCtrlr.MotoWifiSignalCtrlr( 1157): handleBroadcast: Entered: Intent=Intent { act=android.net.wifi.RSSI_CHANGED flg=0x4000010 (has extras) } Action=android.net.wifi.RSSI_CHANGED
I/MotoNetwCtrlr.MotorolaWifiSignalController( 1157): isDirty: returns true
I/MotoNetwCtrlr.MotorolaWifiSignalController( 1157): notifyListeners: calling SB [0] setWifiIndicators (Motorola api): UseMotoUI=true Vis=true SBSig=0x7f020148=stat_sys_wifi_signal_2_fully SBAct=( none ) DescSig="Wifi two bars." DescAct="wifi in" NetName=""GeoFrenzy""
I/MotoNetwCtrlr.MotorolaWifiSignalController( 1157): notifyListeners: calling SB [1] setWifiIndicators (Motorola api): UseMotoUI=true Vis=true SBSig=0x7f020148=stat_sys_wifi_signal_2_fully SBAct=( none ) DescSig="Wifi two bars." DescAct="wifi in" NetName=""GeoFrenzy""
I/MotoNetwCtrlr.MotorolaWifiSignalController( 1157): notifyListeners: calling SB [2] setWifiIndicators (Motorola api): UseMotoUI=true Vis=true SBSig=0x7f020148=stat_sys_wifi_signal_2_fully SBAct=( none ) DescSig="Wifi two bars." DescAct="wifi in" NetName=""GeoFrenzy""
I/MotoNetwCtrlr.MotoWifiSignalCtrlr( 1157): handleBroadcast: Completed
I/MotoNetwCtrlr( 1157): onReceive: Completed intent=Intent { act=android.net.wifi.RSSI_CHANGED flg=0x4000010 (has extras) } Action=android.net.wifi.RSSI_CHANGED
I/SFPerfTracer(  236):      triggers: (rate: 0:1331) (260302 sw vsyncs) (0 skipped) (0:2001108 vsyncs) (1:2385750)
I/MotoNetwCtrlr.MotoNetwCtrlrImpl.MotorolaMobileSignalController( 2 ) ( 1157): MotorolaMobilePhoneStateListener.onSignalStrengthsChanged: Entered: signalStrength=SignalStrength: 99 0 -120 -160 -120 -1 -1 19 -107 -12 -32 2147483647 2147483647 gsm|lte 14 -75 0 true 5 5 0 0 2 99 99 99 5 0 level=2
D/ConnectivityManager( 1157): getMobileDataEnabled()+ subId=2
D/PhoneInterfaceManager( 1480): [PhoneIntfMgr] getDataEnabled: subId=2 phoneId=0
D/PhoneInterfaceManager( 1480): [PhoneIntfMgr] getDataEnabled: subId=2 retVal=true
D/ConnectivityManager( 1157): getMobileDataEnabled()- subId=2 retVal=true
I/MotoNetwCtrlr.MotoNetwCtrlrImpl.MotorolaMobileSignalController( 2 ) ( 1157): isDirty: returns true
I/MotoNetwCtrlr.MotoNetwCtrlrImpl.MotorolaMobileSignalController( 2 ) ( 1157): notifyListeners: calling SB [0] setMobileDataIndicators (Motorola api): mobileUseMotoUI=true mobileEnabled=true mobileSimIconId=( none ) mobileSignalIconId=0x7f020461=zz_moto_stat_sys_signal_2_of_5_fully_separated_wide mobileRoamingIconId=( none ) mobileDataTypeIconId=( none ) mobileDataActivityIconId=( none ) mobileCarrierDescription="AT&T" mobileSimDescription="" mobileSignalContentDescription="phone signal two bar" mobileRoamingDescription="" mobileDataTypeContentDescription="L T E" mobileDataActivityContentDescription="" mobileIsRoaming=false isDataTypeIconWide=true mobileIsBidiDirectionEnabled=false mobileSubId=2
I/MotoNetwCtrlr.MotoNetwCtrlrImpl.MotorolaMobileSignalController( 2 ) ( 1157): notifyListeners: calling SB [1] setMobileDataIndicators (Motorola api): mobileUseMotoUI=true mobileEnabled=true mobileSimIconId=( none ) mobileSignalIconId=0x7f020461=zz_moto_stat_sys_signal_2_of_5_fully_separated_wide mobileRoamingIconId=( none ) mobileDataTypeIconId=( none ) mobileDataActivityIconId=( none ) mobileCarrierDescription="AT&T" mobileSimDescription="" mobileSignalContentDescription="phone signal two bar" mobileRoamingDescription="" mobileDataTypeContentDescription="L T E" mobileDataActivityContentDescription="" mobileIsRoaming=false isDataTypeIconWide=true mobileIsBidiDirectionEnabled=false mobileSubId=2
I/MotoNetwCtrlr.MotoNetwCtrlrImpl.MotorolaMobileSignalController( 2 ) ( 1157): notifyListeners: calling SB [2] setMobileDataIndicators (Motorola api): mobileUseMotoUI=true mobileEnabled=true mobileSimIconId=( none ) mobileSignalIconId=0x7f020461=zz_moto_stat_sys_signal_2_of_5_fully_separated_wide mobileRoamingIconId=( none ) mobileDataTypeIconId=( none ) mobileDataActivityIconId=( none ) mobileCarrierDescription="AT&T" mobileSimDescription="" mobileSignalContentDescription="phone signal two bar" mobileRoamingDescription="" mobileDataTypeContentDescription="L T E" mobileDataActivityContentDescription="" mobileIsRoaming=false isDataTypeIconWide=true mobileIsBidiDirectionEnabled=false mobileSubId=2
I/MotoNetwCtrlr.MotoNetwCtrlrImpl.MotorolaMobileSignalController( 2 ) ( 1157): MotorolaMobilePhoneStateListener.onSignalStrengthsChanged: completed: level=2
W/ctxmgr  ( 1615): [AclManager]No 2 for (accnt=account#-517948760#, com.google.android.gms(10019):UserLocationProducer, vrsn=11951000, 0, 3pPkg = null ,  3pMdlId = null ,  pid = 1615). Was: 3 for 1, account#-517948760#
W/ctxmgr  ( 1615): [AclManager]No 2 for (accnt=account#137543710#, com.google.android.gms(10019):UserLocationProducer, vrsn=11951000, 0, 3pPkg = null ,  3pMdlId = null ,  pid = 1615). Was: 2 for 1, account#137543710#
W/ctxmgr  ( 1615): [AclManager]No 2 for (accnt=account#-1816729922#, com.google.android.gms(10019):UserLocationProducer, vrsn=11951000, 0, 3pPkg = null ,  3pMdlId = null ,  pid = 1615). Was: 2 for 1, account#-1816729922#
W/ctxmgr  ( 1615): [AclManager]No 2 for (accnt=account#805512989#, com.google.android.gms(10019):UserLocationProducer, vrsn=11951000, 0, 3pPkg = null ,  3pMdlId = null ,  pid = 1615). Was: 2 for 1, account#805512989#
W/ctxmgr  ( 1615): [AclManager]No 2 for (accnt=account#318076953#, com.google.android.gms(10019):UserLocationProducer, vrsn=11951000, 0, 3pPkg = null ,  3pMdlId = null ,  pid = 1615). Was: 2 for 1, account#318076953#
I/System.out( 3380): MARK fencing agent sent message to CordovaDelegate
I/System.out( 3380): CordovaDelegate has no JS waiting; adding response to queue
I/MotoNetwCtrlr.MotoWifiHndlr( 1157): handleMessage: Entered msg.what=1
I/MotoNetwCtrlr.MotorolaWifiSignalController( 1157): isDirty: returns true
I/MotoNetwCtrlr.MotorolaWifiSignalController( 1157): notifyListeners: calling SB [0] setWifiIndicators (Motorola api): UseMotoUI=true Vis=true SBSig=0x7f020148=stat_sys_wifi_signal_2_fully SBAct=( none ) DescSig="Wifi two bars." DescAct="wifi idle" NetName=""GeoFrenzy""
I/MotoNetwCtrlr.MotorolaWifiSignalController( 1157): notifyListeners: calling SB [1] setWifiIndicators (Motorola api): UseMotoUI=true Vis=true SBSig=0x7f020148=stat_sys_wifi_signal_2_fully SBAct=( none ) DescSig="Wifi two bars." DescAct="wifi idle" NetName=""GeoFrenzy""
I/MotoNetwCtrlr.MotorolaWifiSignalController( 1157): notifyListeners: calling SB [2] setWifiIndicators (Motorola api): UseMotoUI=true Vis=true SBSig=0x7f020148=stat_sys_wifi_signal_2_fully SBAct=( none ) DescSig="Wifi two bars." DescAct="wifi idle" NetName=""GeoFrenzy""
I/MotoNetwCtrlr.MotoWifiHndlr( 1157): handleMessage: Completed
I/GeofencerStateMachine( 1615): sendTransitions: location=Location[fused 36.160867,-115.139276 acc=5 et=+3d10h40m49s326ms alt=586.0 vel=0.0 {Bundle[mParcelledData.dataSize=532]}]
W/ctxmgr  ( 1615): [AclManager]No 2 for (accnt=account#-517948760#, com.google.android.gms(10019):UserLocationProducer, vrsn=11951000, 0, 3pPkg = null ,  3pMdlId = null ,  pid = 1615). Was: 3 for 1, account#-517948760#
W/ctxmgr  ( 1615): [AclManager]No 2 for (accnt=account#137543710#, com.google.android.gms(10019):UserLocationProducer, vrsn=11951000, 0, 3pPkg = null ,  3pMdlId = null ,  pid = 1615). Was: 2 for 1, account#137543710#
W/ctxmgr  ( 1615): [AclManager]No 2 for (accnt=account#-1816729922#, com.google.android.gms(10019):UserLocationProducer, vrsn=11951000, 0, 3pPkg = null ,  3pMdlId = null ,  pid = 1615). Was: 2 for 1, account#-1816729922#
W/ctxmgr  ( 1615): [AclManager]No 2 for (accnt=account#805512989#, com.google.android.gms(10019):UserLocationProducer, vrsn=11951000, 0, 3pPkg = null ,  3pMdlId = null ,  pid = 1615). Was: 2 for 1, account#805512989#
W/ctxmgr  ( 1615): [AclManager]No 2 for (accnt=account#318076953#, com.google.android.gms(10019):UserLocationProducer, vrsn=11951000, 0, 3pPkg = null ,  3pMdlId = null ,  pid = 1615). Was: 2 for 1, account#318076953#
W/ctxmgr  ( 1615): [AclManager]No 2 for (accnt=account#-517948760#, com.google.android.gms(10019):UserVelocityProducer, vrsn=11951000, 0, 3pPkg = null ,  3pMdlId = null ,  pid = 1615). Was: 3 for 48, account#-517948760#
I/System.out( 3380): MARK fencing agent sent message to CordovaDelegate
I/System.out( 3380): CordovaDelegate has no JS waiting; adding response to queue
I/MotoNetwCtrlr( 1157): onReceive: Received intent=Intent { act=android.net.wifi.RSSI_CHANGED flg=0x4000010 (has extras) } Action=android.net.wifi.RSSI_CHANGED
I/MotoNetwCtrlr.MotoWifiSignalCtrlr( 1157): handleBroadcast: Entered: Intent=Intent { act=android.net.wifi.RSSI_CHANGED flg=0x4000010 (has extras) } Action=android.net.wifi.RSSI_CHANGED
I/MotoNetwCtrlr.MotorolaWifiSignalController( 1157): isDirty: returns false
I/MotoNetwCtrlr.MotoWifiSignalCtrlr( 1157): handleBroadcast: Completed
I/MotoNetwCtrlr( 1157): onReceive: Completed intent=Intent { act=android.net.wifi.RSSI_CHANGED flg=0x4000010 (has extras) } Action=android.net.wifi.RSSI_CHANGED
I/MotoNetwCtrlr.MotoNetwCtrlrImpl.MotorolaMobileSignalController( 2 ) ( 1157): MotorolaMobilePhoneStateListener.onSignalStrengthsChanged: Entered: signalStrength=SignalStrength: 99 0 -120 -160 -120 -1 -1 19 -107 -12 42 2147483647 2147483647 gsm|lte 14 -75 0 true 5 5 0 0 2 99 99 99 5 0 level=2
D/ConnectivityManager( 1157): getMobileDataEnabled()+ subId=2
D/PhoneInterfaceManager( 1480): [PhoneIntfMgr] getDataEnabled: subId=2 phoneId=0
D/PhoneInterfaceManager( 1480): [PhoneIntfMgr] getDataEnabled: subId=2 retVal=true
D/ConnectivityManager( 1157): getMobileDataEnabled()- subId=2 retVal=true
I/MotoNetwCtrlr.MotoNetwCtrlrImpl.MotorolaMobileSignalController( 2 ) ( 1157): isDirty: returns true
I/MotoNetwCtrlr.MotoNetwCtrlrImpl.MotorolaMobileSignalController( 2 ) ( 1157): notifyListeners: calling SB [0] setMobileDataIndicators (Motorola api): mobileUseMotoUI=true mobileEnabled=true mobileSimIconId=( none ) mobileSignalIconId=0x7f020461=zz_moto_stat_sys_signal_2_of_5_fully_separated_wide mobileRoamingIconId=( none ) mobileDataTypeIconId=( none ) mobileDataActivityIconId=( none ) mobileCarrierDescription="AT&T" mobileSimDescription="" mobileSignalContentDescription="phone signal two bar" mobileRoamingDescription="" mobileDataTypeContentDescription="L T E" mobileDataActivityContentDescription="" mobileIsRoaming=false isDataTypeIconWide=true mobileIsBidiDirectionEnabled=false mobileSubId=2
I/MotoNetwCtrlr.MotoNetwCtrlrImpl.MotorolaMobileSignalController( 2 ) ( 1157): notifyListeners: calling SB [1] setMobileDataIndicators (Motorola api): mobileUseMotoUI=true mobileEnabled=true mobileSimIconId=( none ) mobileSignalIconId=0x7f020461=zz_moto_stat_sys_signal_2_of_5_fully_separated_wide mobileRoamingIconId=( none ) mobileDataTypeIconId=( none ) mobileDataActivityIconId=( none ) mobileCarrierDescription="AT&T" mobileSimDescription="" mobileSignalContentDescription="phone signal two bar" mobileRoamingDescription="" mobileDataTypeContentDescription="L T E" mobileDataActivityContentDescription="" mobileIsRoaming=false isDataTypeIconWide=true mobileIsBidiDirectionEnabled=false mobileSubId=2
I/MotoNetwCtrlr.MotoNetwCtrlrImpl.MotorolaMobileSignalController( 2 ) ( 1157): notifyListeners: calling SB [2] setMobileDataIndicators (Motorola api): mobileUseMotoUI=true mobileEnabled=true mobileSimIconId=( none ) mobileSignalIconId=0x7f020461=zz_moto_stat_sys_signal_2_of_5_fully_separated_wide mobileRoamingIconId=( none ) mobileDataTypeIconId=( none ) mobileDataActivityIconId=( none ) mobileCarrierDescription="AT&T" mobileSimDescription="" mobileSignalContentDescription="phone signal two bar" mobileRoamingDescription="" mobileDataTypeContentDescription="L T E" mobileDataActivityContentDescription="" mobileIsRoaming=false isDataTypeIconWide=true mobileIsBidiDirectionEnabled=false mobileSubId=2
I/MotoNetwCtrlr.MotoNetwCtrlrImpl.MotorolaMobileSignalController( 2 ) ( 1157): MotorolaMobilePhoneStateListener.onSignalStrengthsChanged: completed: level=2
E/NEW_BHD ( 3958): Battery Power Supply logging Daemon start!!!!!
E/NEW_BHD ( 3958): Cannot run on production devices!
I/MotoNetwCtrlr.MotoWifiHndlr( 1157): handleMessage: Entered msg.what=1
I/MotoNetwCtrlr.MotorolaWifiSignalController( 1157): isDirty: returns true
I/MotoNetwCtrlr.MotorolaWifiSignalController( 1157): notifyListeners: calling SB [0] setWifiIndicators (Motorola api): UseMotoUI=true Vis=true SBSig=0x7f020148=stat_sys_wifi_signal_2_fully SBAct=( none ) DescSig="Wifi two bars." DescAct="wifi in and out" NetName=""GeoFrenzy""
I/MotoNetwCtrlr.MotorolaWifiSignalController( 1157): notifyListeners: calling SB [1] setWifiIndicators (Motorola api): UseMotoUI=true Vis=true SBSig=0x7f020148=stat_sys_wifi_signal_2_fully SBAct=( none ) DescSig="Wifi two bars." DescAct="wifi in and out" NetName=""GeoFrenzy""
I/MotoNetwCtrlr.MotorolaWifiSignalController( 1157): notifyListeners: calling SB [2] setWifiIndicators (Motorola api): UseMotoUI=true Vis=true SBSig=0x7f020148=stat_sys_wifi_signal_2_fully SBAct=( none ) DescSig="Wifi two bars." DescAct="wifi in and out" NetName=""GeoFrenzy""
I/MotoNetwCtrlr.MotoWifiHndlr( 1157): handleMessage: Completed
W/ctxmgr  ( 1615): [AclManager]No 2 for (accnt=account#-517948760#, com.google.android.gms(10019):UserLocationProducer, vrsn=11951000, 0, 3pPkg = null ,  3pMdlId = null ,  pid = 1615). Was: 3 for 1, account#-517948760#
W/ctxmgr  ( 1615): [AclManager]No 2 for (accnt=account#137543710#, com.google.android.gms(10019):UserLocationProducer, vrsn=11951000, 0, 3pPkg = null ,  3pMdlId = null ,  pid = 1615). Was: 2 for 1, account#137543710#
W/ctxmgr  ( 1615): [AclManager]No 2 for (accnt=account#-1816729922#, com.google.android.gms(10019):UserLocationProducer, vrsn=11951000, 0, 3pPkg = null ,  3pMdlId = null ,  pid = 1615). Was: 2 for 1, account#-1816729922#
W/ctxmgr  ( 1615): [AclManager]No 2 for (accnt=account#805512989#, com.google.android.gms(10019):UserLocationProducer, vrsn=11951000, 0, 3pPkg = null ,  3pMdlId = null ,  pid = 1615). Was: 2 for 1, account#805512989#
W/ctxmgr  ( 1615): [AclManager]No 2 for (accnt=account#318076953#, com.google.android.gms(10019):UserLocationProducer, vrsn=11951000, 0, 3pPkg = null ,  3pMdlId = null ,  pid = 1615). Was: 2 for 1, account#318076953#
I/System.out( 3380): MARK fencing agent sent message to CordovaDelegate
I/System.out( 3380): CordovaDelegate has no JS waiting; adding response to queue
I/MotoNetwCtrlr( 1157): onReceive: Received intent=Intent { act=android.net.wifi.RSSI_CHANGED flg=0x4000010 (has extras) } Action=android.net.wifi.RSSI_CHANGED
I/MotoNetwCtrlr.MotoWifiSignalCtrlr( 1157): handleBroadcast: Entered: Intent=Intent { act=android.net.wifi.RSSI_CHANGED flg=0x4000010 (has extras) } Action=android.net.wifi.RSSI_CHANGED
I/MotoNetwCtrlr.MotorolaWifiSignalController( 1157): isDirty: returns true
I/MotoNetwCtrlr.MotorolaWifiSignalController( 1157): notifyListeners: calling SB [0] setWifiIndicators (Motorola api): UseMotoUI=true Vis=true SBSig=0x7f020148=stat_sys_wifi_signal_2_fully SBAct=( none ) DescSig="Wifi two bars." DescAct="wifi in and out" NetName=""GeoFrenzy""
I/MotoNetwCtrlr.MotorolaWifiSignalController( 1157): notifyListeners: calling SB [1] setWifiIndicators (Motorola api): UseMotoUI=true Vis=true SBSig=0x7f020148=stat_sys_wifi_signal_2_fully SBAct=( none ) DescSig="Wifi two bars." DescAct="wifi in and out" NetName=""GeoFrenzy""
I/MotoNetwCtrlr.MotorolaWifiSignalController( 1157): notifyListeners: calling SB [2] setWifiIndicators (Motorola api): UseMotoUI=true Vis=true SBSig=0x7f020148=stat_sys_wifi_signal_2_fully SBAct=( none ) DescSig="Wifi two bars." DescAct="wifi in and out" NetName=""GeoFrenzy""
I/MotoNetwCtrlr.MotoWifiSignalCtrlr( 1157): handleBroadcast: Completed
I/MotoNetwCtrlr( 1157): onReceive: Completed intent=Intent { act=android.net.wifi.RSSI_CHANGED flg=0x4000010 (has extras) } Action=android.net.wifi.RSSI_CHANGED
I/MotoNetwCtrlr.MotoNetwCtrlrImpl.MotorolaMobileSignalController( 2 ) ( 1157): MotorolaMobilePhoneStateListener.onSignalStrengthsChanged: Entered: signalStrength=SignalStrength: 99 0 -120 -160 -120 -1 -1 19 -107 -12 14 2147483647 2147483647 gsm|lte 14 -75 0 true 5 5 0 0 2 99 99 99 5 0 level=2
D/ConnectivityManager( 1157): getMobileDataEnabled()+ subId=2
D/PhoneInterfaceManager( 1480): [PhoneIntfMgr] getDataEnabled: subId=2 phoneId=0
D/PhoneInterfaceManager( 1480): [PhoneIntfMgr] getDataEnabled: subId=2 retVal=true
D/ConnectivityManager( 1157): getMobileDataEnabled()- subId=2 retVal=true
I/MotoNetwCtrlr.MotoNetwCtrlrImpl.MotorolaMobileSignalController( 2 ) ( 1157): isDirty: returns true
I/MotoNetwCtrlr.MotoNetwCtrlrImpl.MotorolaMobileSignalController( 2 ) ( 1157): notifyListeners: calling SB [0] setMobileDataIndicators (Motorola api): mobileUseMotoUI=true mobileEnabled=true mobileSimIconId=( none ) mobileSignalIconId=0x7f020461=zz_moto_stat_sys_signal_2_of_5_fully_separated_wide mobileRoamingIconId=( none ) mobileDataTypeIconId=( none ) mobileDataActivityIconId=( none ) mobileCarrierDescription="AT&T" mobileSimDescription="" mobileSignalContentDescription="phone signal two bar" mobileRoamingDescription="" mobileDataTypeContentDescription="L T E" mobileDataActivityContentDescription="" mobileIsRoaming=false isDataTypeIconWide=true mobileIsBidiDirectionEnabled=false mobileSubId=2
I/MotoNetwCtrlr.MotoNetwCtrlrImpl.MotorolaMobileSignalController( 2 ) ( 1157): notifyListeners: calling SB [1] setMobileDataIndicators (Motorola api): mobileUseMotoUI=true mobileEnabled=true mobileSimIconId=( none ) mobileSignalIconId=0x7f020461=zz_moto_stat_sys_signal_2_of_5_fully_separated_wide mobileRoamingIconId=( none ) mobileDataTypeIconId=( none ) mobileDataActivityIconId=( none ) mobileCarrierDescription="AT&T" mobileSimDescription="" mobileSignalContentDescription="phone signal two bar" mobileRoamingDescription="" mobileDataTypeContentDescription="L T E" mobileDataActivityContentDescription="" mobileIsRoaming=false isDataTypeIconWide=true mobileIsBidiDirectionEnabled=false mobileSubId=2
I/MotoNetwCtrlr.MotoNetwCtrlrImpl.MotorolaMobileSignalController( 2 ) ( 1157): notifyListeners: calling SB [2] setMobileDataIndicators (Motorola api): mobileUseMotoUI=true mobileEnabled=true mobileSimIconId=( none ) mobileSignalIconId=0x7f020461=zz_moto_stat_sys_signal_2_of_5_fully_separated_wide mobileRoamingIconId=( none ) mobileDataTypeIconId=( none ) mobileDataActivityIconId=( none ) mobileCarrierDescription="AT&T" mobileSimDescription="" mobileSignalContentDescription="phone signal two bar" mobileRoamingDescription="" mobileDataTypeContentDescription="L T E" mobileDataActivityContentDescription="" mobileIsRoaming=false isDataTypeIconWide=true mobileIsBidiDirectionEnabled=false mobileSubId=2
I/MotoNetwCtrlr.MotoNetwCtrlrImpl.MotorolaMobileSignalController( 2 ) ( 1157): MotorolaMobilePhoneStateListener.onSignalStrengthsChanged: completed: level=2
W/ctxmgr  ( 1615): [AclManager]No 2 for (accnt=account#-517948760#, com.google.android.gms(10019):UserLocationProducer, vrsn=11951000, 0, 3pPkg = null ,  3pMdlId = null ,  pid = 1615). Was: 3 for 1, account#-517948760#
W/ctxmgr  ( 1615): [AclManager]No 2 for (accnt=account#137543710#, com.google.android.gms(10019):UserLocationProducer, vrsn=11951000, 0, 3pPkg = null ,  3pMdlId = null ,  pid = 1615). Was: 2 for 1, account#137543710#
W/ctxmgr  ( 1615): [AclManager]No 2 for (accnt=account#-1816729922#, com.google.android.gms(10019):UserLocationProducer, vrsn=11951000, 0, 3pPkg = null ,  3pMdlId = null ,  pid = 1615). Was: 2 for 1, account#-1816729922#
W/ctxmgr  ( 1615): [AclManager]No 2 for (accnt=account#805512989#, com.google.android.gms(10019):UserLocationProducer, vrsn=11951000, 0, 3pPkg = null ,  3pMdlId = null ,  pid = 1615). Was: 2 for 1, account#805512989#
W/ctxmgr  ( 1615): [AclManager]No 2 for (accnt=account#318076953#, com.google.android.gms(10019):UserLocationProducer, vrsn=11951000, 0, 3pPkg = null ,  3pMdlId = null ,  pid = 1615). Was: 2 for 1, account#318076953#
I/System.out( 3380): MARK fencing agent sent message to CordovaDelegate
I/System.out( 3380): CordovaDelegate has no JS waiting; adding response to queue
I/GeofencerStateMachine( 1615): sendTransitions: location=Location[fused 36.160870,-115.139278 acc=7 et=+3d10h40m55s333ms alt=586.0 vel=0.0 {Bundle[mParcelledData.dataSize=532]}]
W/ctxmgr  ( 1615): [AclManager]No 2 for (accnt=account#-517948760#, com.google.android.gms(10019):UserLocationProducer, vrsn=11951000, 0, 3pPkg = null ,  3pMdlId = null ,  pid = 1615). Was: 3 for 1, account#-517948760#
W/ctxmgr  ( 1615): [AclManager]No 2 for (accnt=account#137543710#, com.google.android.gms(10019):UserLocationProducer, vrsn=11951000, 0, 3pPkg = null ,  3pMdlId = null ,  pid = 1615). Was: 2 for 1, account#137543710#
W/ctxmgr  ( 1615): [AclManager]No 2 for (accnt=account#-1816729922#, com.google.android.gms(10019):UserLocationProducer, vrsn=11951000, 0, 3pPkg = null ,  3pMdlId = null ,  pid = 1615). Was: 2 for 1, account#-1816729922#
W/ctxmgr  ( 1615): [AclManager]No 2 for (accnt=account#805512989#, com.google.android.gms(10019):UserLocationProducer, vrsn=11951000, 0, 3pPkg = null ,  3pMdlId = null ,  pid = 1615). Was: 2 for 1, account#805512989#
W/ctxmgr  ( 1615): [AclManager]No 2 for (accnt=account#318076953#, com.google.android.gms(10019):UserLocationProducer, vrsn=11951000, 0, 3pPkg = null ,  3pMdlId = null ,  pid = 1615). Was: 2 for 1, account#318076953#
I/System.out( 3380): MARK fencing agent sent message to CordovaDelegate
I/System.out( 3380): CordovaDelegate has no JS waiting; adding response to queue
E/NEW_BHD ( 3962): Battery Power Supply logging Daemon start!!!!!
I/MotoNetwCtrlr( 1157): onReceive: Received intent=Intent { act=android.net.wifi.RSSI_CHANGED flg=0x4000010 (has extras) } Action=android.net.wifi.RSSI_CHANGED
