D/SFPerfTracer(  236):        layers: (3:21) (FocusedStackFrame (0xb8b328e0): 0:4828)* (DimLayer (0xb8b344a0): 0:541)* (DimLayer (0xb8b1a240): 0:10)* (DimLayer (0xb8b1ce40): 0:5992)* (DimLayer (0xb8b1f8a8): 0:945)* (StatusBar (0xb8aa4830): 0:103303) (com.android.systemui.ImageWallpaper (0xb8b2b5e8): 0:4889)* (Sprite (0xb8b430f0): 0:82748)* (Sprite (0xb8a97c28): 0:43318)* (Sprite (0xb8b65cf0): 2:68272)* (Sprite (0xb8b69508): 0:56429)* (Sprite (0xb8b51f58): 0:12555)* (Sprite (0xb8b5a150): 0:8898)* (Sprite (0xb8b720c8): 0:12137)* (Sprite (0xb8b7a7f0): 0:29)* (Sprite (0xb8b83230): 0:7163)* (Sprite (0xb8b85c40): 0:4395)* (com.google.android.googlequicksearchbox/com.google.android.launcher.GEL (0xb8b7d188): 0:214)- (NavigationBar (0xb8b67350): 0:34) (SurfaceView (0xb8b58ea8): 0:29)* (com.geonet.android.sampleapp/net.geofrenzy.android.sampleapp.DisplayActivity (0xb8b76208): 22:62) 
V/AlarmManager(  823): sending alarm {3f38f218 type 2 *walarm*:com.google.android.location.ALARM_WAKEUP_ACTIVITY_DETECTION}
V/AlarmManager(  823): done {3f38f218, *walarm*:com.google.android.location.ALARM_WAKEUP_ACTIVITY_DETECTION} [28ms]
V/AlarmManager(  823): sending alarm {1297302d type 3 *alarm*:send_events}
V/AlarmManager(  823): done {1297302d, *alarm*:send_events} [6ms]
I/ActivityManager(  823): Start proc 1546:com.motorola.aabsync/u0a1 for service com.motorola.aabsync/com.motorola.android.syncml.service.SyncEngineService
V/AlarmManager(  823): sending alarm {3f38f218 type 2 *walarm*:com.google.android.location.ALARM_WAKEUP_ACTIVITY_DETECTION}
V/AlarmManager(  823): done {3f38f218, *walarm*:com.google.android.location.ALARM_WAKEUP_ACTIVITY_DETECTION} [30ms]
I/SFPerfTracer(  236):      triggers: (rate: 0:1330) (260302 sw vsyncs) (0 skipped) (14:1997987 vsyncs) (16:2379671)
V/AlarmManager(  823): sending alarm {269cdebb type 3 *alarm*:android.intent.action.TIME_TICK}
V/AlarmManager(  823): done {269cdebb, *alarm*:android.intent.action.TIME_TICK} [39ms]
V/AlarmManager(  823): sending alarm {54d66bc type 3 *alarm*:com.google.android.gms/.lockbox.LockboxAlarmReceiver}
V/AlarmManager(  823): done {54d66bc, *alarm*:com.google.android.gms/.lockbox.LockboxAlarmReceiver} [8ms]
I/SFPerfTracer(  236):      triggers: (rate: 3662:181780) (compose: 0:338) (post: 0:4501) (render: 0:946) (0:948150 frames) (1:1168100)
D/SFPerfTracer(  236):        layers: (3:20) (FocusedStackFrame (0xb8b328e0): 0:4828)* (DimLayer (0xb8b344a0): 0:541)* (DimLayer (0xb8b1a240): 0:10)* (DimLayer (0xb8b1ce40): 0:5992)* (DimLayer (0xb8b1f8a8): 0:945)* (StatusBar (0xb8aa4830): 0:103336) (com.android.systemui.ImageWallpaper (0xb8b2b5e8): 0:4889)* (Sprite (0xb8b430f0): 0:82748)* (Sprite (0xb8a97c28): 0:43318)* (Sprite (0xb8b65cf0): 0:68272)* (Sprite (0xb8b69508): 0:56429)* (Sprite (0xb8b51f58): 0:12555)* (Sprite (0xb8b5a150): 0:8898)* (Sprite (0xb8b720c8): 0:12137)* (Sprite (0xb8b7a7f0): 0:29)* (Sprite (0xb8b83230): 0:7163)* (Sprite (0xb8b85c40): 0:4395)* (NavigationBar (0xb8b67350): 0:34) (SurfaceView (0xb8b58ea8): 0:29)* (com.geonet.android.sampleapp/net.geofrenzy.android.sampleapp.DisplayActivity (0xb8b76208): 0:97) 
D/ConnectivityService(  823): updateNetworkScore for NetworkAgentInfo [WIFI () - 193] to 56
D/ConnectivityService(  823): rematching NetworkAgentInfo [WIFI () - 193]
D/ConnectivityService(  823): Network NetworkAgentInfo [WIFI () - 193] was already satisfying request 1. No change.
D/ConnectivityService(  823): notifyType AVAILABLE for NetworkAgentInfo [WIFI () - 193]
D/ConnectivityService(  823): updateNetworkScore for NetworkAgentInfo [WIFI () - 193] to 60
D/ConnectivityService(  823): rematching NetworkAgentInfo [WIFI () - 193]
D/ConnectivityService(  823): Network NetworkAgentInfo [WIFI () - 193] was already satisfying request 1. No change.
D/ConnectivityService(  823): notifyType AVAILABLE for NetworkAgentInfo [WIFI () - 193]
I/SFPerfTracer(  236):      triggers: (rate: 0:1330) (260302 sw vsyncs) (0 skipped) (0:1997987 vsyncs) (1:2379772)
D/ConnectivityService(  823): updateNetworkScore for NetworkAgentInfo [WIFI () - 193] to 56
D/ConnectivityService(  823): rematching NetworkAgentInfo [WIFI () - 193]
D/ConnectivityService(  823): Network NetworkAgentInfo [WIFI () - 193] was already satisfying request 1. No change.
D/ConnectivityService(  823): notifyType AVAILABLE for NetworkAgentInfo [WIFI () - 193]
D/ConnectivityService(  823): updateNetworkScore for NetworkAgentInfo [WIFI () - 193] to 60
D/ConnectivityService(  823): rematching NetworkAgentInfo [WIFI () - 193]
D/ConnectivityService(  823): Network NetworkAgentInfo [WIFI () - 193] was already satisfying request 1. No change.
D/ConnectivityService(  823): notifyType AVAILABLE for NetworkAgentInfo [WIFI () - 193]
D/ConnectivityService(  823): updateNetworkScore for NetworkAgentInfo [WIFI () - 193] to 56
D/ConnectivityService(  823): rematching NetworkAgentInfo [WIFI () - 193]
D/ConnectivityService(  823): Network NetworkAgentInfo [WIFI () - 193] was already satisfying request 1. No change.
D/ConnectivityService(  823): notifyType AVAILABLE for NetworkAgentInfo [WIFI () - 193]
V/AlarmManager(  823): sending alarm {a37b31c type 2 *walarm*:com.google.android.gms.gcm.HEARTBEAT_ALARM}
V/AlarmManager(  823): done {a37b31c, *walarm*:com.google.android.gms.gcm.HEARTBEAT_ALARM} [22ms]
V/AlarmManager(  823): sending alarm {269cdebb type 3 *alarm*:android.intent.action.TIME_TICK}
V/AlarmManager(  823): done {269cdebb, *alarm*:android.intent.action.TIME_TICK} [55ms]
V/AlarmManager(  823): sending alarm {54d66bc type 3 *alarm*:com.google.android.gms/.lockbox.LockboxAlarmReceiver}
V/AlarmManager(  823): done {54d66bc, *alarm*:com.google.android.gms/.lockbox.LockboxAlarmReceiver} [7ms]
D/ConnectivityService(  823): updateNetworkScore for NetworkAgentInfo [WIFI () - 193] to 60
D/ConnectivityService(  823): rematching NetworkAgentInfo [WIFI () - 193]
D/ConnectivityService(  823): Network NetworkAgentInfo [WIFI () - 193] was already satisfying request 1. No change.
D/ConnectivityService(  823): notifyType AVAILABLE for NetworkAgentInfo [WIFI () - 193]
I/ActivityManager(  823): Start proc 1606:com.google.android.gms.ui/u0a19 for service com.google.android.gms/.chimera.UiIntentOperationService
W/ResourcesManager( 1606): Asset path '/system/framework/com.android.media.remotedisplay.jar' does not exist or contains no resources.
W/ResourcesManager( 1606): Asset path '/system/framework/com.android.location.provider.jar' does not exist or contains no resources.
I/ActivityManager(  823): Process com.motorola.MotGallery2 (pid 25611) has died
D/ActivityManager(  823): cleanUpApplicationRecord -- 25611
W/ActivityManager(  823): Scheduling restart of crashed service com.motorola.MotGallery2/com.motorola.blur.service.blur.JobSchedulerService in 1000ms
I/ActivityManager(  823): Process com.qualcomm.telephony (pid 26068) has died
D/ActivityManager(  823): cleanUpApplicationRecord -- 26068
W/ActivityManager(  823): Scheduling restart of crashed service com.qualcomm.atfwd/.AtFwdService in 10529ms
I/ActivityManager(  823): Start proc 1651:com.google.android.keep/u0a165 for broadcast com.google.android.keep/.phenotype.PhenotypeConfigBroadcastReceiver
I/ActivityManager(  823): Process com.qualcomm.qcrilmsgtunnel (pid 26289) has died
D/ActivityManager(  823): cleanUpApplicationRecord -- 26289
W/ActivityManager(  823): Scheduling restart of crashed service com.qualcomm.qcrilmsgtunnel/.QcrilMsgTunnelService in 20354ms
I/SFPerfTracer(  236):      triggers: (rate: 0:1330) (260302 sw vsyncs) (0 skipped) (0:1997987 vsyncs) (1:2379873)
I/ActivityManager(  823): Start proc 1673:com.motorola.MotGallery2/u0a30 for service com.motorola.MotGallery2/com.motorola.blur.service.blur.JobSchedulerService
W/ResourcesManager( 1673): Asset path '/system/framework/com.motorola.gallery' does not exist or contains no resources.
W/ResourcesManager( 1673): Asset path '/system/framework/com.google.android.media.effects.jar' does not exist or contains no resources.
W/ResourcesManager( 1673): Asset path '/system/framework/com.motorola.frameworks.core.addon.jar' does not exist or contains no resources.
I/ActivityManager(  823): Start proc 1726:com.google.android.apps.docs/u0a67 for broadcast com.google.android.apps.docs/.mendel.MendelReceiver
I/ActivityManager(  823): Process com.motorola.groundloopnoisepreventer (pid 24820) has died
D/ActivityManager(  823): cleanUpApplicationRecord -- 24820
W/ActivityManager(  823): Scheduling restart of crashed service com.motorola.groundloopnoisepreventer/.SilenceService in 8246334ms
W/ActivityManager(  823): getRunningAppProcesses: caller 10067 does not hold REAL_GET_TASKS; limiting output
W/ActivityManager(  823): getRunningAppProcesses: caller 10067 does not hold REAL_GET_TASKS; limiting output
W/ActivityManager(  823): getRunningAppProcesses: caller 10067 does not hold REAL_GET_TASKS; limiting output
W/ActivityManager(  823): getRunningAppProcesses: caller 10067 does not hold REAL_GET_TASKS; limiting output
I/ActivityManager(  823): Process com.motorola.invisiblenet (pid 32281) has died
D/ActivityManager(  823): cleanUpApplicationRecord -- 32281
I/ActivityManager(  823): Start proc 1788:com.google.android.play.games.ui/u0a101 for broadcast com.google.android.play.games/com.google.android.gms.games.config.PhenotypeBroadcastReceiver
I/ActivityManager(  823): Process com.google.android.keep (pid 1651) has died
D/ActivityManager(  823): cleanUpApplicationRecord -- 1651
E/Vold    (  235): Failed to find mounted volume for /storage/sdcard1/Android/data/com.google.android.apps.docs/cache/
W/Vold    (  235): Returning OperationFailed - no handler for errno 0
W/ResourcesManager( 1726): Asset path '/system/framework/com.android.media.remotedisplay.jar' does not exist or contains no resources.
W/ResourcesManager( 1726): Asset path '/system/framework/com.android.location.provider.jar' does not exist or contains no resources.
I/ActivityManager(  823): Start proc 1845:com.qualcomm.telephony/1000 for service com.qualcomm.atfwd/.AtFwdService
I/SFPerfTracer(  236):      triggers: (rate: 3662:181781) (compose: 0:338) (post: 0:4501) (render: 0:946) (0:948151 frames) (1:1168200)
D/SFPerfTracer(  236):        layers: (3:20) (FocusedStackFrame (0xb8b328e0): 0:4828)* (DimLayer (0xb8b344a0): 0:541)* (DimLayer (0xb8b1a240): 0:10)* (DimLayer (0xb8b1ce40): 0:5992)* (DimLayer (0xb8b1f8a8): 0:945)* (StatusBar (0xb8aa4830): 0:103387) (com.android.systemui.ImageWallpaper (0xb8b2b5e8): 0:4889)* (Sprite (0xb8b430f0): 0:82748)* (Sprite (0xb8a97c28): 0:43318)* (Sprite (0xb8b65cf0): 0:68272)* (Sprite (0xb8b69508): 0:56429)* (Sprite (0xb8b51f58): 0:12555)* (Sprite (0xb8b5a150): 0:8898)* (Sprite (0xb8b720c8): 0:12137)* (Sprite (0xb8b7a7f0): 0:29)* (Sprite (0xb8b83230): 0:7163)* (Sprite (0xb8b85c40): 0:4395)* (NavigationBar (0xb8b67350): 0:34) (SurfaceView (0xb8b58ea8): 0:29)* (com.geonet.android.sampleapp/net.geofrenzy.android.sampleapp.DisplayActivity (0xb8b76208): 0:97) 
I/ActivityManager(  823): Start proc 1866:com.qualcomm.qcrilmsgtunnel/1001 for service com.qualcomm.qcrilmsgtunnel/.QcrilMsgTunnelService
D/ConnectivityService(  823): updateNetworkScore for NetworkAgentInfo [WIFI () - 193] to 56
D/ConnectivityService(  823): rematching NetworkAgentInfo [WIFI () - 193]
D/ConnectivityService(  823): Network NetworkAgentInfo [WIFI () - 193] was already satisfying request 1. No change.
D/ConnectivityService(  823): notifyType AVAILABLE for NetworkAgentInfo [WIFI () - 193]
I/SFPerfTracer(  236):      triggers: (rate: 0:1330) (260302 sw vsyncs) (0 skipped) (0:1997987 vsyncs) (1:2379974)
D/ConnectivityService(  823): updateNetworkScore for NetworkAgentInfo [WIFI () - 193] to 60
D/ConnectivityService(  823): rematching NetworkAgentInfo [WIFI () - 193]
D/ConnectivityService(  823): Network NetworkAgentInfo [WIFI () - 193] was already satisfying request 1. No change.
D/ConnectivityService(  823): notifyType AVAILABLE for NetworkAgentInfo [WIFI () - 193]
V/AlarmManager(  823): sending alarm {269cdebb type 3 *alarm*:android.intent.action.TIME_TICK}
V/AlarmManager(  823): done {269cdebb, *alarm*:android.intent.action.TIME_TICK} [63ms]
V/AlarmManager(  823): sending alarm {22f18560 type 2 *walarm*:run_background_task5}
V/AlarmManager(  823): sending alarm {54d66bc type 3 *alarm*:com.google.android.gms/.lockbox.LockboxAlarmReceiver}
V/AlarmManager(  823): done {22f18560, *walarm*:run_background_task5} [119ms]
V/AlarmManager(  823): done {54d66bc, *alarm*:com.google.android.gms/.lockbox.LockboxAlarmReceiver} [126ms]
D/ConnectivityService(  823): updateNetworkScore for NetworkAgentInfo [WIFI () - 193] to 56
D/ConnectivityService(  823): rematching NetworkAgentInfo [WIFI () - 193]
D/ConnectivityService(  823): Network NetworkAgentInfo [WIFI () - 193] was already satisfying request 1. No change.
D/ConnectivityService(  823): notifyType AVAILABLE for NetworkAgentInfo [WIFI () - 193]
I/ActivityManager(  823): Process com.google.android.gms.ui (pid 1606) has died
D/ActivityManager(  823): cleanUpApplicationRecord -- 1606
I/ActivityManager(  823): Process com.google.android.inputmethod.latin:train (pid 581) has died
D/ActivityManager(  823): cleanUpApplicationRecord -- 581
D/ConnectivityService(  823): updateNetworkScore for NetworkAgentInfo [WIFI () - 193] to 60
D/ConnectivityService(  823): rematching NetworkAgentInfo [WIFI () - 193]
D/ConnectivityService(  823): Network NetworkAgentInfo [WIFI () - 193] was already satisfying request 1. No change.
D/ConnectivityService(  823): notifyType AVAILABLE for NetworkAgentInfo [WIFI () - 193]
I/SFPerfTracer(  236):      triggers: (rate: 0:1330) (260302 sw vsyncs) (0 skipped) (0:1997987 vsyncs) (1:2380075)
D/ConnectivityService(  823): updateNetworkScore for NetworkAgentInfo [WIFI () - 193] to 56
D/ConnectivityService(  823): rematching NetworkAgentInfo [WIFI () - 193]
D/ConnectivityService(  823): Network NetworkAgentInfo [WIFI () - 193] was already satisfying request 1. No change.
D/ConnectivityService(  823): notifyType AVAILABLE for NetworkAgentInfo [WIFI () - 193]
I/SFPerfTracer(  236):      triggers: (rate: 3662:181782) (compose: 0:338) (post: 0:4501) (render: 0:946) (0:948153 frames) (1:1168300)
D/SFPerfTracer(  236):        layers: (3:20) (FocusedStackFrame (0xb8b328e0): 0:4828)* (DimLayer (0xb8b344a0): 0:541)* (DimLayer (0xb8b1a240): 0:10)* (DimLayer (0xb8b1ce40): 0:5992)* (DimLayer (0xb8b1f8a8): 0:945)* (StatusBar (0xb8aa4830): 0:103441) (com.android.systemui.ImageWallpaper (0xb8b2b5e8): 0:4889)* (Sprite (0xb8b430f0): 0:82748)* (Sprite (0xb8a97c28): 0:43318)* (Sprite (0xb8b65cf0): 0:68272)* (Sprite (0xb8b69508): 0:56429)* (Sprite (0xb8b51f58): 0:12555)* (Sprite (0xb8b5a150): 0:8898)* (Sprite (0xb8b720c8): 0:12137)* (Sprite (0xb8b7a7f0): 0:29)* (Sprite (0xb8b83230): 0:7163)* (Sprite (0xb8b85c40): 0:4395)* (NavigationBar (0xb8b67350): 0:34) (SurfaceView (0xb8b58ea8): 0:29)* (com.geonet.android.sampleapp/net.geofrenzy.android.sampleapp.DisplayActivity (0xb8b76208): 0:97) 
V/AlarmManager(  823): sending alarm {1cc6a0f6 type 2 *walarm*:com.motorola.slpc.ALARM_MODALITY}
V/AlarmManager(  823): done {1cc6a0f6, *walarm*:com.motorola.slpc.ALARM_MODALITY} [4ms]
V/AlarmManager(  823): sending alarm {3d355589 type 2 *walarm*:com.motorola.slpc.ALARM_ORIENTATION}
V/AlarmManager(  823): done {3d355589, *walarm*:com.motorola.slpc.ALARM_ORIENTATION} [4ms]
I/BatteryStatsImpl(  823): Resetting battery stats: level=99 status=2 dischargeLevel=99 lowAmount=69 highAmount=72
V/AlarmManager(  823): sending alarm {1cc6a0f6 type 2 *walarm*:com.motorola.slpc.ALARM_MODALITY}
V/AlarmManager(  823): done {1cc6a0f6, *walarm*:com.motorola.slpc.ALARM_MODALITY} [144ms]
I/ActivityManager(  823): Start proc 1912:com.motorola.genie/u0a23 for broadcast com.motorola.genie/.prefetch.PowerStatusReceiver
W/ResourcesManager( 1912): Asset path '/system/framework/com.motorola.motosignature.jar' does not exist or contains no resources.
I/ActivityManager(  823): Start proc 1941:com.motorola.groundloopnoisepreventer/u0a80 for broadcast com.motorola.groundloopnoisepreventer/.ServiceStarter
W/BroadcastQueue(  823): Permission Denial: broadcasting Intent { act=com.motorola.cce.Actions.CCE_SEND_SETTINGS flg=0x10 (has extras) } from com.motorola.genie (pid=1912, uid=10023) is not exported from uid 10000 due to receiver com.motorola.ccc.checkin/com.motorola.blur.service.blur.SharedSettingsReceiver
W/BroadcastQueue(  823): Permission Denial: broadcasting Intent { act=com.motorola.cce.Actions.CCE_SEND_SETTINGS flg=0x10 (has extras) } from com.motorola.genie (pid=1912, uid=10023) is not exported from uid 10000 due to receiver com.motorola.ccc.notification/com.motorola.blur.service.blur.SharedSettingsReceiver
W/BroadcastQueue(  823): Permission Denial: broadcasting Intent { act=com.motorola.cce.Actions.CCE_SEND_SETTINGS flg=0x10 (has extras) } from com.motorola.genie (pid=1912, uid=10023) is not exported from uid 10030 due to receiver com.motorola.MotGallery2/com.motorola.blur.service.blur.SharedSettingsReceiver
D/ConnectivityService(  823): updateNetworkScore for NetworkAgentInfo [WIFI () - 193] to 60
D/ConnectivityService(  823): rematching NetworkAgentInfo [WIFI () - 193]
D/ConnectivityService(  823): Network NetworkAgentInfo [WIFI () - 193] was already satisfying request 1. No change.
D/ConnectivityService(  823): notifyType AVAILABLE for NetworkAgentInfo [WIFI () - 193]
I/ActivityManager(  823): Process com.google.android.apps.docs (pid 1726) has died
D/ActivityManager(  823): cleanUpApplicationRecord -- 1726
I/ActivityManager(  823): Process com.google.android.play.games.ui (pid 1788) has died
D/ActivityManager(  823): cleanUpApplicationRecord -- 1788
D/ConnectivityService(  823): updateNetworkScore for NetworkAgentInfo [WIFI () - 193] to 56
D/ConnectivityService(  823): rematching NetworkAgentInfo [WIFI () - 193]
D/ConnectivityService(  823): Network NetworkAgentInfo [WIFI () - 193] was already satisfying request 1. No change.
D/ConnectivityService(  823): notifyType AVAILABLE for NetworkAgentInfo [WIFI () - 193]
V/AlarmManager(  823): sending alarm {3d355589 type 2 *walarm*:com.motorola.slpc.ALARM_ORIENTATION}
V/AlarmManager(  823): done {3d355589, *walarm*:com.motorola.slpc.ALARM_ORIENTATION} [11ms]
I/ActivityManager(  823): START u0 {act=android.intent.action.MAIN cat=[android.intent.category.HOME] flg=0x10200000 cmp=com.google.android.googlequicksearchbox/com.google.android.launcher.GEL} from uid 1000 on display 0
I/LaunchCheckinHandler(  823): Displayed com.google.android.googlequicksearchbox/com.google.android.launcher.GEL,wp,wa,326
I/SFPerfTracer(  236):      triggers: (rate: 0:1330) (260302 sw vsyncs) (0 skipped) (61:1998048 vsyncs) (63:2380235)
I/SFPerfTracer(  236):      triggers: (rate: 3662:181788) (compose: 0:338) (post: 0:4501) (render: 0:946) (16:948218 frames) (17:1168416)
D/SFPerfTracer(  236):        layers: (5:21) (FocusedStackFrame (0xb8b328e0): 0:4829)* (DimLayer (0xb8b344a0): 0:541)* (DimLayer (0xb8b1a240): 0:10)* (DimLayer (0xb8b1ce40): 0:5992)* (DimLayer (0xb8b1f8a8): 0:945)* (StatusBar (0xb8aa4830): 0:103467) (com.android.systemui.ImageWallpaper (0xb8b2b5e8): 0:4890) (Sprite (0xb8b430f0): 0:82748)* (Sprite (0xb8a97c28): 0:43318)* (Sprite (0xb8b65cf0): 12:68297) (Sprite (0xb8b69508): 0:56429)* (Sprite (0xb8b51f58): 0:12555)* (Sprite (0xb8b5a150): 0:8898)* (Sprite (0xb8b720c8): 0:12137)* (Sprite (0xb8b7a7f0): 0:29)* (Sprite (0xb8b83230): 0:7163)* (Sprite (0xb8b85c40): 0:4395)* (NavigationBar (0xb8b67350): 0:67) (SurfaceView (0xb8b58ea8): 0:56)- (com.geonet.android.sampleapp/net.geofrenzy.android.sampleapp.DisplayActivity (0xb8b76208): 0:124)- (com.google.android.googlequicksearchbox/com.google.android.launcher.GEL (0xb8b78ef8): 12:21) 
D/ConnectivityService(  823): updateNetworkScore for NetworkAgentInfo [WIFI () - 193] to 60
D/ConnectivityService(  823): rematching NetworkAgentInfo [WIFI () - 193]
D/ConnectivityService(  823): Network NetworkAgentInfo [WIFI () - 193] was already satisfying request 1. No change.
D/ConnectivityService(  823): notifyType AVAILABLE for NetworkAgentInfo [WIFI () - 193]
V/AlarmManager(  823): sending alarm {269cdebb type 3 *alarm*:android.intent.action.TIME_TICK}
V/AlarmManager(  823): done {269cdebb, *alarm*:android.intent.action.TIME_TICK} [52ms]
I/ActivityManager(  823): START u0 {act=android.intent.action.MAIN cat=[android.intent.category.LAUNCHER] flg=0x10200000 cmp=com.android.dialer/.DialtactsActivity (has extras)} from uid 10046 on display 0
V/WindowManager(  823): addAppToken: AppWindowToken{23f44ff6 token=Token{2e080491 ActivityRecord{1c9b8eb8 u0 com.android.dialer/.DialtactsActivity t16492}}} to stack=1 task=16492 at 0
I/ActivityManager(  823): Start proc 1984:com.android.dialer/u0a14 for activity com.android.dialer/.DialtactsActivity
V/WindowManager(  823): Adding window Window{3cdd95fc u0 Starting com.android.dialer} at 9 of 15 (after Window{315bf4db u0 com.geonet.android.sampleapp/net.geofrenzy.android.sampleapp.DisplayActivity})
V/AlarmManager(  823): sending alarm {54d66bc type 3 *alarm*:com.google.android.gms/.lockbox.LockboxAlarmReceiver}
V/AlarmManager(  823): done {54d66bc, *alarm*:com.google.android.gms/.lockbox.LockboxAlarmReceiver} [15ms]
I/SFPerfTracer(  236):      triggers: (rate: 3662:181790) (compose: 0:338) (post: 0:4501) (render: 0:946) (19:948319 frames) (20:1168530)
D/SFPerfTracer(  236):        layers: (5:20) (FocusedStackFrame (0xb8b328e0): 0:4832)* (DimLayer (0xb8b344a0): 0:541)* (DimLayer (0xb8b1a240): 0:10)* (DimLayer (0xb8b1ce40): 0:5992)* (DimLayer (0xb8b1f8a8): 0:946)* (StatusBar (0xb8aa4830): 1:103469) (com.android.systemui.ImageWallpaper (0xb8b2b5e8): 0:4890) (Sprite (0xb8b430f0): 0:82748)* (Sprite (0xb8a97c28): 0:43318)* (Sprite (0xb8b65cf0): 0:68321)* (Sprite (0xb8b69508): 0:56429)* (Sprite (0xb8b51f58): 0:12555)* (Sprite (0xb8b5a150): 0:8898)* (Sprite (0xb8b720c8): 0:12137)* (Sprite (0xb8b7a7f0): 0:29)* (Sprite (0xb8b83230): 0:7163)* (Sprite (0xb8b85c40): 0:4395)* (NavigationBar (0xb8b67350): 0:67) (com.google.android.googlequicksearchbox/com.google.android.launcher.GEL (0xb8b78ef8): 0:105) (Starting com.android.dialer (0xb8b58ea8): 20:24) 
I/ActivityManager(  823): Start proc 2021:android.process.acore/u0a10 for content provider com.android.providers.contacts/.CallLogProvider
W/ResourcesManager( 1984): Asset path '/system/framework/com.google.android.media.effects.jar' does not exist or contains no resources.
V/WindowManager(  823): Adding window Window{f3541ad u0 com.android.dialer/com.android.dialer.DialtactsActivity} at 9 of 16 (before Window{3cdd95fc u0 Starting com.android.dialer})
I/LaunchCheckinHandler(  823): Displayed com.android.dialer/.DialtactsActivity,cp,ca,1681
I/ActivityManager(  823): Start proc 2056:com.cequint.ecid/u0a69 for content provider com.cequint.ecid/com.cequint.hs.client.modules.nameid.NameIDContentProvider
W/ActivityManager(  823): getRunningAppProcesses: caller 10069 does not hold REAL_GET_TASKS; limiting output
I/SFPerfTracer(  236):      triggers: (rate: 0:1330) (260302 sw vsyncs) (0 skipped) (117:1998242 vsyncs) (119:2380441)
I/ActivityManager(  823): Start proc 2082:com.cequint.ecid:com.ims.process/u0a69 for broadcast com.cequint.ecid/com.cequint.hs.client.modules.ims.IMSBroadcastReceiver
W/ActivityManager(  823): getRunningAppProcesses: caller 10069 does not hold REAL_GET_TASKS; limiting output
D/TaskPersister(  823): removeObsoleteFile: deleting file=16383_task_thumbnail.png
I/ActivityManager(  823): Process com.google.process.gapps (pid 32654) has died
D/ActivityManager(  823): cleanUpApplicationRecord -- 32654
I/SFPerfTracer(  236):      triggers: (rate: 3662:181793) (compose: 0:338) (post: 0:4501) (render: 0:946) (0:948394 frames) (1:1168630)
D/SFPerfTracer(  236):        layers: (3:21) (FocusedStackFrame (0xb8b328e0): 0:4835)* (DimLayer (0xb8b344a0): 0:541)* (DimLayer (0xb8b1a240): 0:10)* (DimLayer (0xb8b1ce40): 0:5992)* (DimLayer (0xb8b1f8a8): 0:947)* (StatusBar (0xb8aa4830): 0:103471) (com.android.systemui.ImageWallpaper (0xb8b2b5e8): 0:4891)* (Sprite (0xb8b430f0): 0:82748)* (Sprite (0xb8a97c28): 0:43318)* (Sprite (0xb8b65cf0): 0:68354)* (Sprite (0xb8b69508): 0:56429)* (Sprite (0xb8b51f58): 0:12555)* (Sprite (0xb8b5a150): 0:8898)* (Sprite (0xb8b720c8): 0:12137)* (Sprite (0xb8b7a7f0): 0:29)* (Sprite (0xb8b83230): 0:7163)* (Sprite (0xb8b85c40): 0:4395)* (NavigationBar (0xb8b67350): 0:67) (com.google.android.googlequicksearchbox/com.google.android.launcher.GEL (0xb8b78ef8): 0:105)- (Starting com.android.dialer (0xb8b58ea8): 0:41)- (com.android.dialer/com.android.dialer.DialtactsActivity (0xb8b78ef8): 0:57) 
I/SFPerfTracer(  236):      triggers: (rate: 0:1330) (260302 sw vsyncs) (0 skipped) (21:1998348 vsyncs) (23:2380563)
V/AlarmManager(  823): sending alarm {3f38f218 type 2 *walarm*:com.google.android.location.ALARM_WAKEUP_ACTIVITY_DETECTION}
V/AlarmManager(  823): done {3f38f218, *walarm*:com.google.android.location.ALARM_WAKEUP_ACTIVITY_DETECTION} [30ms]
D/ConnectivityService(  823): updateNetworkScore for NetworkAgentInfo [WIFI () - 193] to 56
D/ConnectivityService(  823): rematching NetworkAgentInfo [WIFI () - 193]
D/ConnectivityService(  823): Network NetworkAgentInfo [WIFI () - 193] was already satisfying request 1. No change.
D/ConnectivityService(  823): notifyType AVAILABLE for NetworkAgentInfo [WIFI () - 193]
I/ActivityManager(  823): Process com.motorola.genie (pid 1912) has died
D/ActivityManager(  823): cleanUpApplicationRecord -- 1912
D/ConnectivityService(  823): updateNetworkScore for NetworkAgentInfo [WIFI () - 193] to 60
D/ConnectivityService(  823): rematching NetworkAgentInfo [WIFI () - 193]
D/ConnectivityService(  823): Network NetworkAgentInfo [WIFI () - 193] was already satisfying request 1. No change.
D/ConnectivityService(  823): notifyType AVAILABLE for NetworkAgentInfo [WIFI () - 193]
I/WindowState(  823): WIN DEATH: Window{2c74fa9 u0 com.chess/com.chess.ui.activities.MainFragmentFaceActivity}
I/ActivityManager(  823): Process com.chess (pid 12240) has died
D/ActivityManager(  823): cleanUpApplicationRecord -- 12240
I/SFPerfTracer(  236):      triggers: (rate: 3662:181798) (compose: 0:338) (post: 0:4501) (render: 0:946) (0:948479 frames) (1:1168730)
D/SFPerfTracer(  236):        layers: (3:19) (FocusedStackFrame (0xb8b328e0): 0:4836)* (DimLayer (0xb8b344a0): 0:541)* (DimLayer (0xb8b1a240): 0:10)* (DimLayer (0xb8b1ce40): 0:5992)* (DimLayer (0xb8b1f8a8): 0:947)* (StatusBar (0xb8aa4830): 0:103475) (com.android.systemui.ImageWallpaper (0xb8b2b5e8): 0:4891)* (Sprite (0xb8b430f0): 0:82748)* (Sprite (0xb8a97c28): 0:43318)* (Sprite (0xb8b65cf0): 0:68441)* (Sprite (0xb8b69508): 0:56429)* (Sprite (0xb8b51f58): 0:12555)* (Sprite (0xb8b5a150): 0:8898)* (Sprite (0xb8b720c8): 0:12137)* (Sprite (0xb8b7a7f0): 0:29)* (Sprite (0xb8b83230): 0:7163)* (Sprite (0xb8b85c40): 0:4395)* (NavigationBar (0xb8b67350): 0:67) (com.android.dialer/com.android.dialer.DialtactsActivity (0xb8b78ef8): 0:110) 
V/AlarmManager(  823): sending alarm {1eac49c1 type 3 *alarm*:send_events}
V/AlarmManager(  823): done {1eac49c1, *alarm*:send_events} [8ms]
V/AlarmManager(  823): sending alarm {3f38f218 type 2 *walarm*:com.google.android.location.ALARM_WAKEUP_ACTIVITY_DETECTION}
V/AlarmManager(  823): done {3f38f218, *walarm*:com.google.android.location.ALARM_WAKEUP_ACTIVITY_DETECTION} [17ms]
V/AlarmManager(  823): sending alarm {3f38f218 type 2 *walarm*:com.google.android.location.ALARM_WAKEUP_ACTIVITY_DETECTION}
V/AlarmManager(  823): done {3f38f218, *walarm*:com.google.android.location.ALARM_WAKEUP_ACTIVITY_DETECTION} [23ms]
I/SFPerfTracer(  236):      triggers: (rate: 0:1331) (260302 sw vsyncs) (0 skipped) (0:1998364 vsyncs) (1:2380664)
V/AlarmManager(  823): sending alarm {3d355589 type 2 *walarm*:com.motorola.slpc.ALARM_ORIENTATION}
V/AlarmManager(  823): done {3d355589, *walarm*:com.motorola.slpc.ALARM_ORIENTATION} [4ms]
D/ConnectivityService(  823): updateNetworkScore for NetworkAgentInfo [WIFI () - 193] to 56
D/ConnectivityService(  823): rematching NetworkAgentInfo [WIFI () - 193]
D/ConnectivityService(  823): Network NetworkAgentInfo [WIFI () - 193] was already satisfying request 1. No change.
D/ConnectivityService(  823): notifyType AVAILABLE for NetworkAgentInfo [WIFI () - 193]
D/ConnectivityService(  823): updateNetworkScore for NetworkAgentInfo [WIFI () - 193] to 60
D/ConnectivityService(  823): rematching NetworkAgentInfo [WIFI () - 193]
D/ConnectivityService(  823): Network NetworkAgentInfo [WIFI () - 193] was already satisfying request 1. No change.
D/ConnectivityService(  823): notifyType AVAILABLE for NetworkAgentInfo [WIFI () - 193]
V/AlarmManager(  823): sending alarm {269cdebb type 3 *alarm*:android.intent.action.TIME_TICK}
V/AlarmManager(  823): done {269cdebb, *alarm*:android.intent.action.TIME_TICK} [49ms]
V/AlarmManager(  823): sending alarm {2dfc8d4a type 3 *alarm*:com.android.server.action.NETWORK_STATS_POLL}
V/AlarmManager(  823): sending alarm {54d66bc type 3 *alarm*:com.google.android.gms/.lockbox.LockboxAlarmReceiver}
V/AlarmManager(  823): done {2dfc8d4a, *alarm*:com.android.server.action.NETWORK_STATS_POLL} [128ms]
V/AlarmManager(  823): done {54d66bc, *alarm*:com.google.android.gms/.lockbox.LockboxAlarmReceiver} [134ms]
V/AlarmManager(  823): sending alarm {363c7262 type 2 *walarm*:android.net.ConnectivityService.action.PKT_CNT_SAMPLE_INTERVAL_ELAPSED}
V/AlarmManager(  823): done {363c7262, *walarm*:android.net.ConnectivityService.action.PKT_CNT_SAMPLE_INTERVAL_ELAPSED} [7ms]
I/SFPerfTracer(  236):      triggers: (rate: 0:1331) (260302 sw vsyncs) (0 skipped) (0:1998364 vsyncs) (1:2380765)
D/ConnectivityService(  823): updateNetworkScore for NetworkAgentInfo [WIFI () - 193] to 56
D/ConnectivityService(  823): rematching NetworkAgentInfo [WIFI () - 193]
D/ConnectivityService(  823): Network NetworkAgentInfo [WIFI () - 193] was already satisfying request 1. No change.
D/ConnectivityService(  823): notifyType AVAILABLE for NetworkAgentInfo [WIFI () - 193]
I/ActivityManager(  823): START u0 {act=android.intent.action.MAIN cat=[android.intent.category.HOME] flg=0x10200000 cmp=com.google.android.googlequicksearchbox/com.google.android.launcher.GEL} from uid 1000 on display 0
I/LaunchCheckinHandler(  823): Displayed com.google.android.googlequicksearchbox/com.google.android.launcher.GEL,wp,wa,169
I/SFPerfTracer(  236):      triggers: (rate: 3662:181799) (compose: 0:338) (post: 0:4501) (render: 0:946) (4:948494 frames) (5:1168831)
D/SFPerfTracer(  236):        layers: (4:20) (FocusedStackFrame (0xb8b328e0): 0:4838)* (DimLayer (0xb8b344a0): 0:541)* (DimLayer (0xb8b1a240): 0:10)* (DimLayer (0xb8b1ce40): 0:5992)* (DimLayer (0xb8b1f8a8): 0:947)* (StatusBar (0xb8aa4830): 0:103519) (com.android.systemui.ImageWallpaper (0xb8b2b5e8): 0:4891)* (Sprite (0xb8b430f0): 0:82748)* (Sprite (0xb8a97c28): 0:43318)* (Sprite (0xb8b65cf0): 3:68450) (Sprite (0xb8b69508): 0:56429)* (Sprite (0xb8b51f58): 0:12555)* (Sprite (0xb8b5a150): 0:8898)* (Sprite (0xb8b720c8): 0:12137)* (Sprite (0xb8b7a7f0): 0:29)* (Sprite (0xb8b83230): 0:7163)* (Sprite (0xb8b85c40): 0:4395)* (NavigationBar (0xb8b67350): 5:83) (com.android.dialer/com.android.dialer.DialtactsActivity (0xb8b78ef8): 0:111) (com.google.android.googlequicksearchbox/com.google.android.launcher.GEL (0xb8b58ea8): 4:4)* 
D/ConnectivityService(  823): updateNetworkScore for NetworkAgentInfo [WIFI () - 193] to 60
D/ConnectivityService(  823): rematching NetworkAgentInfo [WIFI () - 193]
D/ConnectivityService(  823): Network NetworkAgentInfo [WIFI () - 193] was already satisfying request 1. No change.
D/ConnectivityService(  823): notifyType AVAILABLE for NetworkAgentInfo [WIFI () - 193]
I/SFPerfTracer(  236):      triggers: (rate: 3662:181802) (compose: 0:338) (post: 0:4501) (render: 0:946) (42:948620 frames) (43:1168969)
D/SFPerfTracer(  236):        layers: (4:20) (FocusedStackFrame (0xb8b328e0): 0:4838)* (DimLayer (0xb8b344a0): 0:541)* (DimLayer (0xb8b1a240): 0:10)* (DimLayer (0xb8b1ce40): 0:5992)* (DimLayer (0xb8b1f8a8): 0:947)* (StatusBar (0xb8aa4830): 0:103519) (com.android.systemui.ImageWallpaper (0xb8b2b5e8): 0:4892) (Sprite (0xb8b430f0): 0:82748)* (Sprite (0xb8a97c28): 0:43318)* (Sprite (0xb8b65cf0): 1:68498)* (Sprite (0xb8b69508): 0:56429)* (Sprite (0xb8b51f58): 0:12555)* (Sprite (0xb8b5a150): 0:8898)* (Sprite (0xb8b720c8): 0:12137)* (Sprite (0xb8b7a7f0): 0:29)* (Sprite (0xb8b83230): 0:7163)* (Sprite (0xb8b85c40): 0:4395)* (NavigationBar (0xb8b67350): 0:102) (com.android.dialer/com.android.dialer.DialtactsActivity (0xb8b78ef8): 0:137)- (com.google.android.googlequicksearchbox/com.google.android.launcher.GEL (0xb8b58ea8): 43:99) 
I/SFPerfTracer(  236):      triggers: (rate: 0:1331) (260302 sw vsyncs) (0 skipped) (56:1998500 vsyncs) (58:2380918)
I/ActivityManager(  823): START u0 {act=android.intent.action.MAIN cat=[android.intent.category.LAUNCHER] flg=0x10200000 cmp=com.geonet.android.sampleapp/net.geofrenzy.android.sampleapp.DisplayActivity (has extras)} from uid 10046 on display 0
I/LaunchCheckinHandler(  823): Displayed com.geonet.android.sampleapp/net.geofrenzy.android.sampleapp.DisplayActivity,wp,wa,172
I/SFPerfTracer(  236):      triggers: (rate: 0:1331) (260302 sw vsyncs) (0 skipped) (55:1998617 vsyncs) (57:2381041)
V/AlarmManager(  823): sending alarm {3f38f218 type 2 *walarm*:com.google.android.location.ALARM_WAKEUP_ACTIVITY_DETECTION}
V/AlarmManager(  823): done {3f38f218, *walarm*:com.google.android.location.ALARM_WAKEUP_ACTIVITY_DETECTION} [25ms]
I/SFPerfTracer(  236):      triggers: (rate: 3662:181802) (compose: 0:338) (post: 0:4501) (render: 0:946) (16:948708 frames) (17:1169083)
D/SFPerfTracer(  236):        layers: (3:21) (FocusedStackFrame (0xb8b328e0): 0:4838)* (DimLayer (0xb8b344a0): 0:541)* (DimLayer (0xb8b1a240): 0:10)* (DimLayer (0xb8b1ce40): 0:5992)* (DimLayer (0xb8b1f8a8): 0:949)* (StatusBar (0xb8aa4830): 0:103527) (com.android.systemui.ImageWallpaper (0xb8b2b5e8): 0:4893)* (Sprite (0xb8b430f0): 0:82748)* (Sprite (0xb8a97c28): 0:43318)* (Sprite (0xb8b65cf0): 0:68524)* (Sprite (0xb8b69508): 0:56429)* (Sprite (0xb8b51f58): 0:12555)* (Sprite (0xb8b5a150): 0:8898)* (Sprite (0xb8b720c8): 0:12137)* (Sprite (0xb8b7a7f0): 0:29)* (Sprite (0xb8b83230): 0:7163)* (Sprite (0xb8b85c40): 0:4395)* (NavigationBar (0xb8b67350): 0:102) (com.google.android.googlequicksearchbox/com.google.android.launcher.GEL (0xb8b58ea8): 0:109)- (SurfaceView (0xb8b76208): 0:28)* (com.geonet.android.sampleapp/net.geofrenzy.android.sampleapp.DisplayActivity (0xb8b78ef8): 17:90) 
V/AlarmManager(  823): sending alarm {3beda18d type 3 *alarm*:send_events}
V/AlarmManager(  823): done {3beda18d, *alarm*:send_events} [20ms]
V/AlarmManager(  823): sending alarm {3f38f218 type 2 *walarm*:com.google.android.location.ALARM_WAKEUP_ACTIVITY_DETECTION}
V/AlarmManager(  823): done {3f38f218, *walarm*:com.google.android.location.ALARM_WAKEUP_ACTIVITY_DETECTION} [20ms]
I/SFPerfTracer(  236):      triggers: (rate: 0:1331) (260302 sw vsyncs) (0 skipped) (14:1998685 vsyncs) (16:2381152)
D/ConnectivityService(  823): updateNetworkScore for NetworkAgentInfo [WIFI () - 193] to 56
D/ConnectivityService(  823): rematching NetworkAgentInfo [WIFI () - 193]
D/ConnectivityService(  823): Network NetworkAgentInfo [WIFI () - 193] was already satisfying request 1. No change.
D/ConnectivityService(  823): notifyType AVAILABLE for NetworkAgentInfo [WIFI () - 193]
V/AlarmManager(  823): sending alarm {3f38f218 type 2 *walarm*:com.google.android.location.ALARM_WAKEUP_ACTIVITY_DETECTION}
V/AlarmManager(  823): done {3f38f218, *walarm*:com.google.android.location.ALARM_WAKEUP_ACTIVITY_DETECTION} [31ms]
V/AlarmManager(  823): sending alarm {3f38f218 type 2 *walarm*:com.google.android.location.ALARM_WAKEUP_ACTIVITY_DETECTION}
V/AlarmManager(  823): done {3f38f218, *walarm*:com.google.android.location.ALARM_WAKEUP_ACTIVITY_DETECTION} [29ms]
D/ConnectivityService(  823): updateNetworkScore for NetworkAgentInfo [WIFI () - 193] to 60
D/ConnectivityService(  823): rematching NetworkAgentInfo [WIFI () - 193]
D/ConnectivityService(  823): Network NetworkAgentInfo [WIFI () - 193] was already satisfying request 1. No change.
D/ConnectivityService(  823): notifyType AVAILABLE for NetworkAgentInfo [WIFI () - 193]
D/ConnectivityService(  823): updateNetworkScore for NetworkAgentInfo [WIFI () - 193] to 56
D/ConnectivityService(  823): rematching NetworkAgentInfo [WIFI () - 193]
D/ConnectivityService(  823): Network NetworkAgentInfo [WIFI () - 193] was already satisfying request 1. No change.
D/ConnectivityService(  823): notifyType AVAILABLE for NetworkAgentInfo [WIFI () - 193]
V/AlarmManager(  823): sending alarm {269cdebb type 3 *alarm*:android.intent.action.TIME_TICK}
V/AlarmManager(  823): done {269cdebb, *alarm*:android.intent.action.TIME_TICK} [57ms]
V/AlarmManager(  823): sending alarm {54d66bc type 3 *alarm*:com.google.android.gms/.lockbox.LockboxAlarmReceiver}
V/AlarmManager(  823): done {54d66bc, *alarm*:com.google.android.gms/.lockbox.LockboxAlarmReceiver} [10ms]
I/SFPerfTracer(  236):      triggers: (rate: 3662:181802) (compose: 0:338) (post: 0:4501) (render: 0:946) (0:948749 frames) (1:1169183)
D/SFPerfTracer(  236):        layers: (3:20) (FocusedStackFrame (0xb8b328e0): 0:4838)* (DimLayer (0xb8b344a0): 0:541)* (DimLayer (0xb8b1a240): 0:10)* (DimLayer (0xb8b1ce40): 0:5992)* (DimLayer (0xb8b1f8a8): 0:949)* (StatusBar (0xb8aa4830): 0:103555) (com.android.systemui.ImageWallpaper (0xb8b2b5e8): 0:4893)* (Sprite (0xb8b430f0): 0:82748)* (Sprite (0xb8a97c28): 0:43318)* (Sprite (0xb8b65cf0): 0:68537)* (Sprite (0xb8b69508): 0:56429)* (Sprite (0xb8b51f58): 0:12555)* (Sprite (0xb8b5a150): 0:8898)* (Sprite (0xb8b720c8): 0:12137)* (Sprite (0xb8b7a7f0): 0:29)* (Sprite (0xb8b83230): 0:7163)* (Sprite (0xb8b85c40): 0:4395)* (NavigationBar (0xb8b67350): 0:102) (SurfaceView (0xb8b76208): 0:28)* (com.geonet.android.sampleapp/net.geofrenzy.android.sampleapp.DisplayActivity (0xb8b78ef8): 0:132) 
I/SFPerfTracer(  236):      triggers: (rate: 0:1331) (260302 sw vsyncs) (0 skipped) (0:1998685 vsyncs) (1:2381253)
I/ActivityManager(  823): START u0 {act=android.intent.action.MAIN cat=[android.intent.category.HOME] flg=0x10200000 cmp=com.google.android.googlequicksearchbox/com.google.android.launcher.GEL} from uid 1000 on display 0
I/LaunchCheckinHandler(  823): Displayed com.google.android.googlequicksearchbox/com.google.android.launcher.GEL,wp,wa,185
D/ConnectivityService(  823): updateNetworkScore for NetworkAgentInfo [WIFI () - 193] to 60
D/ConnectivityService(  823): rematching NetworkAgentInfo [WIFI () - 193]
D/ConnectivityService(  823): Network NetworkAgentInfo [WIFI () - 193] was already satisfying request 1. No change.
D/ConnectivityService(  823): notifyType AVAILABLE for NetworkAgentInfo [WIFI () - 193]
I/SFPerfTracer(  236):      triggers: (rate: 3662:181802) (compose: 0:338) (post: 0:4501) (render: 0:946) (16:948825 frames) (17:1169288)
D/SFPerfTracer(  236):        layers: (4:21) (FocusedStackFrame (0xb8b328e0): 0:4838)* (DimLayer (0xb8b344a0): 0:541)* (DimLayer (0xb8b1a240): 0:10)* (DimLayer (0xb8b1ce40): 0:5992)* (DimLayer (0xb8b1f8a8): 0:949)* (StatusBar (0xb8aa4830): 0:103564) (com.android.systemui.ImageWallpaper (0xb8b2b5e8): 0:4894) (Sprite (0xb8b430f0): 0:82748)* (Sprite (0xb8a97c28): 0:43318)* (Sprite (0xb8b65cf0): 1:68563)* (Sprite (0xb8b69508): 0:56429)* (Sprite (0xb8b51f58): 0:12555)* (Sprite (0xb8b5a150): 0:8898)* (Sprite (0xb8b720c8): 0:12137)* (Sprite (0xb8b7a7f0): 0:29)* (Sprite (0xb8b83230): 0:7163)* (Sprite (0xb8b85c40): 0:4395)* (NavigationBar (0xb8b67350): 0:135) (SurfaceView (0xb8b76208): 0:56)- (com.geonet.android.sampleapp/net.geofrenzy.android.sampleapp.DisplayActivity (0xb8b78ef8): 0:160)- (com.google.android.googlequicksearchbox/com.google.android.launcher.GEL (0xb8b58ea8): 17:44) 
I/SFPerfTracer(  236):      triggers: (rate: 0:1331) (260302 sw vsyncs) (0 skipped) (59:1998820 vsyncs) (61:2381410)
V/AlarmManager(  823): sending alarm {3d355589 type 2 *walarm*:com.motorola.slpc.ALARM_ORIENTATION}
V/AlarmManager(  823): done {3d355589, *walarm*:com.motorola.slpc.ALARM_ORIENTATION} [6ms]
I/SFPerfTracer(  236):      triggers: (rate: 3662:181802) (compose: 0:338) (post: 0:4501) (render: 0:946) (34:948920 frames) (35:1169388)
D/SFPerfTracer(  236):        layers: (5:19) (FocusedStackFrame (0xb8b328e0): 0:4838)* (DimLayer (0xb8b344a0): 0:541)* (DimLayer (0xb8b1a240): 0:10)* (DimLayer (0xb8b1ce40): 0:5992)* (DimLayer (0xb8b1f8a8): 0:949)* (StatusBar (0xb8aa4830): 2:103567) (com.android.systemui.ImageWallpaper (0xb8b2b5e8): 0:4894) (Sprite (0xb8b430f0): 0:82748)* (Sprite (0xb8a97c28): 0:43318)* (Sprite (0xb8b65cf0): 32:68613) (Sprite (0xb8b69508): 0:56429)* (Sprite (0xb8b51f58): 0:12555)* (Sprite (0xb8b5a150): 0:8898)* (Sprite (0xb8b720c8): 0:12137)* (Sprite (0xb8b7a7f0): 0:29)* (Sprite (0xb8b83230): 0:7163)* (Sprite (0xb8b85c40): 0:4395)* (NavigationBar (0xb8b67350): 0:135) (com.google.android.googlequicksearchbox/com.google.android.launcher.GEL (0xb8b58ea8): 21:123) 
I/ActivityManager(  823): START u0 {act=android.intent.action.MAIN cat=[android.intent.category.LAUNCHER] flg=0x10200000 cmp=io.cordova.hellocordova/.MainActivity (has extras)} from uid 10046 on display 0
I/LaunchCheckinHandler(  823): Displayed io.cordova.hellocordova/.MainActivity,wp,wa,482
I/UsageStatsService(  823): User[0] Flushing usage stats to disk
I/SFPerfTracer(  236):      triggers: (rate: 0:1331) (260302 sw vsyncs) (0 skipped) (120:1998962 vsyncs) (122:2381564)
I/SFPerfTracer(  236):      triggers: (rate: 3662:181805) (compose: 0:338) (post: 0:4501) (render: 0:946) (10:949011 frames) (11:1169498)
D/SFPerfTracer(  236):        layers: (4:20) (FocusedStackFrame (0xb8b328e0): 0:4838)* (DimLayer (0xb8b344a0): 0:541)* (DimLayer (0xb8b1a240): 0:10)* (DimLayer (0xb8b1ce40): 0:5992)* (DimLayer (0xb8b1f8a8): 0:951)* (StatusBar (0xb8aa4830): 0:103569) (com.android.systemui.ImageWallpaper (0xb8b2b5e8): 0:4895)* (Sprite (0xb8b430f0): 0:82748)* (Sprite (0xb8a97c28): 0:43318)* (Sprite (0xb8b65cf0): 11:68651) (Sprite (0xb8b69508): 0:56429)* (Sprite (0xb8b51f58): 0:12555)* (Sprite (0xb8b5a150): 0:8898)* (Sprite (0xb8b720c8): 0:12137)* (Sprite (0xb8b7a7f0): 0:29)* (Sprite (0xb8b83230): 0:7163)* (Sprite (0xb8b85c40): 0:4395)* (NavigationBar (0xb8b67350): 0:135) (com.google.android.googlequicksearchbox/com.google.android.launcher.GEL (0xb8b58ea8): 0:150)- (io.cordova.hellocordova/io.cordova.hellocordova.MainActivity (0xb8b76208): 2:78) 
I/ActivityManager(  823): Start proc 2202:com.google.android.inputmethod.latin:train/u0a88 for service com.google.android.inputmethod.latin/com.google.android.apps.inputmethod.libs.dvrnn.trainingservice.DvrnnTrainingRpcService
I/SFPerfTracer(  236):      triggers: (rate: 3662:181805) (compose: 0:338) (post: 0:4502) (render: 0:946) (10:949078 frames) (11:1169590)
D/SFPerfTracer(  236):        layers: (5:20) (FocusedStackFrame (0xb8b328e0): 0:4838)* (DimLayer (0xb8b344a0): 0:541)* (DimLayer (0xb8b1a240): 0:10)* (DimLayer (0xb8b1ce40): 0:5992)* (DimLayer (0xb8b1f8a8): 0:951)* (StatusBar (0xb8aa4830): 0:103571) (com.android.systemui.ImageWallpaper (0xb8b2b5e8): 0:4895)* (Sprite (0xb8b430f0): 0:82748)* (Sprite (0xb8a97c28): 0:43318)* (Sprite (0xb8b65cf0): 11:68704) (Sprite (0xb8b69508): 0:56429)* (Sprite (0xb8b51f58): 0:12555)* (Sprite (0xb8b5a150): 0:8898)* (Sprite (0xb8b720c8): 0:12137)* (Sprite (0xb8b7a7f0): 0:29)* (Sprite (0xb8b83230): 0:7176)* (Sprite (0xb8b85c40): 0:4407)* (NavigationBar (0xb8b67350): 0:136) (io.cordova.hellocordova/io.cordova.hellocordova.MainActivity (0xb8b76208): 1:89) (InputMethod (0xb8b58ea8): 2:37) 
I/ActivityManager(  823): Process com.motorola.groundloopnoisepreventer (pid 1941) has died
D/ActivityManager(  823): cleanUpApplicationRecord -- 1941
I/SFPerfTracer(  236):      triggers: (rate: 0:1331) (260302 sw vsyncs) (0 skipped) (6:1999023 vsyncs) (8:2381671)
I/SFPerfTracer(  236):      triggers: (rate: 3662:181809) (compose: 0:338) (post: 0:4502) (render: 0:947) (7:949159 frames) (8:1169696)
D/SFPerfTracer(  236):        layers: (6:20) (FocusedStackFrame (0xb8b328e0): 0:4838)* (DimLayer (0xb8b344a0): 0:541)* (DimLayer (0xb8b1a240): 0:10)* (DimLayer (0xb8b1ce40): 0:5992)* (DimLayer (0xb8b1f8a8): 0:951)* (StatusBar (0xb8aa4830): 0:103574) (com.android.systemui.ImageWallpaper (0xb8b2b5e8): 0:4895)* (Sprite (0xb8b430f0): 0:82748)* (Sprite (0xb8a97c28): 0:43318)* (Sprite (0xb8b65cf0): 1:68756)* (Sprite (0xb8b69508): 0:56429)* (Sprite (0xb8b51f58): 0:12555)* (Sprite (0xb8b5a150): 0:8898)* (Sprite (0xb8b720c8): 0:12137)* (Sprite (0xb8b7a7f0): 0:29)* (Sprite (0xb8b83230): 7:7239) (Sprite (0xb8b85c40): 6:4413) (NavigationBar (0xb8b67350): 0:136) (io.cordova.hellocordova/io.cordova.hellocordova.MainActivity (0xb8b76208): 1:101) (InputMethod (0xb8b58ea8): 3:63) 
D/ConnectivityService(  823): updateNetworkScore for NetworkAgentInfo [WIFI () - 193] to 56
D/ConnectivityService(  823): rematching NetworkAgentInfo [WIFI () - 193]
D/ConnectivityService(  823): Network NetworkAgentInfo [WIFI () - 193] was already satisfying request 1. No change.
D/ConnectivityService(  823): notifyType AVAILABLE for NetworkAgentInfo [WIFI () - 193]
W/ResourcesManager(27939): Asset path '/system/framework/com.android.media.remotedisplay.jar' does not exist or contains no resources.
W/ResourcesManager(27939): Asset path '/system/framework/com.android.location.provider.jar' does not exist or contains no resources.
V/AlarmManager(  823): sending alarm {3dc23b2e type 3 *alarm*:send_events}
V/AlarmManager(  823): done {3dc23b2e, *alarm*:send_events} [8ms]
I/SFPerfTracer(  236):      triggers: (rate: 0:1331) (260302 sw vsyncs) (0 skipped) (0:1999090 vsyncs) (1:2381772)
D/ConnectivityService(  823): updateNetworkScore for NetworkAgentInfo [WIFI () - 193] to 60
D/ConnectivityService(  823): rematching NetworkAgentInfo [WIFI () - 193]
D/ConnectivityService(  823): Network NetworkAgentInfo [WIFI () - 193] was already satisfying request 1. No change.
D/ConnectivityService(  823): notifyType AVAILABLE for NetworkAgentInfo [WIFI () - 193]
V/AlarmManager(  823): sending alarm {25d41764 type 2 *walarm*:com.google.android.gms.gcm.ACTION_CHECK_QUEUE}
V/AlarmManager(  823): done {25d41764, *walarm*:com.google.android.gms.gcm.ACTION_CHECK_QUEUE} [49ms]
I/ActivityManager(  823): Process com.cequint.ecid (pid 2056) has died
D/ActivityManager(  823): cleanUpApplicationRecord -- 2056
D/ConnectivityService(  823): updateNetworkScore for NetworkAgentInfo [WIFI () - 193] to 56
D/ConnectivityService(  823): rematching NetworkAgentInfo [WIFI () - 193]
D/ConnectivityService(  823): Network NetworkAgentInfo [WIFI () - 193] was already satisfying request 1. No change.
D/ConnectivityService(  823): notifyType AVAILABLE for NetworkAgentInfo [WIFI () - 193]
D/ConnectivityService(  823): updateNetworkScore for NetworkAgentInfo [WIFI () - 193] to 60
D/ConnectivityService(  823): rematching NetworkAgentInfo [WIFI () - 193]
D/ConnectivityService(  823): Network NetworkAgentInfo [WIFI () - 193] was already satisfying request 1. No change.
D/ConnectivityService(  823): notifyType AVAILABLE for NetworkAgentInfo [WIFI () - 193]
V/AlarmManager(  823): sending alarm {269cdebb type 3 *alarm*:android.intent.action.TIME_TICK}
V/AlarmManager(  823): done {269cdebb, *alarm*:android.intent.action.TIME_TICK} [44ms]
V/AlarmManager(  823): sending alarm {54d66bc type 3 *alarm*:com.google.android.gms/.lockbox.LockboxAlarmReceiver}
V/AlarmManager(  823): done {54d66bc, *alarm*:com.google.android.gms/.lockbox.LockboxAlarmReceiver} [12ms]
V/AlarmManager(  823): sending alarm {3d355589 type 2 *walarm*:com.motorola.slpc.ALARM_ORIENTATION}
V/AlarmManager(  823): done {3d355589, *walarm*:com.motorola.slpc.ALARM_ORIENTATION} [19ms]
I/SFPerfTracer(  236):      triggers: (rate: 3662:181813) (compose: 0:338) (post: 0:4502) (render: 0:947) (11:949199 frames) (12:1169805)
D/SFPerfTracer(  236):        layers: (4:20) (FocusedStackFrame (0xb8b328e0): 0:4838)* (DimLayer (0xb8b344a0): 0:541)* (DimLayer (0xb8b1a240): 0:10)* (DimLayer (0xb8b1ce40): 0:5992)* (DimLayer (0xb8b1f8a8): 0:951)* (StatusBar (0xb8aa4830): 1:103604) (com.android.systemui.ImageWallpaper (0xb8b2b5e8): 0:4895)* (Sprite (0xb8b430f0): 0:82748)* (Sprite (0xb8a97c28): 0:43318)* (Sprite (0xb8b65cf0): 0:68756)* (Sprite (0xb8b69508): 0:56429)* (Sprite (0xb8b51f58): 0:12555)* (Sprite (0xb8b5a150): 0:8898)* (Sprite (0xb8b720c8): 0:12137)* (Sprite (0xb8b7a7f0): 0:29)* (Sprite (0xb8b83230): 0:7240)* (Sprite (0xb8b85c40): 11:4445) (NavigationBar (0xb8b67350): 0:137) (io.cordova.hellocordova/io.cordova.hellocordova.MainActivity (0xb8b76208): 1:106) (InputMethod (0xb8b58ea8): 0:76)- 
I/SFPerfTracer(  236):      triggers: (rate: 0:1331) (260302 sw vsyncs) (0 skipped) (5:1999098 vsyncs) (7:2381875)
D/ConnectivityService(  823): updateNetworkScore for NetworkAgentInfo [WIFI () - 193] to 56
D/ConnectivityService(  823): rematching NetworkAgentInfo [WIFI () - 193]
D/ConnectivityService(  823): Network NetworkAgentInfo [WIFI () - 193] was already satisfying request 1. No change.
D/ConnectivityService(  823): notifyType AVAILABLE for NetworkAgentInfo [WIFI () - 193]
D/ConnectivityService(  823): updateNetworkScore for NetworkAgentInfo [WIFI () - 193] to 60
D/ConnectivityService(  823): rematching NetworkAgentInfo [WIFI () - 193]
D/ConnectivityService(  823): Network NetworkAgentInfo [WIFI () - 193] was already satisfying request 1. No change.
D/ConnectivityService(  823): notifyType AVAILABLE for NetworkAgentInfo [WIFI () - 193]
D/ConnectivityService(  823): updateNetworkScore for NetworkAgentInfo [WIFI () - 193] to 56
D/ConnectivityService(  823): rematching NetworkAgentInfo [WIFI () - 193]
D/ConnectivityService(  823): Network NetworkAgentInfo [WIFI () - 193] was already satisfying request 1. No change.
D/ConnectivityService(  823): notifyType AVAILABLE for NetworkAgentInfo [WIFI () - 193]
D/ConnectivityService(  823): updateNetworkScore for NetworkAgentInfo [WIFI () - 193] to 60
D/ConnectivityService(  823): rematching NetworkAgentInfo [WIFI () - 193]
